[33mÔØ»[39m Building...
[32mÔ£ö[39m Building...
[1mInitial chunk files[22m  [2m | [22m[1mNames[22m                     [2m | [22m [1mRaw size[22m[2m | [22m[1mEstimated transfer size[22m
[32mmain-NFTJTAKS.js[39m     [2m | [22m[2mmain[22m                      [2m | [22m[36m270.72 kB[39m[2m | [22m               [36m57.36 kB[39m
[32mchunk-BYLW5I6K.js[39m    [2m | [22m[2m-[22m                         [2m | [22m[36m141.21 kB[39m[2m | [22m               [36m41.39 kB[39m
[32mpolyfills-5CFQRCPP.js[39m[2m | [22m[2mpolyfills[22m                 [2m | [22m [36m34.59 kB[39m[2m | [22m               [36m11.33 kB[39m
[32mstyles-KMNWEST2.css[39m  [2m | [22m[2mstyles[22m                    [2m | [22m [36m12.87 kB[39m[2m | [22m                [36m1.33 kB[39m

[1m [22m                    [2m | [22m[1mInitial total[22m             [2m | [22m[1m459.38 kB[22m[2m | [22m              [1m111.42 kB[22m

[1mLazy chunk files[22m     [2m | [22m[1mNames[22m                     [2m | [22m [1mRaw size[22m[2m | [22m[1mEstimated transfer size[22m
[32mchunk-75NOAR3Q.js[39m    [2m | [22m[2mdemandes-industrialisation[22m[2m | [22m[36m359 bytes[39m[2m | [22m              [36m359 bytes[39m
[32mchunk-4IZCBOZI.js[39m    [2m | [22m[2msujets-disponibles[22m        [2m | [22m[36m335 bytes[39m[2m | [22m              [36m335 bytes[39m
[32mchunk-VA3VH6PE.js[39m    [2m | [22m[2mequipes-recherche[22m         [2m | [22m[36m332 bytes[39m[2m | [22m              [36m332 bytes[39m
[32mchunk-T3JXPWOE.js[39m    [2m | [22m[2mvalidation-sujets[22m         [2m | [22m[36m332 bytes[39m[2m | [22m              [36m332 bytes[39m
[32mchunk-MEYKKY55.js[39m    [2m | [22m[2mmes-candidatures[22m          [2m | [22m[36m329 bytes[39m[2m | [22m              [36m329 bytes[39m
[32mchunk-F3NETYQU.js[39m    [2m | [22m[2mtableau-de-bord[22m           [2m | [22m[36m325 bytes[39m[2m | [22m              [36m325 bytes[39m
[32mchunk-OLU2J6LP.js[39m    [2m | [22m[2mmes-projets[22m               [2m | [22m[36m314 bytes[39m[2m | [22m              [36m314 bytes[39m
[32mchunk-W7CLNDJV.js[39m    [2m | [22m[2mcatalogue[22m                 [2m | [22m[36m309 bytes[39m[2m | [22m              [36m309 bytes[39m

Application bundle generation failed. [2.494 seconds] - 2026-06-21T19:16:09.778Z

npx : [1m[33m[33mÔû▓ 
[43;33m[[43;30mWARNING[43;33m][0m 
[1msrc/app/backoffice/users/users.component.css 
exceeded maximum budget. Budget 2.00 kB was not 
met by 5.08 kB with a total of 7.08 kB.[0m
Au caractère Ligne:1 : 1
+ npx ng build 2>&1 | Out-File -FilePath 
build_full.log -Encoding utf8
+ ~~~~~~~~~~~~~~~~~
    + CategoryInfo          : NotSpecified: ([1m 
   [33m[33mÔ...of 7.08 kB.[0m:String) [], Rem  
  oteException
    + FullyQualifiedErrorId : NativeCommandError
 


[33mÔû▓ [43;33m[[43;30mWARNING[43;33m][0m [1
msrc/app/frontoffice/frontoffice-layout/frontoffic
e-layout.css exceeded maximum budget. Budget 2.00 
kB was not met by 482 bytes with a total of 2.48 
kB.[0m


[33mÔû▓ [43;33m[[43;30mWARNING[43;33m][0m [1
msrc/app/backoffice/backoffice-layout/backoffice-l
ayout.component.css exceeded maximum budget. 
Budget 2.00 kB was not met by 2.73 kB with a 
total of 4.73 kB.[0m


[33mÔû▓ [43;33m[[43;30mWARNING[43;33m][0m [1
msrc/app/backoffice/research-teams/research-teams.
component.css exceeded maximum budget. Budget 
2.00 kB was not met by 2.88 kB with a total of 
4.88 kB.[0m

[39m[22m
[1m[31m[31mX 
[41;31m[[41;97mERROR[41;31m][0m 
[1msrc/app/backoffice/users/users.component.css 
exceeded maximum budget. Budget 4.00 kB was not 
met by 3.08 kB with a total of 7.08 kB.[0m


[31mX [41;31m[[41;97mERROR[41;31m][0m [1msrc
/app/backoffice/backoffice-layout/backoffice-layou
t.component.css exceeded maximum budget. Budget 
4.00 kB was not met by 728 bytes with a total of 
4.73 kB.[0m


[31mX [41;31m[[41;97mERROR[41;31m][0m [1msrc
/app/backoffice/research-teams/research-teams.comp
onent.css exceeded maximum budget. Budget 4.00 kB 
was not met by 885 bytes with a total of 4.88 
kB.[0m

[39m[22m
