
> esprittech-frontend@0.0.0 build
> ng build

[33m‘ÿª[39m Building...
[32m‘£ˆ[39m Building...
[1mInitial chunk files[22m  [2m | [22m[1mNames[22m                        [2m | [22m [1mRaw size[22m[2m | [22m[1mEstimated transfer size[22m
[32mmain-CS2YBNQO.js[39m     [2m | [22m[2mmain[22m                         [2m | [22m[36m196.63 kB[39m[2m | [22m               [36m41.92 kB[39m
[32mchunk-RS7JK65W.js[39m    [2m | [22m[2m-[22m                            [2m | [22m[36m142.72 kB[39m[2m | [22m               [36m41.82 kB[39m
[32mchunk-ZILLYPVH.js[39m    [2m | [22m[2m-[22m                            [2m | [22m [36m80.31 kB[39m[2m | [22m               [36m17.45 kB[39m
[32mpolyfills-5CFQRCPP.js[39m[2m | [22m[2mpolyfills[22m                    [2m | [22m [36m34.59 kB[39m[2m | [22m               [36m11.33 kB[39m
[32mstyles-HFCGBROK.css[39m  [2m | [22m[2mstyles[22m                       [2m | [22m [36m13.00 kB[39m[2m | [22m                [36m1.37 kB[39m

[1m [22m                    [2m | [22m[1mInitial total[22m                [2m | [22m[1m467.24 kB[22m[2m | [22m              [1m113.89 kB[22m

[1mLazy chunk files[22m     [2m | [22m[1mNames[22m                        [2m | [22m [1mRaw size[22m[2m | [22m[1mEstimated transfer size[22m
[32mchunk-QRGOP25F.js[39m    [2m | [22m[2madmin-criteres-page-component[22m[2m | [22m [36m30.57 kB[39m[2m | [22m                [36m5.72 kB[39m
[32mchunk-76O7BGM5.js[39m    [2m | [22m[2mevaluation-page-component[22m    [2m | [22m [36m12.74 kB[39m[2m | [22m                [36m3.50 kB[39m
[32mchunk-VIKCC7X4.js[39m    [2m | [22m[2m-[22m                            [2m | [22m  [36m1.33 kB[39m[2m | [22m              [36m344 bytes[39m
[32mchunk-DYKBZWDT.js[39m    [2m | [22m[2mdemandes-industrialisation[22m   [2m | [22m[36m359 bytes[39m[2m | [22m              [36m359 bytes[39m
[32mchunk-DYYP7LPV.js[39m    [2m | [22m[2msujets-disponibles[22m           [2m | [22m[36m335 bytes[39m[2m | [22m              [36m335 bytes[39m
[32mchunk-GRV23CEU.js[39m    [2m | [22m[2mvalidation-sujets[22m            [2m | [22m[36m332 bytes[39m[2m | [22m              [36m332 bytes[39m
[32mchunk-33TGWUYA.js[39m    [2m | [22m[2mequipes-recherche[22m            [2m | [22m[36m332 bytes[39m[2m | [22m              [36m332 bytes[39m
[32mchunk-TU4ATLAY.js[39m    [2m | [22m[2mmes-candidatures[22m             [2m | [22m[36m329 bytes[39m[2m | [22m              [36m329 bytes[39m
[32mchunk-H7DWPF2A.js[39m    [2m | [22m[2mtableau-de-bord[22m              [2m | [22m[36m325 bytes[39m[2m | [22m              [36m325 bytes[39m
[32mchunk-KBGES2WM.js[39m    [2m | [22m[2mmes-projets[22m                  [2m | [22m[36m314 bytes[39m[2m | [22m              [36m314 bytes[39m
[32mchunk-I2KQ6NQL.js[39m    [2m | [22m[2mcatalogue[22m                    [2m | [22m[36m309 bytes[39m[2m | [22m              [36m309 bytes[39m

Application bundle generation complete. [7.267 seconds] - 2026-06-24T12:58:19.284Z

Output location: D:\ESPRIT\4eme\Stage_Ing+Ænieur_ete\Projet1_CatalaogueIndustrialisation\DEV\FrontendAngular\industrialisationprojet_frontend\dist\esprittech-frontend

