[32m20 07 2026 13:34:51.548:INFO [karma-server]: [39mKarma v6.4.4 server started at http://localhost:9876/
[32m20 07 2026 13:34:51.551:INFO [launcher]: [39mLaunching browsers ChromeHeadlessNoSandbox with concurrency unlimited
[32m20 07 2026 13:34:51.554:INFO [launcher]: [39mStarting browser ChromeHeadless
[32m20 07 2026 13:34:52.727:INFO [Chrome Headless 150.0.0.0 (Windows 10)]: [39mConnected on socket xNub153Z47hFEJtGAAAB with id 63496540
Chrome Headless 150.0.0.0 (Windows 10): Executed 0 of 1460[32m SUCCESS[39m (0 secs / 0 secs)
[1A[2KChrome Headless 150.0.0.0 (Windows 10): Executed 1 of 1460[32m SUCCESS[39m (0 secs / 0.011 secs)
[1A[2KChrome Headless 150.0.0.0 (Windows 10): Executed 2 of 1460[32m SUCCESS[39m (0 secs / 0.013 secs)
[1A[2KChrome Headless 150.0.0.0 (Windows 10): Executed 3 of 1460[32m SUCCESS[39m (0 secs / 0.018 secs)
[1A[2KChrome Headless 150.0.0.0 (Windows 10): Executed 4 of 1460[32m SUCCESS[39m (0 secs / 0.02 secs)
[1A[2KChrome Headless 150.0.0.0 (Windows 10): Executed 5 of 1460[32m SUCCESS[39m (0 secs / 0.022 secs)
[1A[2KChrome Headless 150.0.0.0 (Windows 10): Executed 6 of 1460[32m SUCCESS[39m (0 secs / 0.023 secs)
[1A[2KChrome Headless 150.0.0.0 (Windows 10): Executed 7 of 1460[32m SUCCESS[39m (0 secs / 0.025 secs)
[1A[2KChrome Headless 150.0.0.0 (Windows 10): Executed 8 of 1460[32m SUCCESS[39m (0 secs / 0.026 secs)
[1A[2KChrome Headless 150.0.0.0 (Windows 10): Executed 9 of 1460[32m SUCCESS[39m (0 secs / 0.027 secs)
[1A[2KChrome Headless 150.0.0.0 (Windows 10): Executed 10 of 1460[32m SUCCESS[39m (0 secs / 0.028 secs)
[1A[2KChrome Headless 150.0.0.0 (Windows 10): Executed 11 of 1460[32m SUCCESS[39m (0 secs / 0.033 secs)
[1A[2KChrome Headless 150.0.0.0 (Windows 10): Executed 12 of 1460[32m SUCCESS[39m (0 secs / 0.034 secs)
[1A[2KChrome Headless 150.0.0.0 (Windows 10): Executed 13 of 1460[32m SUCCESS[39m (0 secs / 0.035 secs)
[1A[2KChrome Headless 150.0.0.0 (Windows 10): Executed 14 of 1460[32m SUCCESS[39m (0 secs / 0.036 secs)
[1A[2KChrome Headless 150.0.0.0 (Windows 10): Executed 15 of 1460[32m SUCCESS[39m (0 secs / 0.037 secs)
[1A[2KChrome Headless 150.0.0.0 (Windows 10): Executed 16 of 1460[32m SUCCESS[39m (0 secs / 0.038 secs)
[1A[2KChrome Headless 150.0.0.0 (Windows 10): Executed 17 of 1460[32m SUCCESS[39m (0 secs / 0.039 secs)
[1A[2KChrome Headless 150.0.0.0 (Windows 10): Executed 18 of 1460[32m SUCCESS[39m (0 secs / 0.039 secs)
[1A[2KChrome Headless 150.0.0.0 (Windows 10): Executed 19 of 1460[32m SUCCESS[39m (0 secs / 0.04 secs)
[1A[2KChrome Headless 150.0.0.0 (Windows 10): Executed 20 of 1460[32m SUCCESS[39m (0 secs / 0.041 secs)
[1A[2KChrome Headless 150.0.0.0 (Windows 10): Executed 21 of 1460[32m SUCCESS[39m (0 secs / 0.042 secs)
[1A[2KChrome Headless 150.0.0.0 (Windows 10): Executed 22 of 1460[32m SUCCESS[39m (0 secs / 0.042 secs)
[1A[2KChrome Headless 150.0.0.0 (Windows 10): Executed 23 of 1460[32m SUCCESS[39m (0 secs / 0.129 secs)
[1A[2KChrome Headless 150.0.0.0 (Windows 10): Executed 24 of 1460[32m SUCCESS[39m (0 secs / 0.133 secs)
[1A[2KChrome Headless 150.0.0.0 (Windows 10): Executed 25 of 1460[32m SUCCESS[39m (0 secs / 0.136 secs)
[1A[2KChrome Headless 150.0.0.0 (Windows 10): Executed 26 of 1460[32m SUCCESS[39m (0 secs / 0.141 secs)
[1A[2KChrome Headless 150.0.0.0 (Windows 10): Executed 27 of 1460[32m SUCCESS[39m (0 secs / 0.144 secs)
[1A[2KChrome Headless 150.0.0.0 (Windows 10): Executed 28 of 1460[32m SUCCESS[39m (0 secs / 0.15 secs)
[1A[2KChrome Headless 150.0.0.0 (Windows 10): Executed 29 of 1460[32m SUCCESS[39m (0 secs / 0.153 secs)
[1A[2KChrome Headless 150.0.0.0 (Windows 10): Executed 30 of 1460[32m SUCCESS[39m (0 secs / 0.156 secs)
[1A[2KChrome Headless 150.0.0.0 (Windows 10): Executed 31 of 1460[32m SUCCESS[39m (0 secs / 0.159 secs)
[1A[2KChrome Headless 150.0.0.0 (Windows 10): Executed 32 of 1460[32m SUCCESS[39m (0 secs / 0.162 secs)
[1A[2KChrome Headless 150.0.0.0 (Windows 10): Executed 33 of 1460[32m SUCCESS[39m (0 secs / 0.165 secs)
[1A[2KChrome Headless 150.0.0.0 (Windows 10): Executed 34 of 1460[32m SUCCESS[39m (0 secs / 0.167 secs)
[1A[2KChrome Headless 150.0.0.0 (Windows 10): Executed 35 of 1460[32m SUCCESS[39m (0 secs / 0.169 secs)
[1A[2KChrome Headless 150.0.0.0 (Windows 10): Executed 36 of 1460[32m SUCCESS[39m (0 secs / 0.172 secs)
[1A[2KChrome Headless 150.0.0.0 (Windows 10): Executed 37 of 1460[32m SUCCESS[39m (0 secs / 0.174 secs)
[1A[2KChrome Headless 150.0.0.0 (Windows 10): Executed 38 of 1460[32m SUCCESS[39m (0 secs / 0.177 secs)
[1A[2KChrome Headless 150.0.0.0 (Windows 10): Executed 39 of 1460[32m SUCCESS[39m (0 secs / 0.18 secs)
[1A[2KChrome Headless 150.0.0.0 (Windows 10): Executed 40 of 1460[32m SUCCESS[39m (0 secs / 0.182 secs)
[1A[2KChrome Headless 150.0.0.0 (Windows 10): Executed 41 of 1460[32m SUCCESS[39m (0 secs / 0.184 secs)
[1A[2KChrome Headless 150.0.0.0 (Windows 10): Executed 42 of 1460[32m SUCCESS[39m (0 secs / 0.186 secs)
[1A[2KChrome Headless 150.0.0.0 (Windows 10): Executed 43 of 1460[32m SUCCESS[39m (0 secs / 0.188 secs)
[1A[2KChrome Headless 150.0.0.0 (Windows 10): Executed 44 of 1460[32m SUCCESS[39m (0 secs / 0.191 secs)
[1A[2KChrome Headless 150.0.0.0 (Windows 10): Executed 45 of 1460[32m SUCCESS[39m (0 secs / 0.193 secs)
[1A[2KChrome Headless 150.0.0.0 (Windows 10): Executed 46 of 1460[32m SUCCESS[39m (0 secs / 0.195 secs)
[1A[2KChrome Headless 150.0.0.0 (Windows 10): Executed 47 of 1460[32m SUCCESS[39m (0 secs / 0.197 secs)
[1A[2KChrome Headless 150.0.0.0 (Windows 10): Executed 48 of 1460[32m SUCCESS[39m (0 secs / 0.199 secs)
[1A[2KChrome Headless 150.0.0.0 (Windows 10): Executed 49 of 1460[32m SUCCESS[39m (0 secs / 0.2 secs)
[1A[2KChrome Headless 150.0.0.0 (Windows 10): Executed 50 of 1460[32m SUCCESS[39m (0 secs / 0.202 secs)
[1A[2KChrome Headless 150.0.0.0 (Windows 10): Executed 51 of 1460[32m SUCCESS[39m (0 secs / 0.204 secs)
[1A[2KChrome Headless 150.0.0.0 (Windows 10): Executed 52 of 1460[32m SUCCESS[39m (0 secs / 0.206 secs)
[1A[2KChrome Headless 150.0.0.0 (Windows 10): Executed 53 of 1460[32m SUCCESS[39m (0 secs / 0.207 secs)
[1A[2KChrome Headless 150.0.0.0 (Windows 10): Executed 54 of 1460[32m SUCCESS[39m (0 secs / 0.208 secs)
[1A[2KChrome Headless 150.0.0.0 (Windows 10): Executed 55 of 1460[32m SUCCESS[39m (0 secs / 0.209 secs)
[1A[2KChrome Headless 150.0.0.0 (Windows 10): Executed 56 of 1460[32m SUCCESS[39m (0 secs / 0.21 secs)
[1A[2KChrome Headless 150.0.0.0 (Windows 10): Executed 57 of 1460[32m SUCCESS[39m (0 secs / 0.211 secs)
[1A[2KChrome Headless 150.0.0.0 (Windows 10): Executed 58 of 1460[32m SUCCESS[39m (0 secs / 0.212 secs)
[1A[2KChrome Headless 150.0.0.0 (Windows 10): Executed 59 of 1460[32m SUCCESS[39m (0 secs / 0.213 secs)
[1A[2KChrome Headless 150.0.0.0 (Windows 10): Executed 60 of 1460[32m SUCCESS[39m (0 secs / 0.214 secs)
[1A[2KChrome Headless 150.0.0.0 (Windows 10): Executed 61 of 1460[32m SUCCESS[39m (0 secs / 0.215 secs)
[1A[2KChrome Headless 150.0.0.0 (Windows 10): Executed 62 of 1460[32m SUCCESS[39m (0 secs / 0.216 secs)
[1A[2KChrome Headless 150.0.0.0 (Windows 10): Executed 63 of 1460[32m SUCCESS[39m (0 secs / 0.217 secs)
[1A[2KChrome Headless 150.0.0.0 (Windows 10): Executed 64 of 1460[32m SUCCESS[39m (0 secs / 0.218 secs)
[1A[2KChrome Headless 150.0.0.0 (Windows 10): Executed 65 of 1460[32m SUCCESS[39m (0 secs / 0.324 secs)
[1A[2KChrome Headless 150.0.0.0 (Windows 10): Executed 66 of 1460[32m SUCCESS[39m (0 secs / 0.327 secs)
[1A[2K[31mChrome Headless 150.0.0.0 (Windows 10) SujetDetail industrialisation warnings should show missing livrables warning and keep submit enabled FAILED[39m
	Expected ' Retour ├á mes sujets  RDI  R├⌐alisation termin├⌐e #42Plateforme IoTDescAMEncadrantAli Mansour├ëquipeΓÇöDomaineIoTP├⌐riode2026-01-01ΓåÆ ΓÇªDur├⌐eΓÇöCapacit├⌐0 / 11 place encore disponible. Informations  Membres  Candidatures  Livrables  Historique ├ëvaluation├ëvaluation du projet Recalculer score  Derni├¿re ├⌐valuation disponible pour ce projet termin├⌐. Aucune ├⌐valuation enregistr├⌐e pour ce projet. Description ΓÇ£├Ç propos du sujetDescObjectifsCe qui sera accompli1Obj Stack technique  Angular  Pr├⌐requis ┬╖ Classes  Mots-cl├⌐s #Angular' to contain 'Aucun livrable nest d├⌐pos├⌐ pour ce projet. La CI verra cette alerte.'.
	    at <Jasmine>
	    at UserContext.apply (src/app/frontoffice/pages/sujets/sujet-detail/sujet-detail.spec.ts:217:47)
	    at _ZoneDelegate.invoke (node_modules/zone.js/fesm2015/zone.js:398:28)
	    at ProxyZoneSpec.onInvoke (node_modules/zone.js/fesm2015/zone-testing.js:2132:39)
	    at _ZoneDelegate.invoke (node_modules/zone.js/fesm2015/zone.js:397:34)
	Expected undefined to be false.
	    at <Jasmine>
	    at UserContext.apply (src/app/frontoffice/pages/sujets/sujet-detail/sujet-detail.spec.ts:221:36)
	    at _ZoneDelegate.invoke (node_modules/zone.js/fesm2015/zone.js:398:28)
	    at ProxyZoneSpec.onInvoke (node_modules/zone.js/fesm2015/zone-testing.js:2132:39)
	    at _ZoneDelegate.invoke (node_modules/zone.js/fesm2015/zone.js:397:34)
Chrome Headless 150.0.0.0 (Windows 10): Executed 67 of 1460[31m (1 FAILED)[39m (0 secs / 0.339 secs)
[1A[2KChrome Headless 150.0.0.0 (Windows 10): Executed 68 of 1460[31m (1 FAILED)[39m (0 secs / 0.358 secs)
[1A[2KChrome Headless 150.0.0.0 (Windows 10): Executed 69 of 1460[31m (1 FAILED)[39m (0 secs / 0.36 secs)
[1A[2KChrome Headless 150.0.0.0 (Windows 10): Executed 70 of 1460[31m (1 FAILED)[39m (0 secs / 0.363 secs)
[1A[2KChrome Headless 150.0.0.0 (Windows 10): Executed 71 of 1460[31m (1 FAILED)[39m (0 secs / 0.366 secs)
[1A[2KChrome Headless 150.0.0.0 (Windows 10): Executed 72 of 1460[31m (1 FAILED)[39m (0 secs / 0.368 secs)
[1A[2KChrome Headless 150.0.0.0 (Windows 10): Executed 73 of 1460[31m (1 FAILED)[39m (0 secs / 0.369 secs)
[1A[2KChrome Headless 150.0.0.0 (Windows 10): Executed 74 of 1460[31m (1 FAILED)[39m (0 secs / 0.37 secs)
[1A[2KWARN: [36m'Spec 'AjouterProjetModal submit with invalid form does not call API' has no expectations.'[39m
Chrome Headless 150.0.0.0 (Windows 10): Executed 74 of 1460[31m (1 FAILED)[39m (0 secs / 0.37 secs)
WARN: 'Spec 'AjouterProjetModal submit with invalid form does not call API' has no expectations.'
[1A[2KChrome Headless 150.0.0.0 (Windows 10): Executed 75 of 1460[31m (1 FAILED)[39m (0 secs / 0.372 secs)
[1A[2KChrome Headless 150.0.0.0 (Windows 10): Executed 76 of 1460[31m (1 FAILED)[39m (0 secs / 0.374 secs)
[1A[2KChrome Headless 150.0.0.0 (Windows 10): Executed 77 of 1460[31m (1 FAILED)[39m (0 secs / 0.377 secs)
[1A[2KChrome Headless 150.0.0.0 (Windows 10): Executed 78 of 1460[31m (1 FAILED)[39m (0 secs / 0.379 secs)
[1A[2KChrome Headless 150.0.0.0 (Windows 10): Executed 79 of 1460[31m (1 FAILED)[39m (0 secs / 0.38 secs)
[1A[2KChrome Headless 150.0.0.0 (Windows 10): Executed 80 of 1460[31m (1 FAILED)[39m (0 secs / 0.382 secs)
[1A[2KChrome Headless 150.0.0.0 (Windows 10): Executed 81 of 1460[31m (1 FAILED)[39m (0 secs / 0.384 secs)
[1A[2KChrome Headless 150.0.0.0 (Windows 10): Executed 82 of 1460[31m (1 FAILED)[39m (0 secs / 0.386 secs)
[1A[2KChrome Headless 150.0.0.0 (Windows 10): Executed 83 of 1460[31m (1 FAILED)[39m (0 secs / 0.388 secs)
[1A[2KChrome Headless 150.0.0.0 (Windows 10): Executed 84 of 1460[31m (1 FAILED)[39m (0 secs / 0.39 secs)
[1A[2KChrome Headless 150.0.0.0 (Windows 10): Executed 85 of 1460[31m (1 FAILED)[39m (0 secs / 0.392 secs)
[1A[2KChrome Headless 150.0.0.0 (Windows 10): Executed 86 of 1460[31m (1 FAILED)[39m (0 secs / 0.394 secs)
[1A[2KChrome Headless 150.0.0.0 (Windows 10): Executed 87 of 1460[31m (1 FAILED)[39m (0 secs / 0.395 secs)
[1A[2KChrome Headless 150.0.0.0 (Windows 10): Executed 88 of 1460[31m (1 FAILED)[39m (0 secs / 0.402 secs)
[1A[2KChrome Headless 150.0.0.0 (Windows 10): Executed 89 of 1460[31m (1 FAILED)[39m (0 secs / 0.403 secs)
[1A[2KChrome Headless 150.0.0.0 (Windows 10): Executed 90 of 1460[31m (1 FAILED)[39m (0 secs / 0.404 secs)
[1A[2KChrome Headless 150.0.0.0 (Windows 10): Executed 91 of 1460[31m (1 FAILED)[39m (0 secs / 0.405 secs)
[1A[2KChrome Headless 150.0.0.0 (Windows 10): Executed 92 of 1460[31m (1 FAILED)[39m (0 secs / 0.406 secs)
[1A[2KChrome Headless 150.0.0.0 (Windows 10): Executed 93 of 1460[31m (1 FAILED)[39m (0 secs / 0.408 secs)
[1A[2KChrome Headless 150.0.0.0 (Windows 10): Executed 94 of 1460[31m (1 FAILED)[39m (0 secs / 0.409 secs)
[1A[2KChrome Headless 150.0.0.0 (Windows 10): Executed 95 of 1460[31m (1 FAILED)[39m (0 secs / 0.41 secs)
[1A[2KChrome Headless 150.0.0.0 (Windows 10): Executed 96 of 1460[31m (1 FAILED)[39m (0 secs / 0.411 secs)
[1A[2KChrome Headless 150.0.0.0 (Windows 10): Executed 97 of 1460[31m (1 FAILED)[39m (0 secs / 0.411 secs)
[1A[2KChrome Headless 150.0.0.0 (Windows 10): Executed 98 of 1460[31m (1 FAILED)[39m (0 secs / 0.412 secs)
[1A[2KChrome Headless 150.0.0.0 (Windows 10): Executed 99 of 1460[31m (1 FAILED)[39m (0 secs / 0.413 secs)
[1A[2KChrome Headless 150.0.0.0 (Windows 10): Executed 100 of 1460[31m (1 FAILED)[39m (0 secs / 0.415 secs)
[1A[2KChrome Headless 150.0.0.0 (Windows 10): Executed 101 of 1460[31m (1 FAILED)[39m (0 secs / 0.417 secs)
[1A[2KChrome Headless 150.0.0.0 (Windows 10): Executed 102 of 1460[31m (1 FAILED)[39m (0 secs / 0.419 secs)
[1A[2KChrome Headless 150.0.0.0 (Windows 10): Executed 103 of 1460[31m (1 FAILED)[39m (0 secs / 0.42 secs)
[1A[2KChrome Headless 150.0.0.0 (Windows 10): Executed 104 of 1460[31m (1 FAILED)[39m (0 secs / 0.422 secs)
[1A[2KChrome Headless 150.0.0.0 (Windows 10): Executed 105 of 1460[31m (1 FAILED)[39m (0 secs / 0.423 secs)
[1A[2KChrome Headless 150.0.0.0 (Windows 10): Executed 106 of 1460[31m (1 FAILED)[39m (0 secs / 0.424 secs)
[1A[2K[31mChrome Headless 150.0.0.0 (Windows 10) AjouterMembreModal initiales should handle double spaces in names FAILED[39m
	Expected 'J' to be 'JD'.
	    at <Jasmine>
	    at UserContext.apply (src/app/frontoffice/pages/equipes-recherche/ajouter-membre-modal/ajouter-membre-modal.spec.ts:203:38)
	    at _ZoneDelegate.invoke (node_modules/zone.js/fesm2015/zone.js:398:28)
	    at ProxyZoneSpec.onInvoke (node_modules/zone.js/fesm2015/zone-testing.js:2132:39)
	    at _ZoneDelegate.invoke (node_modules/zone.js/fesm2015/zone.js:397:34)
Chrome Headless 150.0.0.0 (Windows 10): Executed 107 of 1460[31m (2 FAILED)[39m (0 secs / 0.425 secs)
[1A[2KChrome Headless 150.0.0.0 (Windows 10): Executed 108 of 1460[31m (2 FAILED)[39m (0 secs / 0.426 secs)
[1A[2KChrome Headless 150.0.0.0 (Windows 10): Executed 109 of 1460[31m (2 FAILED)[39m (0 secs / 0.427 secs)
[1A[2KChrome Headless 150.0.0.0 (Windows 10): Executed 110 of 1460[31m (2 FAILED)[39m (0 secs / 0.429 secs)
[1A[2KChrome Headless 150.0.0.0 (Windows 10): Executed 111 of 1460[31m (2 FAILED)[39m (0 secs / 0.433 secs)
[1A[2KChrome Headless 150.0.0.0 (Windows 10): Executed 112 of 1460[31m (2 FAILED)[39m (0 secs / 0.461 secs)
[1A[2KChrome Headless 150.0.0.0 (Windows 10): Executed 113 of 1460[31m (2 FAILED)[39m (0 secs / 0.466 secs)
[1A[2KChrome Headless 150.0.0.0 (Windows 10): Executed 114 of 1460[31m (2 FAILED)[39m (0 secs / 0.473 secs)
[1A[2KChrome Headless 150.0.0.0 (Windows 10): Executed 115 of 1460[31m (2 FAILED)[39m (0 secs / 0.477 secs)
[1A[2KChrome Headless 150.0.0.0 (Windows 10): Executed 116 of 1460[31m (2 FAILED)[39m (0 secs / 0.481 secs)
[1A[2KChrome Headless 150.0.0.0 (Windows 10): Executed 117 of 1460[31m (2 FAILED)[39m (0 secs / 0.485 secs)
[1A[2KChrome Headless 150.0.0.0 (Windows 10): Executed 118 of 1460[31m (2 FAILED)[39m (0 secs / 0.489 secs)
[1A[2KChrome Headless 150.0.0.0 (Windows 10): Executed 119 of 1460[31m (2 FAILED)[39m (0 secs / 0.493 secs)
[1A[2KChrome Headless 150.0.0.0 (Windows 10): Executed 120 of 1460[31m (2 FAILED)[39m (0 secs / 0.497 secs)
[1A[2KChrome Headless 150.0.0.0 (Windows 10): Executed 121 of 1460[31m (2 FAILED)[39m (0 secs / 0.501 secs)
[1A[2KChrome Headless 150.0.0.0 (Windows 10): Executed 122 of 1460[31m (2 FAILED)[39m (0 secs / 0.504 secs)
[1A[2KChrome Headless 150.0.0.0 (Windows 10): Executed 123 of 1460[31m (2 FAILED)[39m (0 secs / 0.508 secs)
[1A[2KChrome Headless 150.0.0.0 (Windows 10): Executed 124 of 1460[31m (2 FAILED)[39m (0 secs / 0.511 secs)
[1A[2KChrome Headless 150.0.0.0 (Windows 10): Executed 125 of 1460[31m (2 FAILED)[39m (0 secs / 0.515 secs)
[1A[2KChrome Headless 150.0.0.0 (Windows 10): Executed 126 of 1460[31m (2 FAILED)[39m (0 secs / 0.518 secs)
[1A[2KChrome Headless 150.0.0.0 (Windows 10): Executed 127 of 1460[31m (2 FAILED)[39m (0 secs / 0.522 secs)
[1A[2KChrome Headless 150.0.0.0 (Windows 10): Executed 128 of 1460[31m (2 FAILED)[39m (0 secs / 0.525 secs)
[1A[2KChrome Headless 150.0.0.0 (Windows 10): Executed 129 of 1460[31m (2 FAILED)[39m (0 secs / 0.529 secs)
[1A[2KChrome Headless 150.0.0.0 (Windows 10): Executed 130 of 1460[31m (2 FAILED)[39m (0 secs / 0.532 secs)
[1A[2KChrome Headless 150.0.0.0 (Windows 10): Executed 131 of 1460[31m (2 FAILED)[39m (0 secs / 0.548 secs)
[1A[2KChrome Headless 150.0.0.0 (Windows 10): Executed 132 of 1460[31m (2 FAILED)[39m (0 secs / 0.55 secs)
[1A[2KChrome Headless 150.0.0.0 (Windows 10): Executed 133 of 1460[31m (2 FAILED)[39m (0 secs / 0.551 secs)
[1A[2KChrome Headless 150.0.0.0 (Windows 10): Executed 134 of 1460[31m (2 FAILED)[39m (0 secs / 0.553 secs)
[1A[2KChrome Headless 150.0.0.0 (Windows 10): Executed 135 of 1460[31m (2 FAILED)[39m (0 secs / 0.554 secs)
[1A[2KChrome Headless 150.0.0.0 (Windows 10): Executed 136 of 1460[31m (2 FAILED)[39m (0 secs / 0.556 secs)
[1A[2KChrome Headless 150.0.0.0 (Windows 10): Executed 137 of 1460[31m (2 FAILED)[39m (0 secs / 0.558 secs)
[1A[2KChrome Headless 150.0.0.0 (Windows 10): Executed 138 of 1460[31m (2 FAILED)[39m (0 secs / 0.559 secs)
[1A[2KChrome Headless 150.0.0.0 (Windows 10): Executed 139 of 1460[31m (2 FAILED)[39m (0 secs / 0.56 secs)
[1A[2KChrome Headless 150.0.0.0 (Windows 10): Executed 140 of 1460[31m (2 FAILED)[39m (0 secs / 0.56 secs)
[1A[2KChrome Headless 150.0.0.0 (Windows 10): Executed 141 of 1460[31m (2 FAILED)[39m (0 secs / 0.56 secs)
[1A[2KChrome Headless 150.0.0.0 (Windows 10): Executed 142 of 1460[31m (2 FAILED)[39m (0 secs / 0.584 secs)
[1A[2KChrome Headless 150.0.0.0 (Windows 10): Executed 143 of 1460[31m (2 FAILED)[39m (0 secs / 0.587 secs)
[1A[2KChrome Headless 150.0.0.0 (Windows 10): Executed 144 of 1460[31m (2 FAILED)[39m (0 secs / 0.59 secs)
[1A[2KChrome Headless 150.0.0.0 (Windows 10): Executed 145 of 1460[31m (2 FAILED)[39m (0 secs / 0.593 secs)
[1A[2KChrome Headless 150.0.0.0 (Windows 10): Executed 146 of 1460[31m (2 FAILED)[39m (0 secs / 0.596 secs)
[1A[2KChrome Headless 150.0.0.0 (Windows 10): Executed 147 of 1460[31m (2 FAILED)[39m (0 secs / 0.599 secs)
[1A[2KChrome Headless 150.0.0.0 (Windows 10): Executed 148 of 1460[31m (2 FAILED)[39m (0 secs / 0.602 secs)
[1A[2KChrome Headless 150.0.0.0 (Windows 10): Executed 149 of 1460[31m (2 FAILED)[39m (0 secs / 0.621 secs)
[1A[2KChrome Headless 150.0.0.0 (Windows 10): Executed 150 of 1460[31m (2 FAILED)[39m (0 secs / 0.629 secs)
[1A[2KChrome Headless 150.0.0.0 (Windows 10): Executed 151 of 1460[31m (2 FAILED)[39m (0 secs / 0.636 secs)
[1A[2KChrome Headless 150.0.0.0 (Windows 10): Executed 152 of 1460[31m (2 FAILED)[39m (0 secs / 0.655 secs)
[1A[2KChrome Headless 150.0.0.0 (Windows 10): Executed 153 of 1460[31m (2 FAILED)[39m (0 secs / 0.659 secs)
[1A[2KChrome Headless 150.0.0.0 (Windows 10): Executed 154 of 1460[31m (2 FAILED)[39m (0 secs / 0.664 secs)
[1A[2KChrome Headless 150.0.0.0 (Windows 10): Executed 155 of 1460[31m (2 FAILED)[39m (0 secs / 0.668 secs)
[1A[2KChrome Headless 150.0.0.0 (Windows 10): Executed 156 of 1460[31m (2 FAILED)[39m (0 secs / 0.672 secs)
[1A[2KChrome Headless 150.0.0.0 (Windows 10): Executed 157 of 1460[31m (2 FAILED)[39m (0 secs / 0.675 secs)
[1A[2KChrome Headless 150.0.0.0 (Windows 10): Executed 158 of 1460[31m (2 FAILED)[39m (0 secs / 0.679 secs)
[1A[2KChrome Headless 150.0.0.0 (Windows 10): Executed 159 of 1460[31m (2 FAILED)[39m (0 secs / 0.683 secs)
[1A[2KChrome Headless 150.0.0.0 (Windows 10): Executed 160 of 1460[31m (2 FAILED)[39m (0 secs / 0.686 secs)
[1A[2KChrome Headless 150.0.0.0 (Windows 10): Executed 161 of 1460[31m (2 FAILED)[39m (0 secs / 0.689 secs)
[1A[2KChrome Headless 150.0.0.0 (Windows 10): Executed 162 of 1460[31m (2 FAILED)[39m (0 secs / 0.692 secs)
[1A[2KChrome Headless 150.0.0.0 (Windows 10): Executed 163 of 1460[31m (2 FAILED)[39m (0 secs / 0.698 secs)
[1A[2KChrome Headless 150.0.0.0 (Windows 10): Executed 164 of 1460[31m (2 FAILED)[39m (0 secs / 0.703 secs)
[1A[2KChrome Headless 150.0.0.0 (Windows 10): Executed 165 of 1460[31m (2 FAILED)[39m (0 secs / 0.708 secs)
[1A[2KChrome Headless 150.0.0.0 (Windows 10): Executed 166 of 1460[31m (2 FAILED)[39m (0 secs / 0.711 secs)
[1A[2KChrome Headless 150.0.0.0 (Windows 10): Executed 167 of 1460[31m (2 FAILED)[39m (0 secs / 0.714 secs)
[1A[2KChrome Headless 150.0.0.0 (Windows 10): Executed 168 of 1460[31m (2 FAILED)[39m (0 secs / 0.717 secs)
[1A[2KChrome Headless 150.0.0.0 (Windows 10): Executed 169 of 1460[31m (2 FAILED)[39m (0 secs / 0.72 secs)
[1A[2KChrome Headless 150.0.0.0 (Windows 10): Executed 170 of 1460[31m (2 FAILED)[39m (0 secs / 0.723 secs)
[1A[2KChrome Headless 150.0.0.0 (Windows 10): Executed 171 of 1460[31m (2 FAILED)[39m (0 secs / 0.726 secs)
[1A[2KChrome Headless 150.0.0.0 (Windows 10): Executed 172 of 1460[31m (2 FAILED)[39m (0 secs / 0.729 secs)
[1A[2KChrome Headless 150.0.0.0 (Windows 10): Executed 173 of 1460[31m (2 FAILED)[39m (0 secs / 0.732 secs)
[1A[2KChrome Headless 150.0.0.0 (Windows 10): Executed 174 of 1460[31m (2 FAILED)[39m (0 secs / 0.734 secs)
[1A[2KChrome Headless 150.0.0.0 (Windows 10): Executed 175 of 1460[31m (2 FAILED)[39m (0 secs / 0.736 secs)
[1A[2KChrome Headless 150.0.0.0 (Windows 10): Executed 176 of 1460[31m (2 FAILED)[39m (0 secs / 0.739 secs)
[1A[2KChrome Headless 150.0.0.0 (Windows 10): Executed 177 of 1460[31m (2 FAILED)[39m (0 secs / 0.742 secs)
[1A[2KChrome Headless 150.0.0.0 (Windows 10): Executed 178 of 1460[31m (2 FAILED)[39m (0 secs / 0.745 secs)
[1A[2KChrome Headless 150.0.0.0 (Windows 10): Executed 179 of 1460[31m (2 FAILED)[39m (0 secs / 0.747 secs)
[1A[2KChrome Headless 150.0.0.0 (Windows 10): Executed 180 of 1460[31m (2 FAILED)[39m (0 secs / 0.75 secs)
[1A[2KChrome Headless 150.0.0.0 (Windows 10): Executed 181 of 1460[31m (2 FAILED)[39m (0 secs / 0.752 secs)
[1A[2KChrome Headless 150.0.0.0 (Windows 10): Executed 182 of 1460[31m (2 FAILED)[39m (0 secs / 0.756 secs)
[1A[2KChrome Headless 150.0.0.0 (Windows 10): Executed 183 of 1460[31m (2 FAILED)[39m (0 secs / 0.759 secs)
[1A[2KChrome Headless 150.0.0.0 (Windows 10): Executed 184 of 1460[31m (2 FAILED)[39m (0 secs / 0.762 secs)
[1A[2KChrome Headless 150.0.0.0 (Windows 10): Executed 185 of 1460[31m (2 FAILED)[39m (0 secs / 0.765 secs)
[1A[2KChrome Headless 150.0.0.0 (Windows 10): Executed 186 of 1460[31m (2 FAILED)[39m (0 secs / 0.768 secs)
[1A[2KChrome Headless 150.0.0.0 (Windows 10): Executed 187 of 1460[31m (2 FAILED)[39m (0 secs / 0.771 secs)
[1A[2KChrome Headless 150.0.0.0 (Windows 10): Executed 188 of 1460[31m (2 FAILED)[39m (0 secs / 0.774 secs)
[1A[2KChrome Headless 150.0.0.0 (Windows 10): Executed 189 of 1460[31m (2 FAILED)[39m (0 secs / 0.777 secs)
[1A[2KChrome Headless 150.0.0.0 (Windows 10): Executed 190 of 1460[31m (2 FAILED)[39m (0 secs / 0.779 secs)
[1A[2KChrome Headless 150.0.0.0 (Windows 10): Executed 191 of 1460[31m (2 FAILED)[39m (0 secs / 0.783 secs)
[1A[2KChrome Headless 150.0.0.0 (Windows 10): Executed 192 of 1460[31m (2 FAILED)[39m (0 secs / 0.786 secs)
[1A[2KChrome Headless 150.0.0.0 (Windows 10): Executed 193 of 1460[31m (2 FAILED)[39m (0 secs / 0.789 secs)
[1A[2KChrome Headless 150.0.0.0 (Windows 10): Executed 194 of 1460[31m (2 FAILED)[39m (0 secs / 0.792 secs)
[1A[2KChrome Headless 150.0.0.0 (Windows 10): Executed 195 of 1460[31m (2 FAILED)[39m (0 secs / 0.796 secs)
[1A[2KChrome Headless 150.0.0.0 (Windows 10): Executed 196 of 1460[31m (2 FAILED)[39m (0 secs / 0.799 secs)
[1A[2KChrome Headless 150.0.0.0 (Windows 10): Executed 197 of 1460[31m (2 FAILED)[39m (0 secs / 0.802 secs)
[1A[2KChrome Headless 150.0.0.0 (Windows 10): Executed 198 of 1460[31m (2 FAILED)[39m (0 secs / 0.805 secs)
[1A[2KChrome Headless 150.0.0.0 (Windows 10): Executed 199 of 1460[31m (2 FAILED)[39m (0 secs / 0.807 secs)
[1A[2KChrome Headless 150.0.0.0 (Windows 10): Executed 200 of 1460[31m (2 FAILED)[39m (0 secs / 0.811 secs)
[1A[2KChrome Headless 150.0.0.0 (Windows 10): Executed 201 of 1460[31m (2 FAILED)[39m (0 secs / 0.814 secs)
[1A[2KChrome Headless 150.0.0.0 (Windows 10): Executed 202 of 1460[31m (2 FAILED)[39m (0 secs / 0.817 secs)
[1A[2KChrome Headless 150.0.0.0 (Windows 10): Executed 203 of 1460[31m (2 FAILED)[39m (0 secs / 0.819 secs)
[1A[2KChrome Headless 150.0.0.0 (Windows 10): Executed 204 of 1460[31m (2 FAILED)[39m (0 secs / 0.822 secs)
[1A[2KChrome Headless 150.0.0.0 (Windows 10): Executed 205 of 1460[31m (2 FAILED)[39m (0 secs / 0.825 secs)
[1A[2KChrome Headless 150.0.0.0 (Windows 10): Executed 206 of 1460[31m (2 FAILED)[39m (0 secs / 0.828 secs)
[1A[2KChrome Headless 150.0.0.0 (Windows 10): Executed 207 of 1460[31m (2 FAILED)[39m (0 secs / 0.831 secs)
[1A[2KChrome Headless 150.0.0.0 (Windows 10): Executed 208 of 1460[31m (2 FAILED)[39m (0 secs / 0.834 secs)
[1A[2KChrome Headless 150.0.0.0 (Windows 10): Executed 209 of 1460[31m (2 FAILED)[39m (0 secs / 0.846 secs)
[1A[2KChrome Headless 150.0.0.0 (Windows 10): Executed 210 of 1460[31m (2 FAILED)[39m (0 secs / 0.85 secs)
[1A[2KChrome Headless 150.0.0.0 (Windows 10): Executed 211 of 1460[31m (2 FAILED)[39m (0 secs / 0.854 secs)
[1A[2KChrome Headless 150.0.0.0 (Windows 10): Executed 212 of 1460[31m (2 FAILED)[39m (0 secs / 0.861 secs)
[1A[2KChrome Headless 150.0.0.0 (Windows 10): Executed 213 of 1460[31m (2 FAILED)[39m (0 secs / 0.863 secs)
[1A[2KChrome Headless 150.0.0.0 (Windows 10): Executed 214 of 1460[31m (2 FAILED)[39m (0 secs / 0.866 secs)
[1A[2KChrome Headless 150.0.0.0 (Windows 10): Executed 215 of 1460[31m (2 FAILED)[39m (0 secs / 0.869 secs)
[1A[2KChrome Headless 150.0.0.0 (Windows 10): Executed 216 of 1460[31m (2 FAILED)[39m (0 secs / 0.872 secs)
[1A[2KChrome Headless 150.0.0.0 (Windows 10): Executed 217 of 1460[31m (2 FAILED)[39m (0 secs / 0.876 secs)
[1A[2KChrome Headless 150.0.0.0 (Windows 10): Executed 218 of 1460[31m (2 FAILED)[39m (0 secs / 0.88 secs)
[1A[2KChrome Headless 150.0.0.0 (Windows 10): Executed 219 of 1460[31m (2 FAILED)[39m (0 secs / 0.885 secs)
[1A[2KChrome Headless 150.0.0.0 (Windows 10): Executed 220 of 1460[31m (2 FAILED)[39m (0 secs / 0.889 secs)
[1A[2KChrome Headless 150.0.0.0 (Windows 10): Executed 221 of 1460[31m (2 FAILED)[39m (0 secs / 0.892 secs)
[1A[2KChrome Headless 150.0.0.0 (Windows 10): Executed 222 of 1460[31m (2 FAILED)[39m (0 secs / 0.897 secs)
[1A[2KChrome Headless 150.0.0.0 (Windows 10): Executed 223 of 1460[31m (2 FAILED)[39m (0 secs / 0.9 secs)
[1A[2KChrome Headless 150.0.0.0 (Windows 10): Executed 224 of 1460[31m (2 FAILED)[39m (0 secs / 0.905 secs)
[1A[2KChrome Headless 150.0.0.0 (Windows 10): Executed 225 of 1460[31m (2 FAILED)[39m (0 secs / 0.909 secs)
[1A[2KChrome Headless 150.0.0.0 (Windows 10): Executed 226 of 1460[31m (2 FAILED)[39m (0 secs / 0.912 secs)
[1A[2KChrome Headless 150.0.0.0 (Windows 10): Executed 227 of 1460[31m (2 FAILED)[39m (0 secs / 0.915 secs)
[1A[2KChrome Headless 150.0.0.0 (Windows 10): Executed 228 of 1460[31m (2 FAILED)[39m (0 secs / 0.918 secs)
[1A[2KChrome Headless 150.0.0.0 (Windows 10): Executed 229 of 1460[31m (2 FAILED)[39m (0 secs / 0.922 secs)
[1A[2KChrome Headless 150.0.0.0 (Windows 10): Executed 230 of 1460[31m (2 FAILED)[39m (0 secs / 0.926 secs)
[1A[2KChrome Headless 150.0.0.0 (Windows 10): Executed 231 of 1460[31m (2 FAILED)[39m (0 secs / 0.929 secs)
[1A[2KChrome Headless 150.0.0.0 (Windows 10): Executed 232 of 1460[31m (2 FAILED)[39m (0 secs / 0.932 secs)
[1A[2KChrome Headless 150.0.0.0 (Windows 10): Executed 233 of 1460[31m (2 FAILED)[39m (0 secs / 0.935 secs)
[1A[2KChrome Headless 150.0.0.0 (Windows 10): Executed 234 of 1460[31m (2 FAILED)[39m (0 secs / 0.939 secs)
[1A[2KChrome Headless 150.0.0.0 (Windows 10): Executed 235 of 1460[31m (2 FAILED)[39m (0 secs / 0.942 secs)
[1A[2KChrome Headless 150.0.0.0 (Windows 10): Executed 236 of 1460[31m (2 FAILED)[39m (0 secs / 0.945 secs)
[1A[2KChrome Headless 150.0.0.0 (Windows 10): Executed 237 of 1460[31m (2 FAILED)[39m (0 secs / 1.004 secs)
[1A[2KChrome Headless 150.0.0.0 (Windows 10): Executed 238 of 1460[31m (2 FAILED)[39m (0 secs / 1.009 secs)
[1A[2KChrome Headless 150.0.0.0 (Windows 10): Executed 239 of 1460[31m (2 FAILED)[39m (0 secs / 1.014 secs)
[1A[2KChrome Headless 150.0.0.0 (Windows 10): Executed 240 of 1460[31m (2 FAILED)[39m (0 secs / 1.018 secs)
[1A[2KChrome Headless 150.0.0.0 (Windows 10): Executed 241 of 1460[31m (2 FAILED)[39m (0 secs / 1.022 secs)
[1A[2KChrome Headless 150.0.0.0 (Windows 10): Executed 242 of 1460[31m (2 FAILED)[39m (0 secs / 1.028 secs)
[1A[2K[31mChrome Headless 150.0.0.0 (Windows 10) SujetsDisponibles should handle loadMesCandidatures error silently FAILED[39m
	Expected 1 to be 0.
	    at <Jasmine>
	    at UserContext.apply (src/app/frontoffice/pages/sujets/sujets-disponibles/sujets-disponibles.spec.ts:242:52)
	    at _ZoneDelegate.invoke (node_modules/zone.js/fesm2015/zone.js:398:28)
	    at ProxyZoneSpec.onInvoke (node_modules/zone.js/fesm2015/zone-testing.js:2132:39)
	    at _ZoneDelegate.invoke (node_modules/zone.js/fesm2015/zone.js:397:34)
Chrome Headless 150.0.0.0 (Windows 10): Executed 243 of 1460[31m (3 FAILED)[39m (0 secs / 1.033 secs)
[1A[2KChrome Headless 150.0.0.0 (Windows 10): Executed 244 of 1460[31m (3 FAILED)[39m (0 secs / 1.037 secs)
[1A[2KChrome Headless 150.0.0.0 (Windows 10): Executed 245 of 1460[31m (3 FAILED)[39m (0 secs / 1.042 secs)
[1A[2KChrome Headless 150.0.0.0 (Windows 10): Executed 246 of 1460[31m (3 FAILED)[39m (0 secs / 1.046 secs)
[1A[2KChrome Headless 150.0.0.0 (Windows 10): Executed 247 of 1460[31m (3 FAILED)[39m (0 secs / 1.05 secs)
[1A[2KChrome Headless 150.0.0.0 (Windows 10): Executed 248 of 1460[31m (3 FAILED)[39m (0 secs / 1.054 secs)
[1A[2KChrome Headless 150.0.0.0 (Windows 10): Executed 249 of 1460[31m (3 FAILED)[39m (0 secs / 1.058 secs)
[1A[2KChrome Headless 150.0.0.0 (Windows 10): Executed 250 of 1460[31m (3 FAILED)[39m (0 secs / 1.062 secs)
[1A[2KChrome Headless 150.0.0.0 (Windows 10): Executed 251 of 1460[31m (3 FAILED)[39m (0 secs / 1.066 secs)
[1A[2KChrome Headless 150.0.0.0 (Windows 10): Executed 252 of 1460[31m (3 FAILED)[39m (0 secs / 1.071 secs)
[1A[2KChrome Headless 150.0.0.0 (Windows 10): Executed 253 of 1460[31m (3 FAILED)[39m (0 secs / 1.076 secs)
[1A[2KChrome Headless 150.0.0.0 (Windows 10): Executed 254 of 1460[31m (3 FAILED)[39m (0 secs / 1.084 secs)
[1A[2KChrome Headless 150.0.0.0 (Windows 10): Executed 255 of 1460[31m (3 FAILED)[39m (0 secs / 1.089 secs)
[1A[2KChrome Headless 150.0.0.0 (Windows 10): Executed 256 of 1460[31m (3 FAILED)[39m (0 secs / 1.094 secs)
[1A[2KChrome Headless 150.0.0.0 (Windows 10): Executed 257 of 1460[31m (3 FAILED)[39m (0 secs / 1.099 secs)
[1A[2KChrome Headless 150.0.0.0 (Windows 10): Executed 258 of 1460[31m (3 FAILED)[39m (0 secs / 1.103 secs)
[1A[2KChrome Headless 150.0.0.0 (Windows 10): Executed 259 of 1460[31m (3 FAILED)[39m (0 secs / 1.107 secs)
[1A[2KChrome Headless 150.0.0.0 (Windows 10): Executed 260 of 1460[31m (3 FAILED)[39m (0 secs / 1.11 secs)
[1A[2KChrome Headless 150.0.0.0 (Windows 10): Executed 261 of 1460[31m (3 FAILED)[39m (0 secs / 1.114 secs)
[1A[2KChrome Headless 150.0.0.0 (Windows 10): Executed 262 of 1460[31m (3 FAILED)[39m (0 secs / 1.145 secs)
[1A[2KChrome Headless 150.0.0.0 (Windows 10): Executed 263 of 1460[31m (3 FAILED)[39m (0 secs / 1.15 secs)
[1A[2KChrome Headless 150.0.0.0 (Windows 10): Executed 264 of 1460[31m (3 FAILED)[39m (0 secs / 1.155 secs)
[1A[2KERROR: [36m'Erreur lors du chargement des sujets disponibles:', Error: Network error
Error: Network error
    at errorFactory (http://localhost:9876/_karma_webpack_/webpack:/src/app/frontoffice/pages/sujets/sujets-disponibles/sujets-disponibles.spec.ts:147:75)
    at Observable._subscribe (http://localhost:9876/_karma_webpack_/webpack:/node_modules/rxjs/dist/esm/internal/observable/throwError.js:5:51)
    at Observable._trySubscribe (http://localhost:9876/_karma_webpack_/webpack:/node_modules/rxjs/dist/esm/internal/Observable.js:37:25)
    at cb (http://localhost:9876/_karma_webpack_/webpack:/node_modules/rxjs/dist/esm/internal/Observable.js:31:30)
    at errorContext (http://localhost:9876/_karma_webpack_/webpack:/node_modules/rxjs/dist/esm/internal/util/errorContext.js:19:9)
    at Observable.subscribe (http://localhost:9876/_karma_webpack_/webpack:/node_modules/rxjs/dist/esm/internal/Observable.js:22:21)
    at SujetsDisponibles.loadSujets (http://localhost:9876/_karma_webpack_/webpack:/src/app/frontoffice/pages/sujets/sujets-disponibles/sujets-disponibles.ts:78:61)
    at UserContext.apply (http://localhost:9876/_karma_webpack_/webpack:/src/app/frontoffice/pages/sujets/sujets-disponibles/sujets-disponibles.spec.ts:148:15)
    at _ZoneDelegate.invoke (http://localhost:9876/_karma_webpack_/webpack:/node_modules/zone.js/fesm2015/zone.js:398:28)
    at ProxyZoneSpec.onInvoke (http://localhost:9876/_karma_webpack_/webpack:/node_modules/zone.js/fesm2015/zone-testing.js:2132:39)[39m
Chrome Headless 150.0.0.0 (Windows 10): Executed 264 of 1460[31m (3 FAILED)[39m (0 secs / 1.155 secs)
ERROR: 'Erreur lors du chargement des sujets disponibles:', Error: Network error
Error: Network error
    at errorFactory (http://localhost:9876/_karma_webpack_/webpack:/src/app/frontoffice/pages/sujets/sujets-disponibles/sujets-disponibles.spec.ts:147:75)
    at Observable._subscribe (http://localhost:9876/_karma_webpack_/webpack:/node_modules/rxjs/dist/esm/internal/observable/throwError.js:5:51)
    at Observable._trySubscribe (http://localhost:9876/_karma_webpack_/webpack:/node_modules/rxjs/dist/esm/internal/Observable.js:37:25)
    at cb (http://localhost:9876/_karma_webpack_/webpack:/node_modules/rxjs/dist/esm/internal/Observable.js:31:30)
    at errorContext (http://localhost:9876/_karma_webpack_/webpack:/node_modules/rxjs/dist/esm/internal/util/errorContext.js:19:9)
    at Observable.subscribe (http://localhost:9876/_karma_webpack_/webpack:/node_modules/rxjs/dist/esm/internal/Observable.js:22:21)
    at SujetsDisponibles.loadSujets (http://localhost:9876/_karma_webpack_/webpack:/src/app/frontoffice/pages/sujets/sujets-disponibles/sujets-disponibles.ts:78:61)
    at UserContext.apply (http://localhost:9876/_karma_webpack_/webpack:/src/app/frontoffice/pages/sujets/sujets-disponibles/sujets-disponibles.spec.ts:148:15)
    at _ZoneDelegate.invoke (http://localhost:9876/_karma_webpack_/webpack:/node_modules/zone.js/fesm2015/zone.js:398:28)
    at ProxyZoneSpec.onInvoke (http://localhost:9876/_karma_webpack_/webpack:/node_modules/zone.js/fesm2015/zone-testing.js:2132:39)
[1A[2KChrome Headless 150.0.0.0 (Windows 10): Executed 265 of 1460[31m (3 FAILED)[39m (0 secs / 1.159 secs)
[1A[2KChrome Headless 150.0.0.0 (Windows 10): Executed 266 of 1460[31m (3 FAILED)[39m (0 secs / 1.163 secs)
[1A[2KChrome Headless 150.0.0.0 (Windows 10): Executed 267 of 1460[31m (3 FAILED)[39m (0 secs / 1.168 secs)
[1A[2KChrome Headless 150.0.0.0 (Windows 10): Executed 268 of 1460[31m (3 FAILED)[39m (0 secs / 1.172 secs)
[1A[2KChrome Headless 150.0.0.0 (Windows 10): Executed 269 of 1460[31m (3 FAILED)[39m (0 secs / 1.212 secs)
[1A[2KChrome Headless 150.0.0.0 (Windows 10): Executed 270 of 1460[31m (3 FAILED)[39m (0 secs / 1.213 secs)
[1A[2KChrome Headless 150.0.0.0 (Windows 10): Executed 271 of 1460[31m (3 FAILED)[39m (0 secs / 1.214 secs)
[1A[2KChrome Headless 150.0.0.0 (Windows 10): Executed 272 of 1460[31m (3 FAILED)[39m (0 secs / 1.215 secs)
[1A[2KChrome Headless 150.0.0.0 (Windows 10): Executed 273 of 1460[31m (3 FAILED)[39m (0 secs / 1.216 secs)
[1A[2KChrome Headless 150.0.0.0 (Windows 10): Executed 274 of 1460[31m (3 FAILED)[39m (0 secs / 1.216 secs)
[1A[2KChrome Headless 150.0.0.0 (Windows 10): Executed 275 of 1460[31m (3 FAILED)[39m (0 secs / 1.218 secs)
[1A[2KChrome Headless 150.0.0.0 (Windows 10): Executed 276 of 1460[31m (3 FAILED)[39m (0 secs / 1.236 secs)
[1A[2KChrome Headless 150.0.0.0 (Windows 10): Executed 277 of 1460[31m (3 FAILED)[39m (0 secs / 1.239 secs)
[1A[2KChrome Headless 150.0.0.0 (Windows 10): Executed 278 of 1460[31m (3 FAILED)[39m (0 secs / 1.241 secs)
[1A[2KChrome Headless 150.0.0.0 (Windows 10): Executed 279 of 1460[31m (3 FAILED)[39m (0 secs / 1.243 secs)
[1A[2KChrome Headless 150.0.0.0 (Windows 10): Executed 280 of 1460[31m (3 FAILED)[39m (0 secs / 1.245 secs)
[1A[2KChrome Headless 150.0.0.0 (Windows 10): Executed 281 of 1460[31m (3 FAILED)[39m (0 secs / 1.247 secs)
[1A[2KChrome Headless 150.0.0.0 (Windows 10): Executed 282 of 1460[31m (3 FAILED)[39m (0 secs / 1.25 secs)
[1A[2KChrome Headless 150.0.0.0 (Windows 10): Executed 283 of 1460[31m (3 FAILED)[39m (0 secs / 1.252 secs)
[1A[2KChrome Headless 150.0.0.0 (Windows 10): Executed 284 of 1460[31m (3 FAILED)[39m (0 secs / 1.253 secs)
[1A[2KChrome Headless 150.0.0.0 (Windows 10): Executed 285 of 1460[31m (3 FAILED)[39m (0 secs / 1.255 secs)
[1A[2KChrome Headless 150.0.0.0 (Windows 10): Executed 286 of 1460[31m (3 FAILED)[39m (0 secs / 1.257 secs)
[1A[2KChrome Headless 150.0.0.0 (Windows 10): Executed 287 of 1460[31m (3 FAILED)[39m (0 secs / 1.266 secs)
[1A[2KChrome Headless 150.0.0.0 (Windows 10): Executed 288 of 1460[31m (3 FAILED)[39m (0 secs / 1.268 secs)
[1A[2KChrome Headless 150.0.0.0 (Windows 10): Executed 289 of 1460[31m (3 FAILED)[39m (0 secs / 1.27 secs)
[1A[2KChrome Headless 150.0.0.0 (Windows 10): Executed 290 of 1460[31m (3 FAILED)[39m (0 secs / 1.271 secs)
[1A[2KChrome Headless 150.0.0.0 (Windows 10): Executed 291 of 1460[31m (3 FAILED)[39m (0 secs / 1.272 secs)
[1A[2KChrome Headless 150.0.0.0 (Windows 10): Executed 292 of 1460[31m (3 FAILED)[39m (0 secs / 1.273 secs)
[1A[2KChrome Headless 150.0.0.0 (Windows 10): Executed 293 of 1460[31m (3 FAILED)[39m (0 secs / 1.274 secs)
[1A[2KChrome Headless 150.0.0.0 (Windows 10): Executed 294 of 1460[31m (3 FAILED)[39m (0 secs / 1.274 secs)
[1A[2KChrome Headless 150.0.0.0 (Windows 10): Executed 295 of 1460[31m (3 FAILED)[39m (0 secs / 1.275 secs)
[1A[2KChrome Headless 150.0.0.0 (Windows 10): Executed 296 of 1460[31m (3 FAILED)[39m (0 secs / 1.276 secs)
[1A[2KChrome Headless 150.0.0.0 (Windows 10): Executed 297 of 1460[31m (3 FAILED)[39m (0 secs / 1.277 secs)
[1A[2KChrome Headless 150.0.0.0 (Windows 10): Executed 298 of 1460[31m (3 FAILED)[39m (0 secs / 1.277 secs)
[1A[2KChrome Headless 150.0.0.0 (Windows 10): Executed 299 of 1460[31m (3 FAILED)[39m (0 secs / 1.277 secs)
[1A[2KChrome Headless 150.0.0.0 (Windows 10): Executed 300 of 1460[31m (3 FAILED)[39m (0 secs / 1.277 secs)
[1A[2KChrome Headless 150.0.0.0 (Windows 10): Executed 301 of 1460[31m (3 FAILED)[39m (0 secs / 1.277 secs)
[1A[2KWARN: [36m'Spec 'NotificationService loadMore should not fetch if hasMore is false' has no expectations.'[39m
Chrome Headless 150.0.0.0 (Windows 10): Executed 301 of 1460[31m (3 FAILED)[39m (0 secs / 1.277 secs)
WARN: 'Spec 'NotificationService loadMore should not fetch if hasMore is false' has no expectations.'
[1A[2KChrome Headless 150.0.0.0 (Windows 10): Executed 302 of 1460[31m (3 FAILED)[39m (0 secs / 1.278 secs)
[1A[2KChrome Headless 150.0.0.0 (Windows 10): Executed 303 of 1460[31m (3 FAILED)[39m (0 secs / 1.279 secs)
[1A[2KChrome Headless 150.0.0.0 (Windows 10): Executed 304 of 1460[31m (3 FAILED)[39m (0 secs / 1.28 secs)
[1A[2KChrome Headless 150.0.0.0 (Windows 10): Executed 305 of 1460[31m (3 FAILED)[39m (0 secs / 1.28 secs)
[1A[2KChrome Headless 150.0.0.0 (Windows 10): Executed 306 of 1460[31m (3 FAILED)[39m (0 secs / 1.281 secs)
[1A[2KChrome Headless 150.0.0.0 (Windows 10): Executed 307 of 1460[31m (3 FAILED)[39m (0 secs / 1.282 secs)
[1A[2KChrome Headless 150.0.0.0 (Windows 10): Executed 308 of 1460[31m (3 FAILED)[39m (0 secs / 1.283 secs)
[1A[2KChrome Headless 150.0.0.0 (Windows 10): Executed 309 of 1460[31m (3 FAILED)[39m (0 secs / 1.283 secs)
[1A[2KWARN: [36m'Spec 'CandidatureService accepterCandidature should POST to correct URL' has no expectations.'[39m
Chrome Headless 150.0.0.0 (Windows 10): Executed 309 of 1460[31m (3 FAILED)[39m (0 secs / 1.283 secs)
WARN: 'Spec 'CandidatureService accepterCandidature should POST to correct URL' has no expectations.'
[1A[2KChrome Headless 150.0.0.0 (Windows 10): Executed 310 of 1460[31m (3 FAILED)[39m (0 secs / 1.284 secs)
[1A[2KChrome Headless 150.0.0.0 (Windows 10): Executed 311 of 1460[31m (3 FAILED)[39m (0 secs / 1.285 secs)
[1A[2KWARN: [36m'Spec 'CandidatureService fermerCandidatures should POST to correct URL' has no expectations.'[39m
Chrome Headless 150.0.0.0 (Windows 10): Executed 311 of 1460[31m (3 FAILED)[39m (0 secs / 1.285 secs)
WARN: 'Spec 'CandidatureService fermerCandidatures should POST to correct URL' has no expectations.'
[1A[2KChrome Headless 150.0.0.0 (Windows 10): Executed 312 of 1460[31m (3 FAILED)[39m (0 secs / 1.287 secs)
[1A[2KWARN: [36m'Spec 'CandidatureService ouvrirCandidatures should POST to correct URL' has no expectations.'[39m
Chrome Headless 150.0.0.0 (Windows 10): Executed 312 of 1460[31m (3 FAILED)[39m (0 secs / 1.287 secs)
WARN: 'Spec 'CandidatureService ouvrirCandidatures should POST to correct URL' has no expectations.'
[1A[2KChrome Headless 150.0.0.0 (Windows 10): Executed 313 of 1460[31m (3 FAILED)[39m (0 secs / 1.288 secs)
[1A[2KWARN: [36m'Spec 'CandidatureService getAffectationsParSujet should GET from correct URL' has no expectations.'[39m
Chrome Headless 150.0.0.0 (Windows 10): Executed 313 of 1460[31m (3 FAILED)[39m (0 secs / 1.288 secs)
WARN: 'Spec 'CandidatureService getAffectationsParSujet should GET from correct URL' has no expectations.'
[1A[2KChrome Headless 150.0.0.0 (Windows 10): Executed 314 of 1460[31m (3 FAILED)[39m (0 secs / 1.288 secs)
[1A[2KChrome Headless 150.0.0.0 (Windows 10): Executed 315 of 1460[31m (3 FAILED)[39m (0 secs / 1.289 secs)
[1A[2KWARN: [36m'Spec 'CandidatureService declarerTerminaison should POST to correct URL' has no expectations.'[39m
Chrome Headless 150.0.0.0 (Windows 10): Executed 315 of 1460[31m (3 FAILED)[39m (0 secs / 1.289 secs)
WARN: 'Spec 'CandidatureService declarerTerminaison should POST to correct URL' has no expectations.'
[1A[2KChrome Headless 150.0.0.0 (Windows 10): Executed 316 of 1460[31m (3 FAILED)[39m (0 secs / 1.29 secs)
[1A[2KChrome Headless 150.0.0.0 (Windows 10): Executed 317 of 1460[31m (3 FAILED)[39m (0 secs / 1.291 secs)
[1A[2KWARN: [36m'Spec 'CandidatureService getCandidaturesParSujet should GET from correct URL' has no expectations.'[39m
Chrome Headless 150.0.0.0 (Windows 10): Executed 317 of 1460[31m (3 FAILED)[39m (0 secs / 1.291 secs)
WARN: 'Spec 'CandidatureService getCandidaturesParSujet should GET from correct URL' has no expectations.'
[1A[2KChrome Headless 150.0.0.0 (Windows 10): Executed 318 of 1460[31m (3 FAILED)[39m (0 secs / 1.291 secs)
[1A[2KWARN: [36m'Spec 'CandidatureService getMesCandidatures should GET from correct URL' has no expectations.'[39m
Chrome Headless 150.0.0.0 (Windows 10): Executed 318 of 1460[31m (3 FAILED)[39m (0 secs / 1.291 secs)
WARN: 'Spec 'CandidatureService getMesCandidatures should GET from correct URL' has no expectations.'
[1A[2KChrome Headless 150.0.0.0 (Windows 10): Executed 319 of 1460[31m (3 FAILED)[39m (0 secs / 1.292 secs)
[1A[2KChrome Headless 150.0.0.0 (Windows 10): Executed 320 of 1460[31m (3 FAILED)[39m (0 secs / 1.304 secs)
[1A[2KChrome Headless 150.0.0.0 (Windows 10): Executed 321 of 1460[31m (3 FAILED)[39m (0 secs / 1.306 secs)
[1A[2KChrome Headless 150.0.0.0 (Windows 10): Executed 322 of 1460[31m (3 FAILED)[39m (0 secs / 1.308 secs)
[1A[2KChrome Headless 150.0.0.0 (Windows 10): Executed 323 of 1460[31m (3 FAILED)[39m (0 secs / 1.311 secs)
[1A[2KChrome Headless 150.0.0.0 (Windows 10): Executed 324 of 1460[31m (3 FAILED)[39m (0 secs / 1.313 secs)
[1A[2KChrome Headless 150.0.0.0 (Windows 10): Executed 325 of 1460[31m (3 FAILED)[39m (0 secs / 1.315 secs)
[1A[2KChrome Headless 150.0.0.0 (Windows 10): Executed 326 of 1460[31m (3 FAILED)[39m (0 secs / 1.318 secs)
[1A[2KChrome Headless 150.0.0.0 (Windows 10): Executed 327 of 1460[31m (3 FAILED)[39m (0 secs / 1.319 secs)
[1A[2KChrome Headless 150.0.0.0 (Windows 10): Executed 328 of 1460[31m (3 FAILED)[39m (0 secs / 1.32 secs)
[1A[2KChrome Headless 150.0.0.0 (Windows 10): Executed 329 of 1460[31m (3 FAILED)[39m (0 secs / 1.323 secs)
[1A[2KChrome Headless 150.0.0.0 (Windows 10): Executed 330 of 1460[31m (3 FAILED)[39m (0 secs / 1.325 secs)
[1A[2KChrome Headless 150.0.0.0 (Windows 10): Executed 331 of 1460[31m (3 FAILED)[39m (0 secs / 1.328 secs)
[1A[2KChrome Headless 150.0.0.0 (Windows 10): Executed 332 of 1460[31m (3 FAILED)[39m (0 secs / 1.33 secs)
[1A[2KChrome Headless 150.0.0.0 (Windows 10): Executed 333 of 1460[31m (3 FAILED)[39m (0 secs / 1.333 secs)
[1A[2KChrome Headless 150.0.0.0 (Windows 10): Executed 334 of 1460[31m (3 FAILED)[39m (0 secs / 1.336 secs)
[1A[2KChrome Headless 150.0.0.0 (Windows 10): Executed 335 of 1460[31m (3 FAILED)[39m (0 secs / 1.339 secs)
[1A[2KChrome Headless 150.0.0.0 (Windows 10): Executed 336 of 1460[31m (3 FAILED)[39m (0 secs / 1.341 secs)
[1A[2KChrome Headless 150.0.0.0 (Windows 10): Executed 337 of 1460[31m (3 FAILED)[39m (0 secs / 1.346 secs)
[1A[2KChrome Headless 150.0.0.0 (Windows 10): Executed 338 of 1460[31m (3 FAILED)[39m (0 secs / 1.35 secs)
[1A[2KChrome Headless 150.0.0.0 (Windows 10): Executed 339 of 1460[31m (3 FAILED)[39m (0 secs / 1.352 secs)
[1A[2KChrome Headless 150.0.0.0 (Windows 10): Executed 340 of 1460[31m (3 FAILED)[39m (0 secs / 1.354 secs)
[1A[2KChrome Headless 150.0.0.0 (Windows 10): Executed 341 of 1460[31m (3 FAILED)[39m (0 secs / 1.356 secs)
[1A[2KChrome Headless 150.0.0.0 (Windows 10): Executed 342 of 1460[31m (3 FAILED)[39m (0 secs / 1.358 secs)
[1A[2KChrome Headless 150.0.0.0 (Windows 10): Executed 343 of 1460[31m (3 FAILED)[39m (0 secs / 1.362 secs)
[1A[2KChrome Headless 150.0.0.0 (Windows 10): Executed 344 of 1460[31m (3 FAILED)[39m (0 secs / 1.384 secs)
[1A[2KChrome Headless 150.0.0.0 (Windows 10): Executed 345 of 1460[31m (3 FAILED)[39m (0 secs / 1.385 secs)
[1A[2KChrome Headless 150.0.0.0 (Windows 10): Executed 346 of 1460[31m (3 FAILED)[39m (0 secs / 1.386 secs)
[1A[2KChrome Headless 150.0.0.0 (Windows 10): Executed 347 of 1460[31m (3 FAILED)[39m (0 secs / 1.387 secs)
[1A[2KChrome Headless 150.0.0.0 (Windows 10): Executed 348 of 1460[31m (3 FAILED)[39m (0 secs / 1.387 secs)
[1A[2KChrome Headless 150.0.0.0 (Windows 10): Executed 349 of 1460[31m (3 FAILED)[39m (0 secs / 1.387 secs)
[1A[2KChrome Headless 150.0.0.0 (Windows 10): Executed 350 of 1460[31m (3 FAILED)[39m (0 secs / 1.387 secs)
[1A[2KChrome Headless 150.0.0.0 (Windows 10): Executed 351 of 1460[31m (3 FAILED)[39m (0 secs / 1.396 secs)
[1A[2KChrome Headless 150.0.0.0 (Windows 10): Executed 352 of 1460[31m (3 FAILED)[39m (0 secs / 1.419 secs)
[1A[2KChrome Headless 150.0.0.0 (Windows 10): Executed 353 of 1460[31m (3 FAILED)[39m (0 secs / 1.424 secs)
[1A[2KChrome Headless 150.0.0.0 (Windows 10): Executed 354 of 1460[31m (3 FAILED)[39m (0 secs / 1.429 secs)
[1A[2KChrome Headless 150.0.0.0 (Windows 10): Executed 355 of 1460[31m (3 FAILED)[39m (0 secs / 1.433 secs)
[1A[2KChrome Headless 150.0.0.0 (Windows 10): Executed 356 of 1460[31m (3 FAILED)[39m (0 secs / 1.437 secs)
[1A[2KChrome Headless 150.0.0.0 (Windows 10): Executed 357 of 1460[31m (3 FAILED)[39m (0 secs / 1.441 secs)
[1A[2KChrome Headless 150.0.0.0 (Windows 10): Executed 358 of 1460[31m (3 FAILED)[39m (0 secs / 1.448 secs)
[1A[2KChrome Headless 150.0.0.0 (Windows 10): Executed 359 of 1460[31m (3 FAILED)[39m (0 secs / 1.456 secs)
[1A[2KChrome Headless 150.0.0.0 (Windows 10): Executed 360 of 1460[31m (3 FAILED)[39m (0 secs / 1.462 secs)
[1A[2KChrome Headless 150.0.0.0 (Windows 10): Executed 361 of 1460[31m (3 FAILED)[39m (0 secs / 1.466 secs)
[1A[2KChrome Headless 150.0.0.0 (Windows 10): Executed 362 of 1460[31m (3 FAILED)[39m (0 secs / 1.47 secs)
[1A[2KChrome Headless 150.0.0.0 (Windows 10): Executed 363 of 1460[31m (3 FAILED)[39m (0 secs / 1.474 secs)
[1A[2KChrome Headless 150.0.0.0 (Windows 10): Executed 364 of 1460[31m (3 FAILED)[39m (0 secs / 1.477 secs)
[1A[2KChrome Headless 150.0.0.0 (Windows 10): Executed 365 of 1460[31m (3 FAILED)[39m (0 secs / 1.481 secs)
[1A[2KChrome Headless 150.0.0.0 (Windows 10): Executed 366 of 1460[31m (3 FAILED)[39m (0 secs / 1.486 secs)
[1A[2KChrome Headless 150.0.0.0 (Windows 10): Executed 367 of 1460[31m (3 FAILED)[39m (0 secs / 1.49 secs)
[1A[2KChrome Headless 150.0.0.0 (Windows 10): Executed 368 of 1460[31m (3 FAILED)[39m (0 secs / 1.493 secs)
[1A[2KChrome Headless 150.0.0.0 (Windows 10): Executed 369 of 1460[31m (3 FAILED)[39m (0 secs / 1.533 secs)
[1A[2KChrome Headless 150.0.0.0 (Windows 10): Executed 370 of 1460[31m (3 FAILED)[39m (0 secs / 1.536 secs)
[1A[2KChrome Headless 150.0.0.0 (Windows 10): Executed 371 of 1460[31m (3 FAILED)[39m (0 secs / 1.537 secs)
[1A[2KChrome Headless 150.0.0.0 (Windows 10): Executed 372 of 1460[31m (3 FAILED)[39m (0 secs / 1.537 secs)
[1A[2KChrome Headless 150.0.0.0 (Windows 10): Executed 373 of 1460[31m (3 FAILED)[39m (0 secs / 1.538 secs)
[1A[2KWARN: [36m'Spec 'ProjetCatalogueService catalogue ignores empty search' has no expectations.'[39m
Chrome Headless 150.0.0.0 (Windows 10): Executed 373 of 1460[31m (3 FAILED)[39m (0 secs / 1.538 secs)
WARN: 'Spec 'ProjetCatalogueService catalogue ignores empty search' has no expectations.'
[1A[2KChrome Headless 150.0.0.0 (Windows 10): Executed 374 of 1460[31m (3 FAILED)[39m (0 secs / 1.539 secs)
[1A[2KWARN: [36m'Spec 'ProjetCatalogueService catalogue trims search whitespace' has no expectations.'[39m
Chrome Headless 150.0.0.0 (Windows 10): Executed 374 of 1460[31m (3 FAILED)[39m (0 secs / 1.539 secs)
WARN: 'Spec 'ProjetCatalogueService catalogue trims search whitespace' has no expectations.'
[1A[2KChrome Headless 150.0.0.0 (Windows 10): Executed 375 of 1460[31m (3 FAILED)[39m (0 secs / 1.54 secs)
[1A[2KChrome Headless 150.0.0.0 (Windows 10): Executed 376 of 1460[31m (3 FAILED)[39m (0 secs / 1.541 secs)
[1A[2KChrome Headless 150.0.0.0 (Windows 10): Executed 377 of 1460[31m (3 FAILED)[39m (0 secs / 1.541 secs)
[1A[2KChrome Headless 150.0.0.0 (Windows 10): Executed 378 of 1460[31m (3 FAILED)[39m (0 secs / 1.541 secs)
[1A[2KChrome Headless 150.0.0.0 (Windows 10): Executed 379 of 1460[31m (3 FAILED)[39m (0 secs / 1.542 secs)
[1A[2KChrome Headless 150.0.0.0 (Windows 10): Executed 380 of 1460[31m (3 FAILED)[39m (0 secs / 1.542 secs)
[1A[2KChrome Headless 150.0.0.0 (Windows 10): Executed 381 of 1460[31m (3 FAILED)[39m (0 secs / 1.542 secs)
[1A[2KChrome Headless 150.0.0.0 (Windows 10): Executed 382 of 1460[31m (3 FAILED)[39m (0 secs / 1.543 secs)
[1A[2KChrome Headless 150.0.0.0 (Windows 10): Executed 383 of 1460[31m (3 FAILED)[39m (0 secs / 1.543 secs)
[1A[2KChrome Headless 150.0.0.0 (Windows 10): Executed 384 of 1460[31m (3 FAILED)[39m (0 secs / 1.544 secs)
[1A[2KChrome Headless 150.0.0.0 (Windows 10): Executed 385 of 1460[31m (3 FAILED)[39m (0 secs / 1.561 secs)
[1A[2KChrome Headless 150.0.0.0 (Windows 10): Executed 386 of 1460[31m (3 FAILED)[39m (0 secs / 1.563 secs)
[1A[2KChrome Headless 150.0.0.0 (Windows 10): Executed 387 of 1460[31m (3 FAILED)[39m (0 secs / 1.565 secs)
[1A[2KChrome Headless 150.0.0.0 (Windows 10): Executed 388 of 1460[31m (3 FAILED)[39m (0 secs / 1.567 secs)
[1A[2K[31mChrome Headless 150.0.0.0 (Windows 10) LivrablesAdminComponent should load livrables on init and filter them FAILED[39m
	Expected 2 to be 1.
	    at <Jasmine>
	    at UserContext.apply (src/app/backoffice/livrables-admin/livrables-admin.component.spec.ts:76:50)
	    at _ZoneDelegate.invoke (node_modules/zone.js/fesm2015/zone.js:398:28)
	    at ProxyZoneSpec.onInvoke (node_modules/zone.js/fesm2015/zone-testing.js:2132:39)
	    at _ZoneDelegate.invoke (node_modules/zone.js/fesm2015/zone.js:397:34)
Chrome Headless 150.0.0.0 (Windows 10): Executed 389 of 1460[31m (4 FAILED)[39m (0 secs / 1.569 secs)
[1A[2KChrome Headless 150.0.0.0 (Windows 10): Executed 390 of 1460[31m (4 FAILED)[39m (0 secs / 1.571 secs)
[1A[2KChrome Headless 150.0.0.0 (Windows 10): Executed 391 of 1460[31m (4 FAILED)[39m (0 secs / 1.573 secs)
[1A[2KChrome Headless 150.0.0.0 (Windows 10): Executed 392 of 1460[31m (4 FAILED)[39m (0 secs / 1.575 secs)
[1A[2KChrome Headless 150.0.0.0 (Windows 10): Executed 393 of 1460[31m (4 FAILED)[39m (0 secs / 1.576 secs)
[1A[2KChrome Headless 150.0.0.0 (Windows 10): Executed 394 of 1460[31m (4 FAILED)[39m (0 secs / 1.577 secs)
[1A[2KChrome Headless 150.0.0.0 (Windows 10): Executed 395 of 1460[31m (4 FAILED)[39m (0 secs / 1.578 secs)
[1A[2KChrome Headless 150.0.0.0 (Windows 10): Executed 396 of 1460[31m (4 FAILED)[39m (0 secs / 1.579 secs)
[1A[2KChrome Headless 150.0.0.0 (Windows 10): Executed 397 of 1460[31m (4 FAILED)[39m (0 secs / 1.581 secs)
[1A[2KChrome Headless 150.0.0.0 (Windows 10): Executed 398 of 1460[31m (4 FAILED)[39m (0 secs / 1.582 secs)
[1A[2KChrome Headless 150.0.0.0 (Windows 10): Executed 399 of 1460[31m (4 FAILED)[39m (0 secs / 1.584 secs)
[1A[2KChrome Headless 150.0.0.0 (Windows 10): Executed 400 of 1460[31m (4 FAILED)[39m (0 secs / 1.585 secs)
[1A[2KChrome Headless 150.0.0.0 (Windows 10): Executed 401 of 1460[31m (4 FAILED)[39m (0 secs / 1.587 secs)
[1A[2KChrome Headless 150.0.0.0 (Windows 10): Executed 402 of 1460[31m (4 FAILED)[39m (0 secs / 1.588 secs)
[1A[2KChrome Headless 150.0.0.0 (Windows 10): Executed 403 of 1460[31m (4 FAILED)[39m (0 secs / 1.59 secs)
[1A[2KChrome Headless 150.0.0.0 (Windows 10): Executed 404 of 1460[31m (4 FAILED)[39m (0 secs / 1.592 secs)
[1A[2KChrome Headless 150.0.0.0 (Windows 10): Executed 405 of 1460[31m (4 FAILED)[39m (0 secs / 1.594 secs)
[1A[2KChrome Headless 150.0.0.0 (Windows 10): Executed 406 of 1460[31m (4 FAILED)[39m (0 secs / 1.596 secs)
[1A[2KChrome Headless 150.0.0.0 (Windows 10): Executed 407 of 1460[31m (4 FAILED)[39m (0 secs / 1.598 secs)
[1A[2KChrome Headless 150.0.0.0 (Windows 10): Executed 408 of 1460[31m (4 FAILED)[39m (0 secs / 1.6 secs)
[1A[2KChrome Headless 150.0.0.0 (Windows 10): Executed 409 of 1460[31m (4 FAILED)[39m (0 secs / 1.602 secs)
[1A[2KChrome Headless 150.0.0.0 (Windows 10): Executed 410 of 1460[31m (4 FAILED)[39m (0 secs / 1.604 secs)
[1A[2KChrome Headless 150.0.0.0 (Windows 10): Executed 411 of 1460[31m (4 FAILED)[39m (0 secs / 1.606 secs)
[1A[2KChrome Headless 150.0.0.0 (Windows 10): Executed 412 of 1460[31m (4 FAILED)[39m (0 secs / 1.607 secs)
[1A[2KChrome Headless 150.0.0.0 (Windows 10): Executed 413 of 1460[31m (4 FAILED)[39m (0 secs / 1.609 secs)
[1A[2KChrome Headless 150.0.0.0 (Windows 10): Executed 414 of 1460[31m (4 FAILED)[39m (0 secs / 1.611 secs)
[1A[2KChrome Headless 150.0.0.0 (Windows 10): Executed 415 of 1460[31m (4 FAILED)[39m (0 secs / 1.613 secs)
[1A[2KChrome Headless 150.0.0.0 (Windows 10): Executed 416 of 1460[31m (4 FAILED)[39m (0 secs / 1.614 secs)
[1A[2KChrome Headless 150.0.0.0 (Windows 10): Executed 417 of 1460[31m (4 FAILED)[39m (0 secs / 1.615 secs)
[1A[2KChrome Headless 150.0.0.0 (Windows 10): Executed 418 of 1460[31m (4 FAILED)[39m (0 secs / 1.617 secs)
[1A[2KChrome Headless 150.0.0.0 (Windows 10): Executed 419 of 1460[31m (4 FAILED)[39m (0 secs / 1.619 secs)
[1A[2KChrome Headless 150.0.0.0 (Windows 10): Executed 420 of 1460[31m (4 FAILED)[39m (0 secs / 1.62 secs)
[1A[2KChrome Headless 150.0.0.0 (Windows 10): Executed 421 of 1460[31m (4 FAILED)[39m (0 secs / 1.621 secs)
[1A[2KChrome Headless 150.0.0.0 (Windows 10): Executed 422 of 1460[31m (4 FAILED)[39m (0 secs / 1.623 secs)
[1A[2KChrome Headless 150.0.0.0 (Windows 10): Executed 423 of 1460[31m (4 FAILED)[39m (0 secs / 1.624 secs)
[1A[2KChrome Headless 150.0.0.0 (Windows 10): Executed 424 of 1460[31m (4 FAILED)[39m (0 secs / 1.626 secs)
[1A[2KChrome Headless 150.0.0.0 (Windows 10): Executed 425 of 1460[31m (4 FAILED)[39m (0 secs / 1.63 secs)
[1A[2KChrome Headless 150.0.0.0 (Windows 10): Executed 426 of 1460[31m (4 FAILED)[39m (0 secs / 1.632 secs)
[1A[2KChrome Headless 150.0.0.0 (Windows 10): Executed 427 of 1460[31m (4 FAILED)[39m (0 secs / 1.634 secs)
[1A[2KChrome Headless 150.0.0.0 (Windows 10): Executed 428 of 1460[31m (4 FAILED)[39m (0 secs / 1.636 secs)
[1A[2KChrome Headless 150.0.0.0 (Windows 10): Executed 429 of 1460[31m (4 FAILED)[39m (0 secs / 1.637 secs)
[1A[2KChrome Headless 150.0.0.0 (Windows 10): Executed 430 of 1460[31m (4 FAILED)[39m (0 secs / 1.639 secs)
[1A[2KChrome Headless 150.0.0.0 (Windows 10): Executed 431 of 1460[31m (4 FAILED)[39m (0 secs / 1.64 secs)
[1A[2KChrome Headless 150.0.0.0 (Windows 10): Executed 432 of 1460[31m (4 FAILED)[39m (0 secs / 1.654 secs)
[1A[2KChrome Headless 150.0.0.0 (Windows 10): Executed 433 of 1460[31m (4 FAILED)[39m (0 secs / 1.657 secs)
[1A[2KChrome Headless 150.0.0.0 (Windows 10): Executed 434 of 1460[31m (4 FAILED)[39m (0 secs / 1.659 secs)
[1A[2KChrome Headless 150.0.0.0 (Windows 10): Executed 435 of 1460[31m (4 FAILED)[39m (0 secs / 1.661 secs)
[1A[2KChrome Headless 150.0.0.0 (Windows 10): Executed 436 of 1460[31m (4 FAILED)[39m (0 secs / 1.664 secs)
[1A[2KChrome Headless 150.0.0.0 (Windows 10): Executed 437 of 1460[31m (4 FAILED)[39m (0 secs / 1.666 secs)
[1A[2KChrome Headless 150.0.0.0 (Windows 10): Executed 438 of 1460[31m (4 FAILED)[39m (0 secs / 1.668 secs)
[1A[2KChrome Headless 150.0.0.0 (Windows 10): Executed 439 of 1460[31m (4 FAILED)[39m (0 secs / 1.67 secs)
[1A[2KChrome Headless 150.0.0.0 (Windows 10): Executed 440 of 1460[31m (4 FAILED)[39m (0 secs / 1.672 secs)
[1A[2KChrome Headless 150.0.0.0 (Windows 10): Executed 441 of 1460[31m (4 FAILED)[39m (0 secs / 1.674 secs)
[1A[2KChrome Headless 150.0.0.0 (Windows 10): Executed 442 of 1460[31m (4 FAILED)[39m (0 secs / 1.675 secs)
[1A[2KChrome Headless 150.0.0.0 (Windows 10): Executed 443 of 1460[31m (4 FAILED)[39m (0 secs / 1.677 secs)
[1A[2KChrome Headless 150.0.0.0 (Windows 10): Executed 444 of 1460[31m (4 FAILED)[39m (0 secs / 1.678 secs)
[1A[2KChrome Headless 150.0.0.0 (Windows 10): Executed 445 of 1460[31m (4 FAILED)[39m (0 secs / 1.68 secs)
[1A[2KChrome Headless 150.0.0.0 (Windows 10): Executed 446 of 1460[31m (4 FAILED)[39m (0 secs / 1.681 secs)
[1A[2KChrome Headless 150.0.0.0 (Windows 10): Executed 447 of 1460[31m (4 FAILED)[39m (0 secs / 1.683 secs)
[1A[2KChrome Headless 150.0.0.0 (Windows 10): Executed 448 of 1460[31m (4 FAILED)[39m (0 secs / 1.685 secs)
[1A[2KChrome Headless 150.0.0.0 (Windows 10): Executed 449 of 1460[31m (4 FAILED)[39m (0 secs / 1.685 secs)
[1A[2KChrome Headless 150.0.0.0 (Windows 10): Executed 450 of 1460[31m (4 FAILED)[39m (0 secs / 1.685 secs)
[1A[2KChrome Headless 150.0.0.0 (Windows 10): Executed 451 of 1460[31m (4 FAILED)[39m (0 secs / 1.705 secs)
[1A[2KChrome Headless 150.0.0.0 (Windows 10): Executed 452 of 1460[31m (4 FAILED)[39m (0 secs / 1.71 secs)
[1A[2KChrome Headless 150.0.0.0 (Windows 10): Executed 453 of 1460[31m (4 FAILED)[39m (0 secs / 1.718 secs)
[1A[2KChrome Headless 150.0.0.0 (Windows 10): Executed 454 of 1460[31m (4 FAILED)[39m (0 secs / 1.723 secs)
[1A[2KChrome Headless 150.0.0.0 (Windows 10): Executed 455 of 1460[31m (4 FAILED)[39m (0 secs / 1.728 secs)
[1A[2KChrome Headless 150.0.0.0 (Windows 10): Executed 456 of 1460[31m (4 FAILED)[39m (0 secs / 1.733 secs)
[1A[2KChrome Headless 150.0.0.0 (Windows 10): Executed 457 of 1460[31m (4 FAILED)[39m (0 secs / 1.738 secs)
[1A[2KChrome Headless 150.0.0.0 (Windows 10): Executed 458 of 1460[31m (4 FAILED)[39m (0 secs / 1.743 secs)
[1A[2KChrome Headless 150.0.0.0 (Windows 10): Executed 459 of 1460[31m (4 FAILED)[39m (0 secs / 1.748 secs)
[1A[2KChrome Headless 150.0.0.0 (Windows 10): Executed 460 of 1460[31m (4 FAILED)[39m (0 secs / 1.753 secs)
[1A[2KChrome Headless 150.0.0.0 (Windows 10): Executed 461 of 1460[31m (4 FAILED)[39m (0 secs / 1.758 secs)
[1A[2KChrome Headless 150.0.0.0 (Windows 10): Executed 462 of 1460[31m (4 FAILED)[39m (0 secs / 1.763 secs)
[1A[2KChrome Headless 150.0.0.0 (Windows 10): Executed 463 of 1460[31m (4 FAILED)[39m (0 secs / 1.77 secs)
[1A[2KChrome Headless 150.0.0.0 (Windows 10): Executed 464 of 1460[31m (4 FAILED)[39m (0 secs / 1.775 secs)
[1A[2KChrome Headless 150.0.0.0 (Windows 10): Executed 465 of 1460[31m (4 FAILED)[39m (0 secs / 1.78 secs)
[1A[2KChrome Headless 150.0.0.0 (Windows 10): Executed 466 of 1460[31m (4 FAILED)[39m (0 secs / 1.785 secs)
[1A[2KChrome Headless 150.0.0.0 (Windows 10): Executed 467 of 1460[31m (4 FAILED)[39m (0 secs / 1.79 secs)
[1A[2KChrome Headless 150.0.0.0 (Windows 10): Executed 468 of 1460[31m (4 FAILED)[39m (0 secs / 1.795 secs)
[1A[2KChrome Headless 150.0.0.0 (Windows 10): Executed 469 of 1460[31m (4 FAILED)[39m (0 secs / 1.799 secs)
[1A[2KChrome Headless 150.0.0.0 (Windows 10): Executed 470 of 1460[31m (4 FAILED)[39m (0 secs / 1.805 secs)
[1A[2KChrome Headless 150.0.0.0 (Windows 10): Executed 471 of 1460[31m (4 FAILED)[39m (0 secs / 1.81 secs)
[1A[2KChrome Headless 150.0.0.0 (Windows 10): Executed 472 of 1460[31m (4 FAILED)[39m (0 secs / 1.814 secs)
[1A[2KChrome Headless 150.0.0.0 (Windows 10): Executed 473 of 1460[31m (4 FAILED)[39m (0 secs / 1.82 secs)
[1A[2KChrome Headless 150.0.0.0 (Windows 10): Executed 474 of 1460[31m (4 FAILED)[39m (0 secs / 1.824 secs)
[1A[2KChrome Headless 150.0.0.0 (Windows 10): Executed 475 of 1460[31m (4 FAILED)[39m (0 secs / 1.828 secs)
[1A[2KChrome Headless 150.0.0.0 (Windows 10): Executed 476 of 1460[31m (4 FAILED)[39m (0 secs / 1.833 secs)
[1A[2KChrome Headless 150.0.0.0 (Windows 10): Executed 477 of 1460[31m (4 FAILED)[39m (0 secs / 1.838 secs)
[1A[2KChrome Headless 150.0.0.0 (Windows 10): Executed 478 of 1460[31m (4 FAILED)[39m (0 secs / 1.846 secs)
[1A[2KChrome Headless 150.0.0.0 (Windows 10): Executed 479 of 1460[31m (4 FAILED)[39m (0 secs / 1.851 secs)
[1A[2KChrome Headless 150.0.0.0 (Windows 10): Executed 480 of 1460[31m (4 FAILED)[39m (0 secs / 1.855 secs)
[1A[2KChrome Headless 150.0.0.0 (Windows 10): Executed 481 of 1460[31m (4 FAILED)[39m (0 secs / 1.86 secs)
[1A[2KChrome Headless 150.0.0.0 (Windows 10): Executed 482 of 1460[31m (4 FAILED)[39m (0 secs / 1.864 secs)
[1A[2KChrome Headless 150.0.0.0 (Windows 10): Executed 483 of 1460[31m (4 FAILED)[39m (0 secs / 1.868 secs)
[1A[2KChrome Headless 150.0.0.0 (Windows 10): Executed 484 of 1460[31m (4 FAILED)[39m (0 secs / 1.873 secs)
[1A[2KChrome Headless 150.0.0.0 (Windows 10): Executed 485 of 1460[31m (4 FAILED)[39m (0 secs / 1.878 secs)
[1A[2K[31mChrome Headless 150.0.0.0 (Windows 10) ModifierEquipeModal loadDomaines should set errorMessage on error FAILED[39m
	Expected '' to be 'Erreur lors du chargement des domaines.'.
	    at <Jasmine>
	    at UserContext.apply (src/app/frontoffice/pages/equipes-recherche/modifier-equipe-modal/modifier-equipe-modal.spec.ts:172:38)
	    at UserContext.apply (node_modules/zone.js/fesm2015/zone-testing.js:1715:26)
	    at _ZoneDelegate.invoke (node_modules/zone.js/fesm2015/zone.js:398:28)
	    at ProxyZoneSpec.onInvoke (node_modules/zone.js/fesm2015/zone-testing.js:2132:39)
Chrome Headless 150.0.0.0 (Windows 10): Executed 486 of 1460[31m (5 FAILED)[39m (0 secs / 1.881 secs)
[1A[2KChrome Headless 150.0.0.0 (Windows 10): Executed 487 of 1460[31m (5 FAILED)[39m (0 secs / 1.882 secs)
[1A[2KChrome Headless 150.0.0.0 (Windows 10): Executed 488 of 1460[31m (5 FAILED)[39m (0 secs / 1.884 secs)
[1A[2KChrome Headless 150.0.0.0 (Windows 10): Executed 489 of 1460[31m (5 FAILED)[39m (0 secs / 1.886 secs)
[1A[2KChrome Headless 150.0.0.0 (Windows 10): Executed 490 of 1460[31m (5 FAILED)[39m (0 secs / 1.887 secs)
[1A[2KChrome Headless 150.0.0.0 (Windows 10): Executed 491 of 1460[31m (5 FAILED)[39m (0 secs / 1.889 secs)
[1A[2KChrome Headless 150.0.0.0 (Windows 10): Executed 492 of 1460[31m (5 FAILED)[39m (0 secs / 1.89 secs)
[1A[2KChrome Headless 150.0.0.0 (Windows 10): Executed 493 of 1460[31m (5 FAILED)[39m (0 secs / 1.891 secs)
[1A[2K[31mChrome Headless 150.0.0.0 (Windows 10) ModifierEquipeModal ngOnChanges should load domaines on first open FAILED[39m
	Expected $.length = 0 to equal 2.
	Expected $[0] = undefined to equal Object({ id: 1, nom: 'IA' }).
	Expected $[1] = undefined to equal Object({ id: 2, nom: 'Web' }).
	    at <Jasmine>
	    at UserContext.apply (src/app/frontoffice/pages/equipes-recherche/modifier-equipe-modal/modifier-equipe-modal.spec.ts:114:34)
	    at UserContext.apply (node_modules/zone.js/fesm2015/zone-testing.js:1715:26)
	    at _ZoneDelegate.invoke (node_modules/zone.js/fesm2015/zone.js:398:28)
	    at ProxyZoneSpec.onInvoke (node_modules/zone.js/fesm2015/zone-testing.js:2132:39)
Chrome Headless 150.0.0.0 (Windows 10): Executed 494 of 1460[31m (6 FAILED)[39m (0 secs / 1.893 secs)
[1A[2KChrome Headless 150.0.0.0 (Windows 10): Executed 495 of 1460[31m (6 FAILED)[39m (0 secs / 1.894 secs)
[1A[2KChrome Headless 150.0.0.0 (Windows 10): Executed 496 of 1460[31m (6 FAILED)[39m (0 secs / 1.895 secs)
[1A[2KChrome Headless 150.0.0.0 (Windows 10): Executed 497 of 1460[31m (6 FAILED)[39m (0 secs / 1.896 secs)
[1A[2KChrome Headless 150.0.0.0 (Windows 10): Executed 498 of 1460[31m (6 FAILED)[39m (0 secs / 1.897 secs)
[1A[2KChrome Headless 150.0.0.0 (Windows 10): Executed 499 of 1460[31m (6 FAILED)[39m (0 secs / 1.898 secs)
[1A[2KChrome Headless 150.0.0.0 (Windows 10): Executed 500 of 1460[31m (6 FAILED)[39m (0 secs / 1.903 secs)
[1A[2KChrome Headless 150.0.0.0 (Windows 10): Executed 501 of 1460[31m (6 FAILED)[39m (0 secs / 1.904 secs)
[1A[2K[31mChrome Headless 150.0.0.0 (Windows 10) ModifierEquipeModal submit should emit saved and show success snack on success FAILED[39m
	Expected spy emit to have been called.
	    at <Jasmine>
	    at UserContext.apply (src/app/frontoffice/pages/equipes-recherche/modifier-equipe-modal/modifier-equipe-modal.spec.ts:249:36)
	    at UserContext.apply (node_modules/zone.js/fesm2015/zone-testing.js:1715:26)
	    at _ZoneDelegate.invoke (node_modules/zone.js/fesm2015/zone.js:398:28)
	    at ProxyZoneSpec.onInvoke (node_modules/zone.js/fesm2015/zone-testing.js:2132:39)
	Expected spy open to have been called with:
	  [ '├ëquipe mise ├á jour', 'Γ£ò', Object({ duration: 3500, panelClass: [ 'snack-success' ] }) ]
	but actual calls were:
	  [ 'Erreur lors du chargement des domaines', 'Γ£ò', Object({ duration: 3500, panelClass: [ 'snack-error' ] }) ],
	  [ 'Erreur lors de la modification', 'Γ£ò', Object({ duration: 3500, panelClass: [ 'snack-error' ] }) ].
	
	Call 0:
	  Expected $[0] = 'Erreur lors du chargement des domaines' to equal '├ëquipe mise ├á jour'.
	  Expected $[2].panelClass[0] = 'snack-error' to equal 'snack-success'.
	Call 1:
	  Expected $[0] = 'Erreur lors de la modification' to equal '├ëquipe mise ├á jour'.
	  Expected $[2].panelClass[0] = 'snack-error' to equal 'snack-success'.
	Error: Expected spy open to have been called with:
	  [ '├ëquipe mise ├á jour', 'Γ£ò', Object({ duration: 3500, panelClass: [ 'snack-success' ] }) ]
	but actual calls were:
	  [ 'Erreur lors du chargement des domaines', 'Γ£ò', Object({ duration: 3500, panelClass: [ 'snack-error' ] }) ],
	  [ 'Erreur lors de la modification', 'Γ£ò', Object({ duration: 3500, panelClass: [ 'snack-error' ] }) ].
	Call 0:
	  Expected $[0] = 'Erreur lors du chargement des domaines' to equal '├ëquipe mise ├á jour'.
	  Expected $[2].panelClass[0] = 'snack-error' to equal 'snack-success'.
	Call 1:
	  Expected $[0] = 'Erreur lors de la modification' to equal '├ëquipe mise ├á jour'.
	  Expected $[2].panelClass[0] = 'snack-error' to equal 'snack-success'.
	    at <Jasmine>
	    at UserContext.apply (src/app/frontoffice/pages/equipes-recherche/modifier-equipe-modal/modifier-equipe-modal.spec.ts:250:29)
	    at UserContext.apply (node_modules/zone.js/fesm2015/zone-testing.js:1715:26)
	    at _ZoneDelegate.invoke (node_modules/zone.js/fesm2015/zone.js:398:28)
	    at ProxyZoneSpec.onInvoke (node_modules/zone.js/fesm2015/zone-testing.js:2132:39)
Chrome Headless 150.0.0.0 (Windows 10): Executed 502 of 1460[31m (7 FAILED)[39m (0 secs / 1.906 secs)
[1A[2KChrome Headless 150.0.0.0 (Windows 10): Executed 503 of 1460[31m (7 FAILED)[39m (0 secs / 1.907 secs)
[1A[2KChrome Headless 150.0.0.0 (Windows 10): Executed 504 of 1460[31m (7 FAILED)[39m (0 secs / 1.908 secs)
[1A[2KChrome Headless 150.0.0.0 (Windows 10): Executed 505 of 1460[31m (7 FAILED)[39m (0 secs / 1.909 secs)
[1A[2KChrome Headless 150.0.0.0 (Windows 10): Executed 506 of 1460[31m (7 FAILED)[39m (0 secs / 1.911 secs)
[1A[2KChrome Headless 150.0.0.0 (Windows 10): Executed 507 of 1460[31m (7 FAILED)[39m (0 secs / 1.912 secs)
[1A[2KChrome Headless 150.0.0.0 (Windows 10): Executed 508 of 1460[31m (7 FAILED)[39m (0 secs / 1.913 secs)
[1A[2KChrome Headless 150.0.0.0 (Windows 10): Executed 509 of 1460[31m (7 FAILED)[39m (0 secs / 1.914 secs)
[1A[2KChrome Headless 150.0.0.0 (Windows 10): Executed 510 of 1460[31m (7 FAILED)[39m (0 secs / 1.915 secs)
[1A[2K[31mChrome Headless 150.0.0.0 (Windows 10) ModifierEquipeModal modalTitle should return title with empty name when equipe is undefined FAILED[39m
	Expected 'Modifier l'├⌐quipe ┬½  ┬╗' to be 'Modifier l'├⌐quipe ┬½ ┬╗'.
	    at <Jasmine>
	    at UserContext.apply (src/app/frontoffice/pages/equipes-recherche/modifier-equipe-modal/modifier-equipe-modal.spec.ts:100:36)
	    at _ZoneDelegate.invoke (node_modules/zone.js/fesm2015/zone.js:398:28)
	    at ProxyZoneSpec.onInvoke (node_modules/zone.js/fesm2015/zone-testing.js:2132:39)
	    at _ZoneDelegate.invoke (node_modules/zone.js/fesm2015/zone.js:397:34)
Chrome Headless 150.0.0.0 (Windows 10): Executed 511 of 1460[31m (8 FAILED)[39m (0 secs / 1.917 secs)
[1A[2KChrome Headless 150.0.0.0 (Windows 10): Executed 512 of 1460[31m (8 FAILED)[39m (0 secs / 1.918 secs)
[1A[2KChrome Headless 150.0.0.0 (Windows 10): Executed 513 of 1460[31m (8 FAILED)[39m (0 secs / 1.919 secs)
[1A[2KChrome Headless 150.0.0.0 (Windows 10): Executed 514 of 1460[31m (8 FAILED)[39m (0 secs / 1.921 secs)
[1A[2KChrome Headless 150.0.0.0 (Windows 10): Executed 515 of 1460[31m (8 FAILED)[39m (0 secs / 1.926 secs)
[1A[2KChrome Headless 150.0.0.0 (Windows 10): Executed 516 of 1460[31m (8 FAILED)[39m (0 secs / 1.928 secs)
[1A[2KChrome Headless 150.0.0.0 (Windows 10): Executed 517 of 1460[31m (8 FAILED)[39m (0 secs / 1.929 secs)
[1A[2KChrome Headless 150.0.0.0 (Windows 10): Executed 518 of 1460[31m (8 FAILED)[39m (0 secs / 1.93 secs)
[1A[2KChrome Headless 150.0.0.0 (Windows 10): Executed 519 of 1460[31m (8 FAILED)[39m (0 secs / 1.931 secs)
[1A[2KChrome Headless 150.0.0.0 (Windows 10): Executed 520 of 1460[31m (8 FAILED)[39m (0 secs / 1.933 secs)
[1A[2KChrome Headless 150.0.0.0 (Windows 10): Executed 521 of 1460[31m (8 FAILED)[39m (0 secs / 1.934 secs)
[1A[2KChrome Headless 150.0.0.0 (Windows 10): Executed 522 of 1460[31m (8 FAILED)[39m (0 secs / 1.935 secs)
[1A[2KChrome Headless 150.0.0.0 (Windows 10): Executed 523 of 1460[31m (8 FAILED)[39m (0 secs / 1.936 secs)
[1A[2KChrome Headless 150.0.0.0 (Windows 10): Executed 524 of 1460[31m (8 FAILED)[39m (0 secs / 1.937 secs)
[1A[2KChrome Headless 150.0.0.0 (Windows 10): Executed 525 of 1460[31m (8 FAILED)[39m (0 secs / 1.988 secs)
[1A[2KChrome Headless 150.0.0.0 (Windows 10): Executed 526 of 1460[31m (8 FAILED)[39m (0 secs / 1.99 secs)
[1A[2KChrome Headless 150.0.0.0 (Windows 10): Executed 527 of 1460[31m (8 FAILED)[39m (0 secs / 1.992 secs)
[1A[2KChrome Headless 150.0.0.0 (Windows 10): Executed 528 of 1460[31m (8 FAILED)[39m (0 secs / 1.996 secs)
[1A[2KChrome Headless 150.0.0.0 (Windows 10): Executed 529 of 1460[31m (8 FAILED)[39m (0 secs / 2.004 secs)
[1A[2KChrome Headless 150.0.0.0 (Windows 10): Executed 530 of 1460[31m (8 FAILED)[39m (0 secs / 2.007 secs)
[1A[2KChrome Headless 150.0.0.0 (Windows 10): Executed 531 of 1460[31m (8 FAILED)[39m (0 secs / 2.009 secs)
[1A[2KChrome Headless 150.0.0.0 (Windows 10): Executed 532 of 1460[31m (8 FAILED)[39m (0 secs / 2.011 secs)
[1A[2KChrome Headless 150.0.0.0 (Windows 10): Executed 533 of 1460[31m (8 FAILED)[39m (0 secs / 2.015 secs)
[1A[2KChrome Headless 150.0.0.0 (Windows 10): Executed 534 of 1460[31m (8 FAILED)[39m (0 secs / 2.019 secs)
[1A[2KChrome Headless 150.0.0.0 (Windows 10): Executed 535 of 1460[31m (8 FAILED)[39m (0 secs / 2.037 secs)
[1A[2KChrome Headless 150.0.0.0 (Windows 10): Executed 536 of 1460[31m (8 FAILED)[39m (0 secs / 2.039 secs)
[1A[2KChrome Headless 150.0.0.0 (Windows 10): Executed 537 of 1460[31m (8 FAILED)[39m (0 secs / 2.041 secs)
[1A[2KChrome Headless 150.0.0.0 (Windows 10): Executed 538 of 1460[31m (8 FAILED)[39m (0 secs / 2.043 secs)
[1A[2KChrome Headless 150.0.0.0 (Windows 10): Executed 539 of 1460[31m (8 FAILED)[39m (0 secs / 2.045 secs)
[1A[2KChrome Headless 150.0.0.0 (Windows 10): Executed 540 of 1460[31m (8 FAILED)[39m (0 secs / 2.047 secs)
[1A[2KChrome Headless 150.0.0.0 (Windows 10): Executed 541 of 1460[31m (8 FAILED)[39m (0 secs / 2.049 secs)
[1A[2KChrome Headless 150.0.0.0 (Windows 10): Executed 542 of 1460[31m (8 FAILED)[39m (0 secs / 2.05 secs)
[1A[2KChrome Headless 150.0.0.0 (Windows 10): Executed 543 of 1460[31m (8 FAILED)[39m (0 secs / 2.052 secs)
[1A[2KChrome Headless 150.0.0.0 (Windows 10): Executed 544 of 1460[31m (8 FAILED)[39m (0 secs / 2.053 secs)
[1A[2KChrome Headless 150.0.0.0 (Windows 10): Executed 545 of 1460[31m (8 FAILED)[39m (0 secs / 2.053 secs)
[1A[2KChrome Headless 150.0.0.0 (Windows 10): Executed 546 of 1460[31m (8 FAILED)[39m (0 secs / 2.054 secs)
[1A[2KChrome Headless 150.0.0.0 (Windows 10): Executed 547 of 1460[31m (8 FAILED)[39m (0 secs / 2.055 secs)
[1A[2KChrome Headless 150.0.0.0 (Windows 10): Executed 548 of 1460[31m (8 FAILED)[39m (0 secs / 2.055 secs)
[1A[2K[31mChrome Headless 150.0.0.0 (Windows 10) AffiliationService should traiter an affiliation without motifDecision FAILED[39m
	Expected object not to have properties
	    motifDecision: undefined
	    at <Jasmine>
	    at UserContext.apply (src/app/core/services/affiliation.service.spec.ts:75:30)
	    at _ZoneDelegate.invoke (node_modules/zone.js/fesm2015/zone.js:398:28)
	    at ProxyZoneSpec.onInvoke (node_modules/zone.js/fesm2015/zone-testing.js:2132:39)
	    at _ZoneDelegate.invoke (node_modules/zone.js/fesm2015/zone.js:397:34)
Chrome Headless 150.0.0.0 (Windows 10): Executed 549 of 1460[31m (9 FAILED)[39m (0 secs / 2.056 secs)
[1A[2KChrome Headless 150.0.0.0 (Windows 10): Executed 550 of 1460[31m (9 FAILED)[39m (0 secs / 2.057 secs)
[1A[2KChrome Headless 150.0.0.0 (Windows 10): Executed 551 of 1460[31m (9 FAILED)[39m (0 secs / 2.058 secs)
[1A[2KChrome Headless 150.0.0.0 (Windows 10): Executed 552 of 1460[31m (9 FAILED)[39m (0 secs / 2.066 secs)
[1A[2KChrome Headless 150.0.0.0 (Windows 10): Executed 553 of 1460[31m (9 FAILED)[39m (0 secs / 2.068 secs)
[1A[2KChrome Headless 150.0.0.0 (Windows 10): Executed 554 of 1460[31m (9 FAILED)[39m (0 secs / 2.07 secs)
[1A[2KChrome Headless 150.0.0.0 (Windows 10): Executed 555 of 1460[31m (9 FAILED)[39m (0 secs / 2.073 secs)
[1A[2KChrome Headless 150.0.0.0 (Windows 10): Executed 556 of 1460[31m (9 FAILED)[39m (0 secs / 2.075 secs)
[1A[2KChrome Headless 150.0.0.0 (Windows 10): Executed 557 of 1460[31m (9 FAILED)[39m (0 secs / 2.078 secs)
[1A[2KChrome Headless 150.0.0.0 (Windows 10): Executed 558 of 1460[31m (9 FAILED)[39m (0 secs / 2.08 secs)
[1A[2KChrome Headless 150.0.0.0 (Windows 10): Executed 559 of 1460[31m (9 FAILED)[39m (0 secs / 2.082 secs)
[1A[2KChrome Headless 150.0.0.0 (Windows 10): Executed 560 of 1460[31m (9 FAILED)[39m (0 secs / 2.085 secs)
[1A[2KChrome Headless 150.0.0.0 (Windows 10): Executed 561 of 1460[31m (9 FAILED)[39m (0 secs / 2.111 secs)
[1A[2KChrome Headless 150.0.0.0 (Windows 10): Executed 562 of 1460[31m (9 FAILED)[39m (0 secs / 2.114 secs)
[1A[2KChrome Headless 150.0.0.0 (Windows 10): Executed 563 of 1460[31m (9 FAILED)[39m (0 secs / 2.117 secs)
[1A[2KChrome Headless 150.0.0.0 (Windows 10): Executed 564 of 1460[31m (9 FAILED)[39m (0 secs / 2.119 secs)
[1A[2KChrome Headless 150.0.0.0 (Windows 10): Executed 565 of 1460[31m (9 FAILED)[39m (0 secs / 2.121 secs)
[1A[2KChrome Headless 150.0.0.0 (Windows 10): Executed 566 of 1460[31m (9 FAILED)[39m (0 secs / 2.123 secs)
[1A[2KChrome Headless 150.0.0.0 (Windows 10): Executed 567 of 1460[31m (9 FAILED)[39m (0 secs / 2.125 secs)
[1A[2KChrome Headless 150.0.0.0 (Windows 10): Executed 568 of 1460[31m (9 FAILED)[39m (0 secs / 2.127 secs)
[1A[2KChrome Headless 150.0.0.0 (Windows 10): Executed 569 of 1460[31m (9 FAILED)[39m (0 secs / 2.129 secs)
[1A[2KChrome Headless 150.0.0.0 (Windows 10): Executed 570 of 1460[31m (9 FAILED)[39m (0 secs / 2.131 secs)
[1A[2KChrome Headless 150.0.0.0 (Windows 10): Executed 571 of 1460[31m (9 FAILED)[39m (0 secs / 2.133 secs)
[1A[2KChrome Headless 150.0.0.0 (Windows 10): Executed 572 of 1460[31m (9 FAILED)[39m (0 secs / 2.134 secs)
[1A[2KChrome Headless 150.0.0.0 (Windows 10): Executed 573 of 1460[31m (9 FAILED)[39m (0 secs / 2.135 secs)
[1A[2KChrome Headless 150.0.0.0 (Windows 10): Executed 574 of 1460[31m (9 FAILED)[39m (0 secs / 2.137 secs)
[1A[2KChrome Headless 150.0.0.0 (Windows 10): Executed 575 of 1460[31m (9 FAILED)[39m (0 secs / 2.139 secs)
[1A[2KChrome Headless 150.0.0.0 (Windows 10): Executed 576 of 1460[31m (9 FAILED)[39m (0 secs / 2.141 secs)
[1A[2KChrome Headless 150.0.0.0 (Windows 10): Executed 577 of 1460[31m (9 FAILED)[39m (0 secs / 2.144 secs)
[1A[2KChrome Headless 150.0.0.0 (Windows 10): Executed 578 of 1460[31m (9 FAILED)[39m (0 secs / 2.146 secs)
[1A[2KChrome Headless 150.0.0.0 (Windows 10): Executed 579 of 1460[31m (9 FAILED)[39m (0 secs / 2.147 secs)
[1A[2KChrome Headless 150.0.0.0 (Windows 10): Executed 580 of 1460[31m (9 FAILED)[39m (0 secs / 2.149 secs)
[1A[2KChrome Headless 150.0.0.0 (Windows 10): Executed 581 of 1460[31m (9 FAILED)[39m (0 secs / 2.151 secs)
[1A[2KChrome Headless 150.0.0.0 (Windows 10): Executed 582 of 1460[31m (9 FAILED)[39m (0 secs / 2.153 secs)
[1A[2KChrome Headless 150.0.0.0 (Windows 10): Executed 583 of 1460[31m (9 FAILED)[39m (0 secs / 2.156 secs)
[1A[2KChrome Headless 150.0.0.0 (Windows 10): Executed 584 of 1460[31m (9 FAILED)[39m (0 secs / 2.158 secs)
[1A[2KChrome Headless 150.0.0.0 (Windows 10): Executed 585 of 1460[31m (9 FAILED)[39m (0 secs / 2.16 secs)
[1A[2KChrome Headless 150.0.0.0 (Windows 10): Executed 586 of 1460[31m (9 FAILED)[39m (0 secs / 2.162 secs)
[1A[2KChrome Headless 150.0.0.0 (Windows 10): Executed 587 of 1460[31m (9 FAILED)[39m (0 secs / 2.164 secs)
[1A[2KChrome Headless 150.0.0.0 (Windows 10): Executed 588 of 1460[31m (9 FAILED)[39m (0 secs / 2.165 secs)
[1A[2KChrome Headless 150.0.0.0 (Windows 10): Executed 589 of 1460[31m (9 FAILED)[39m (0 secs / 2.167 secs)
[1A[2KChrome Headless 150.0.0.0 (Windows 10): Executed 590 of 1460[31m (9 FAILED)[39m (0 secs / 2.169 secs)
[1A[2KChrome Headless 150.0.0.0 (Windows 10): Executed 591 of 1460[31m (9 FAILED)[39m (0 secs / 2.171 secs)
[1A[2K[31mChrome Headless 150.0.0.0 (Windows 10) EvaluationPageComponent should handle businessStatusMessage branches FAILED[39m
	Expected 'LΓÇÖ├⌐valuation nΓÇÖa pas pu ├¬tre effectu├⌐e.' to contain 'n'a pas pu ├¬tre effectu├⌐e'.
	    at <Jasmine>
	    at UserContext.apply (src/app/backoffice/evaluations/evaluation-page.component.spec.ts:576:35)
	    at _ZoneDelegate.invoke (node_modules/zone.js/fesm2015/zone.js:398:28)
	    at ProxyZoneSpec.onInvoke (node_modules/zone.js/fesm2015/zone-testing.js:2132:39)
	    at _ZoneDelegate.invoke (node_modules/zone.js/fesm2015/zone.js:397:34)
Chrome Headless 150.0.0.0 (Windows 10): Executed 592 of 1460[31m (10 FAILED)[39m (0 secs / 2.194 secs)
[1A[2KChrome Headless 150.0.0.0 (Windows 10): Executed 593 of 1460[31m (10 FAILED)[39m (0 secs / 2.196 secs)
[1A[2KChrome Headless 150.0.0.0 (Windows 10): Executed 594 of 1460[31m (10 FAILED)[39m (0 secs / 2.197 secs)
[1A[2KChrome Headless 150.0.0.0 (Windows 10): Executed 595 of 1460[31m (10 FAILED)[39m (0 secs / 2.198 secs)
[1A[2KChrome Headless 150.0.0.0 (Windows 10): Executed 596 of 1460[31m (10 FAILED)[39m (0 secs / 2.2 secs)
[1A[2KChrome Headless 150.0.0.0 (Windows 10): Executed 597 of 1460[31m (10 FAILED)[39m (0 secs / 2.201 secs)
[1A[2KChrome Headless 150.0.0.0 (Windows 10): Executed 598 of 1460[31m (10 FAILED)[39m (0 secs / 2.203 secs)
[1A[2KChrome Headless 150.0.0.0 (Windows 10): Executed 599 of 1460[31m (10 FAILED)[39m (0 secs / 2.205 secs)
[1A[2KChrome Headless 150.0.0.0 (Windows 10): Executed 600 of 1460[31m (10 FAILED)[39m (0 secs / 2.207 secs)
[1A[2KChrome Headless 150.0.0.0 (Windows 10): Executed 601 of 1460[31m (10 FAILED)[39m (0 secs / 2.208 secs)
[1A[2KChrome Headless 150.0.0.0 (Windows 10): Executed 602 of 1460[31m (10 FAILED)[39m (0 secs / 2.21 secs)
[1A[2KChrome Headless 150.0.0.0 (Windows 10): Executed 603 of 1460[31m (10 FAILED)[39m (0 secs / 2.211 secs)
[1A[2KChrome Headless 150.0.0.0 (Windows 10): Executed 604 of 1460[31m (10 FAILED)[39m (0 secs / 2.213 secs)
[1A[2KChrome Headless 150.0.0.0 (Windows 10): Executed 605 of 1460[31m (10 FAILED)[39m (0 secs / 2.215 secs)
[1A[2K[31mChrome Headless 150.0.0.0 (Windows 10) EvaluationPageComponent should compute projectEligibilityLabel from project properties FAILED[39m
	Expected 'Non ├⌐ligible' to be 'Non ├⌐valuable'.
	    at <Jasmine>
	    at UserContext.apply (src/app/backoffice/evaluations/evaluation-page.component.spec.ts:469:61)
	    at _ZoneDelegate.invoke (node_modules/zone.js/fesm2015/zone.js:398:28)
	    at ProxyZoneSpec.onInvoke (node_modules/zone.js/fesm2015/zone-testing.js:2132:39)
	    at _ZoneDelegate.invoke (node_modules/zone.js/fesm2015/zone.js:397:34)
Chrome Headless 150.0.0.0 (Windows 10): Executed 606 of 1460[31m (11 FAILED)[39m (0 secs / 2.217 secs)
[1A[2KChrome Headless 150.0.0.0 (Windows 10): Executed 607 of 1460[31m (11 FAILED)[39m (0 secs / 2.219 secs)
[1A[2KChrome Headless 150.0.0.0 (Windows 10): Executed 608 of 1460[31m (11 FAILED)[39m (0 secs / 2.22 secs)
[1A[2K[31mChrome Headless 150.0.0.0 (Windows 10) EvaluationPageComponent should handle evaluation action errors FAILED[39m
	Expected 'Action impossible sur cette evaluation.' to be 'Erreur lors du calcul du score.'.
	    at <Jasmine>
	    at UserContext.apply (src/app/backoffice/evaluations/evaluation-page.component.spec.ts:400:35)
	    at _ZoneDelegate.invoke (node_modules/zone.js/fesm2015/zone.js:398:28)
	    at ProxyZoneSpec.onInvoke (node_modules/zone.js/fesm2015/zone-testing.js:2132:39)
	    at _ZoneDelegate.invoke (node_modules/zone.js/fesm2015/zone.js:397:34)
Chrome Headless 150.0.0.0 (Windows 10): Executed 609 of 1460[31m (12 FAILED)[39m (0 secs / 2.222 secs)
[1A[2KChrome Headless 150.0.0.0 (Windows 10): Executed 610 of 1460[31m (12 FAILED)[39m (0 secs / 2.224 secs)
[1A[2KChrome Headless 150.0.0.0 (Windows 10): Executed 611 of 1460[31m (12 FAILED)[39m (0 secs / 2.225 secs)
[1A[2KChrome Headless 150.0.0.0 (Windows 10): Executed 612 of 1460[31m (12 FAILED)[39m (0 secs / 2.227 secs)
[1A[2KChrome Headless 150.0.0.0 (Windows 10): Executed 613 of 1460[31m (12 FAILED)[39m (0 secs / 2.228 secs)
[1A[2KChrome Headless 150.0.0.0 (Windows 10): Executed 614 of 1460[31m (12 FAILED)[39m (0 secs / 2.23 secs)
[1A[2KChrome Headless 150.0.0.0 (Windows 10): Executed 615 of 1460[31m (12 FAILED)[39m (0 secs / 2.232 secs)
[1A[2KChrome Headless 150.0.0.0 (Windows 10): Executed 616 of 1460[31m (12 FAILED)[39m (0 secs / 2.234 secs)
[1A[2K[31mChrome Headless 150.0.0.0 (Windows 10) EvaluationPageComponent should format status labels and complete destroy lifecycle FAILED[39m
	Expected 'R├⌐alisation termin├⌐e' to be 'Realisation terminee'.
	    at <Jasmine>
	    at UserContext.apply (src/app/backoffice/evaluations/evaluation-page.component.spec.ts:262:59)
	    at _ZoneDelegate.invoke (node_modules/zone.js/fesm2015/zone.js:398:28)
	    at ProxyZoneSpec.onInvoke (node_modules/zone.js/fesm2015/zone-testing.js:2132:39)
	    at _ZoneDelegate.invoke (node_modules/zone.js/fesm2015/zone.js:397:34)
Chrome Headless 150.0.0.0 (Windows 10): Executed 617 of 1460[31m (13 FAILED)[39m (0 secs / 2.236 secs)
[1A[2KChrome Headless 150.0.0.0 (Windows 10): Executed 618 of 1460[31m (13 FAILED)[39m (0 secs / 2.237 secs)
[1A[2KChrome Headless 150.0.0.0 (Windows 10): Executed 619 of 1460[31m (13 FAILED)[39m (0 secs / 2.238 secs)
[1A[2KChrome Headless 150.0.0.0 (Windows 10): Executed 620 of 1460[31m (13 FAILED)[39m (0 secs / 2.239 secs)
[1A[2KChrome Headless 150.0.0.0 (Windows 10): Executed 621 of 1460[31m (13 FAILED)[39m (0 secs / 2.241 secs)
[1A[2KChrome Headless 150.0.0.0 (Windows 10): Executed 622 of 1460[31m (13 FAILED)[39m (0 secs / 2.243 secs)
[1A[2KChrome Headless 150.0.0.0 (Windows 10): Executed 623 of 1460[31m (13 FAILED)[39m (0 secs / 2.245 secs)
[1A[2KChrome Headless 150.0.0.0 (Windows 10): Executed 624 of 1460[31m (13 FAILED)[39m (0 secs / 2.247 secs)
[1A[2KChrome Headless 150.0.0.0 (Windows 10): Executed 625 of 1460[31m (13 FAILED)[39m (0 secs / 2.248 secs)
[1A[2KChrome Headless 150.0.0.0 (Windows 10): Executed 626 of 1460[31m (13 FAILED)[39m (0 secs / 2.25 secs)
[1A[2KChrome Headless 150.0.0.0 (Windows 10): Executed 627 of 1460[31m (13 FAILED)[39m (0 secs / 2.251 secs)
[1A[2KChrome Headless 150.0.0.0 (Windows 10): Executed 628 of 1460[31m (13 FAILED)[39m (0 secs / 2.253 secs)
[1A[2K[31mChrome Headless 150.0.0.0 (Windows 10) EvaluationPageComponent should filter projects with normalized text and eligibility labels FAILED[39m
	Expected $.length = 2 to equal 1.
	Unexpected $[1] = 3 in array.
	    at <Jasmine>
	    at UserContext.apply (src/app/backoffice/evaluations/evaluation-page.component.spec.ts:133:71)
	    at _ZoneDelegate.invoke (node_modules/zone.js/fesm2015/zone.js:398:28)
	    at ProxyZoneSpec.onInvoke (node_modules/zone.js/fesm2015/zone-testing.js:2132:39)
	    at _ZoneDelegate.invoke (node_modules/zone.js/fesm2015/zone.js:397:34)
Chrome Headless 150.0.0.0 (Windows 10): Executed 629 of 1460[31m (14 FAILED)[39m (0 secs / 2.255 secs)
[1A[2KChrome Headless 150.0.0.0 (Windows 10): Executed 630 of 1460[31m (14 FAILED)[39m (0 secs / 2.257 secs)
[1A[2KChrome Headless 150.0.0.0 (Windows 10): Executed 631 of 1460[31m (14 FAILED)[39m (0 secs / 2.259 secs)
[1A[2KChrome Headless 150.0.0.0 (Windows 10): Executed 632 of 1460[31m (14 FAILED)[39m (0 secs / 2.26 secs)
[1A[2K[31mChrome Headless 150.0.0.0 (Windows 10) EvaluationPageComponent should reject override with invalid score FAILED[39m
	Expected null to be 'Le score override doit etre compris entre 0 et 100.'.
	    at <Jasmine>
	    at UserContext.apply (src/app/backoffice/evaluations/evaluation-page.component.spec.ts:367:35)
	    at _ZoneDelegate.invoke (node_modules/zone.js/fesm2015/zone.js:398:28)
	    at ProxyZoneSpec.onInvoke (node_modules/zone.js/fesm2015/zone-testing.js:2132:39)
	    at _ZoneDelegate.invoke (node_modules/zone.js/fesm2015/zone.js:397:34)
Chrome Headless 150.0.0.0 (Windows 10): Executed 633 of 1460[31m (15 FAILED)[39m (0 secs / 2.262 secs)
[1A[2KChrome Headless 150.0.0.0 (Windows 10): Executed 634 of 1460[31m (15 FAILED)[39m (0 secs / 2.264 secs)
[1A[2KChrome Headless 150.0.0.0 (Windows 10): Executed 635 of 1460[31m (15 FAILED)[39m (0 secs / 2.265 secs)
[1A[2KChrome Headless 150.0.0.0 (Windows 10): Executed 636 of 1460[31m (15 FAILED)[39m (0 secs / 2.28 secs)
[1A[2KChrome Headless 150.0.0.0 (Windows 10): Executed 637 of 1460[31m (15 FAILED)[39m (0 secs / 2.284 secs)
[1A[2KChrome Headless 150.0.0.0 (Windows 10): Executed 638 of 1460[31m (15 FAILED)[39m (0 secs / 2.288 secs)
[1A[2KChrome Headless 150.0.0.0 (Windows 10): Executed 639 of 1460[31m (15 FAILED)[39m (0 secs / 2.29 secs)
[1A[2KChrome Headless 150.0.0.0 (Windows 10): Executed 640 of 1460[31m (15 FAILED)[39m (0 secs / 2.32 secs)
[1A[2KChrome Headless 150.0.0.0 (Windows 10): Executed 641 of 1460[31m (15 FAILED)[39m (0 secs / 2.323 secs)
[1A[2KChrome Headless 150.0.0.0 (Windows 10): Executed 642 of 1460[31m (15 FAILED)[39m (0 secs / 2.324 secs)
[1A[2KChrome Headless 150.0.0.0 (Windows 10): Executed 643 of 1460[31m (15 FAILED)[39m (0 secs / 2.326 secs)
[1A[2KChrome Headless 150.0.0.0 (Windows 10): Executed 644 of 1460[31m (15 FAILED)[39m (0 secs / 2.327 secs)
[1A[2KChrome Headless 150.0.0.0 (Windows 10): Executed 645 of 1460[31m (15 FAILED)[39m (0 secs / 2.329 secs)
[1A[2KChrome Headless 150.0.0.0 (Windows 10): Executed 646 of 1460[31m (15 FAILED)[39m (0 secs / 2.331 secs)
[1A[2KChrome Headless 150.0.0.0 (Windows 10): Executed 647 of 1460[31m (15 FAILED)[39m (0 secs / 2.332 secs)
[1A[2KChrome Headless 150.0.0.0 (Windows 10): Executed 648 of 1460[31m (15 FAILED)[39m (0 secs / 2.333 secs)
[1A[2KChrome Headless 150.0.0.0 (Windows 10): Executed 649 of 1460[31m (15 FAILED)[39m (0 secs / 2.338 secs)
[1A[2KChrome Headless 150.0.0.0 (Windows 10): Executed 650 of 1460[31m (15 FAILED)[39m (0 secs / 2.34 secs)
[1A[2KChrome Headless 150.0.0.0 (Windows 10): Executed 651 of 1460[31m (15 FAILED)[39m (0 secs / 2.343 secs)
[1A[2KChrome Headless 150.0.0.0 (Windows 10): Executed 652 of 1460[31m (15 FAILED)[39m (0 secs / 2.344 secs)
[1A[2K[31mChrome Headless 150.0.0.0 (Windows 10) CiIndustrialisationComponent should compute eligibilityDisplay for all statuses FAILED[39m
	Expected 'Non ├⌐ligible en lΓÇÖ├⌐tat' to be 'Non ├⌐ligible en l ├⌐tat'.
	    at <Jasmine>
	    at UserContext.apply (src/app/ci/industrialisation/ci-industrialisation.component.spec.ts:377:59)
	    at _ZoneDelegate.invoke (node_modules/zone.js/fesm2015/zone.js:398:28)
	    at ProxyZoneSpec.onInvoke (node_modules/zone.js/fesm2015/zone-testing.js:2132:39)
	    at _ZoneDelegate.invoke (node_modules/zone.js/fesm2015/zone.js:397:34)
Chrome Headless 150.0.0.0 (Windows 10): Executed 653 of 1460[31m (16 FAILED)[39m (0 secs / 2.345 secs)
[1A[2KChrome Headless 150.0.0.0 (Windows 10): Executed 654 of 1460[31m (16 FAILED)[39m (0 secs / 2.346 secs)
[1A[2KChrome Headless 150.0.0.0 (Windows 10): Executed 655 of 1460[31m (16 FAILED)[39m (0 secs / 2.348 secs)
[1A[2KChrome Headless 150.0.0.0 (Windows 10): Executed 656 of 1460[31m (16 FAILED)[39m (0 secs / 2.35 secs)
[1A[2K[31mChrome Headless 150.0.0.0 (Windows 10) CiIndustrialisationComponent should compute eliminatoryWarningCount from candidature.eliminatoryWarningsCount FAILED[39m
	Expected 0 to be 3.
	    at <Jasmine>
	    at UserContext.apply (src/app/ci/industrialisation/ci-industrialisation.component.spec.ts:549:58)
	    at _ZoneDelegate.invoke (node_modules/zone.js/fesm2015/zone.js:398:28)
	    at ProxyZoneSpec.onInvoke (node_modules/zone.js/fesm2015/zone-testing.js:2132:39)
	    at _ZoneDelegate.invoke (node_modules/zone.js/fesm2015/zone.js:397:34)
Chrome Headless 150.0.0.0 (Windows 10): Executed 657 of 1460[31m (17 FAILED)[39m (0 secs / 2.351 secs)
[1A[2KChrome Headless 150.0.0.0 (Windows 10): Executed 658 of 1460[31m (17 FAILED)[39m (0 secs / 2.353 secs)
[1A[2KChrome Headless 150.0.0.0 (Windows 10): Executed 659 of 1460[31m (17 FAILED)[39m (0 secs / 2.359 secs)
[1A[2KChrome Headless 150.0.0.0 (Windows 10): Executed 660 of 1460[31m (17 FAILED)[39m (0 secs / 2.362 secs)
[1A[2K[31mChrome Headless 150.0.0.0 (Windows 10) CiIndustrialisationComponent should compute recommendationExplanation with elim warning count > 0 FAILED[39m
	Expected 'La decision GO / NO GO reste manuelle pour la CI.' to contain 'Alerte ├⌐liminatoire'.
	    at <Jasmine>
	    at UserContext.apply (src/app/ci/industrialisation/ci-industrialisation.component.spec.ts:520:66)
	    at _ZoneDelegate.invoke (node_modules/zone.js/fesm2015/zone.js:398:28)
	    at ProxyZoneSpec.onInvoke (node_modules/zone.js/fesm2015/zone-testing.js:2132:39)
	    at _ZoneDelegate.invoke (node_modules/zone.js/fesm2015/zone.js:397:34)
Chrome Headless 150.0.0.0 (Windows 10): Executed 661 of 1460[31m (18 FAILED)[39m (0 secs / 2.365 secs)
[1A[2KChrome Headless 150.0.0.0 (Windows 10): Executed 662 of 1460[31m (18 FAILED)[39m (0 secs / 2.367 secs)
[1A[2KChrome Headless 150.0.0.0 (Windows 10): Executed 663 of 1460[31m (18 FAILED)[39m (0 secs / 2.369 secs)
[1A[2KChrome Headless 150.0.0.0 (Windows 10): Executed 664 of 1460[31m (18 FAILED)[39m (0 secs / 2.371 secs)
[1A[2KChrome Headless 150.0.0.0 (Windows 10): Executed 665 of 1460[31m (18 FAILED)[39m (0 secs / 2.372 secs)
[1A[2KChrome Headless 150.0.0.0 (Windows 10): Executed 666 of 1460[31m (18 FAILED)[39m (0 secs / 2.374 secs)
[1A[2KChrome Headless 150.0.0.0 (Windows 10): Executed 667 of 1460[31m (18 FAILED)[39m (0 secs / 2.376 secs)
[1A[2KChrome Headless 150.0.0.0 (Windows 10): Executed 668 of 1460[31m (18 FAILED)[39m (0 secs / 2.378 secs)
[1A[2KChrome Headless 150.0.0.0 (Windows 10): Executed 669 of 1460[31m (18 FAILED)[39m (0 secs / 2.382 secs)
[1A[2KChrome Headless 150.0.0.0 (Windows 10): Executed 670 of 1460[31m (18 FAILED)[39m (0 secs / 2.384 secs)
[1A[2KChrome Headless 150.0.0.0 (Windows 10): Executed 671 of 1460[31m (18 FAILED)[39m (0 secs / 2.386 secs)
[1A[2K[31mChrome Headless 150.0.0.0 (Windows 10) CiIndustrialisationComponent should compute useBackendIndustrialisationScore and backendIndustrialisationScore FAILED[39m
	Expected false to be true.
	    at <Jasmine>
	    at UserContext.apply (src/app/ci/industrialisation/ci-industrialisation.component.spec.ts:477:69)
	    at _ZoneDelegate.invoke (node_modules/zone.js/fesm2015/zone.js:398:28)
	    at ProxyZoneSpec.onInvoke (node_modules/zone.js/fesm2015/zone-testing.js:2132:39)
	    at _ZoneDelegate.invoke (node_modules/zone.js/fesm2015/zone.js:397:34)
	Expected null to be Object({ candidatureId: 11, projetId: 42, scoreFinal: 82, decisionRecommandee: 'GO', estBloqueParEliminatoire: false, blocagesEliminatoires: [  ], scoreQuestions: 80, scoreLivrables: 90, scoreCriteresNotes: 75, detailsCalcul: [ Object({ composant: 'QUESTIONNAIRE', reference: 'Q1', libelle: 'Question', score: 80, poids: 1, statut: 'OK', details: '', revueManuelleRequise: false }) ], elementsManquants: [  ], message: 'GO recommande' }). Tip: To check for deep equality, use .toEqual() instead of .toBe().
	    at <Jasmine>
	    at UserContext.apply (src/app/ci/industrialisation/ci-industrialisation.component.spec.ts:478:66)
	    at _ZoneDelegate.invoke (node_modules/zone.js/fesm2015/zone.js:398:28)
	    at ProxyZoneSpec.onInvoke (node_modules/zone.js/fesm2015/zone-testing.js:2132:39)
	    at _ZoneDelegate.invoke (node_modules/zone.js/fesm2015/zone.js:397:34)
Chrome Headless 150.0.0.0 (Windows 10): Executed 672 of 1460[31m (19 FAILED)[39m (0 secs / 2.388 secs)
[1A[2K[31mChrome Headless 150.0.0.0 (Windows 10) CiIndustrialisationComponent should compute currentDecisionOrEligibility FAILED[39m
	Expected '├ëligible industrialisation' to be 'Non ├⌐ligible'.
	    at <Jasmine>
	    at UserContext.apply (src/app/ci/industrialisation/ci-industrialisation.component.spec.ts:469:60)
	    at _ZoneDelegate.invoke (node_modules/zone.js/fesm2015/zone.js:398:28)
	    at ProxyZoneSpec.onInvoke (node_modules/zone.js/fesm2015/zone-testing.js:2132:39)
	    at _ZoneDelegate.invoke (node_modules/zone.js/fesm2015/zone.js:397:34)
Chrome Headless 150.0.0.0 (Windows 10): Executed 673 of 1460[31m (20 FAILED)[39m (0 secs / 2.39 secs)
[1A[2KChrome Headless 150.0.0.0 (Windows 10): Executed 674 of 1460[31m (20 FAILED)[39m (0 secs / 2.392 secs)
[1A[2K[31mChrome Headless 150.0.0.0 (Windows 10) CiIndustrialisationComponent should compute currentDecisionOrEligibility with score FAILED[39m
	Expected '├ëligible industrialisation' to be 'GO'.
	    at <Jasmine>
	    at UserContext.apply (src/app/ci/industrialisation/ci-industrialisation.component.spec.ts:473:65)
	    at _ZoneDelegate.invoke (node_modules/zone.js/fesm2015/zone.js:398:28)
	    at ProxyZoneSpec.onInvoke (node_modules/zone.js/fesm2015/zone-testing.js:2132:39)
	    at _ZoneDelegate.invoke (node_modules/zone.js/fesm2015/zone.js:397:34)
Chrome Headless 150.0.0.0 (Windows 10): Executed 675 of 1460[31m (21 FAILED)[39m (0 secs / 2.394 secs)
[1A[2KChrome Headless 150.0.0.0 (Windows 10): Executed 676 of 1460[31m (21 FAILED)[39m (0 secs / 2.396 secs)
[1A[2KChrome Headless 150.0.0.0 (Windows 10): Executed 677 of 1460[31m (21 FAILED)[39m (0 secs / 2.398 secs)
[1A[2KChrome Headless 150.0.0.0 (Windows 10): Executed 678 of 1460[31m (21 FAILED)[39m (0 secs / 2.399 secs)
[1A[2KChrome Headless 150.0.0.0 (Windows 10): Executed 679 of 1460[31m (21 FAILED)[39m (0 secs / 2.4 secs)
[1A[2KChrome Headless 150.0.0.0 (Windows 10): Executed 680 of 1460[31m (21 FAILED)[39m (0 secs / 2.402 secs)
[1A[2KChrome Headless 150.0.0.0 (Windows 10): Executed 681 of 1460[31m (21 FAILED)[39m (0 secs / 2.404 secs)
[1A[2KChrome Headless 150.0.0.0 (Windows 10): Executed 682 of 1460[31m (21 FAILED)[39m (0 secs / 2.405 secs)
[1A[2KChrome Headless 150.0.0.0 (Windows 10): Executed 683 of 1460[31m (21 FAILED)[39m (0 secs / 2.405 secs)
[1A[2KChrome Headless 150.0.0.0 (Windows 10): Executed 684 of 1460[31m (21 FAILED)[39m (0 secs / 2.405 secs)
[1A[2KChrome Headless 150.0.0.0 (Windows 10): Executed 685 of 1460[31m (21 FAILED)[39m (0 secs / 2.405 secs)
[1A[2KChrome Headless 150.0.0.0 (Windows 10): Executed 686 of 1460[31m (21 FAILED)[39m (0 secs / 2.406 secs)
[1A[2KChrome Headless 150.0.0.0 (Windows 10): Executed 687 of 1460[31m (21 FAILED)[39m (0 secs / 2.406 secs)
[1A[2KChrome Headless 150.0.0.0 (Windows 10): Executed 688 of 1460[31m (21 FAILED)[39m (0 secs / 2.407 secs)
[1A[2KChrome Headless 150.0.0.0 (Windows 10): Executed 689 of 1460[31m (21 FAILED)[39m (0 secs / 2.421 secs)
[1A[2KChrome Headless 150.0.0.0 (Windows 10): Executed 690 of 1460[31m (21 FAILED)[39m (0 secs / 2.424 secs)
[1A[2KChrome Headless 150.0.0.0 (Windows 10): Executed 691 of 1460[31m (21 FAILED)[39m (0 secs / 2.426 secs)
[1A[2KWARN: [36m'Spec 'ValidationProjets confirmerValidation with no target does nothing' has no expectations.'[39m
Chrome Headless 150.0.0.0 (Windows 10): Executed 691 of 1460[31m (21 FAILED)[39m (0 secs / 2.426 secs)
WARN: 'Spec 'ValidationProjets confirmerValidation with no target does nothing' has no expectations.'
[1A[2KChrome Headless 150.0.0.0 (Windows 10): Executed 692 of 1460[31m (21 FAILED)[39m (0 secs / 2.429 secs)
[1A[2KChrome Headless 150.0.0.0 (Windows 10): Executed 693 of 1460[31m (21 FAILED)[39m (0 secs / 2.431 secs)
[1A[2KWARN: [36m'Spec 'ValidationProjets confirmerRefus with no target does nothing' has no expectations.'[39m
Chrome Headless 150.0.0.0 (Windows 10): Executed 693 of 1460[31m (21 FAILED)[39m (0 secs / 2.431 secs)
WARN: 'Spec 'ValidationProjets confirmerRefus with no target does nothing' has no expectations.'
[1A[2KChrome Headless 150.0.0.0 (Windows 10): Executed 694 of 1460[31m (21 FAILED)[39m (0 secs / 2.434 secs)
[1A[2KChrome Headless 150.0.0.0 (Windows 10): Executed 695 of 1460[31m (21 FAILED)[39m (0 secs / 2.437 secs)
[1A[2KChrome Headless 150.0.0.0 (Windows 10): Executed 696 of 1460[31m (21 FAILED)[39m (0 secs / 2.439 secs)
[1A[2KChrome Headless 150.0.0.0 (Windows 10): Executed 697 of 1460[31m (21 FAILED)[39m (0 secs / 2.441 secs)
[1A[2KChrome Headless 150.0.0.0 (Windows 10): Executed 698 of 1460[31m (21 FAILED)[39m (0 secs / 2.443 secs)
[1A[2KChrome Headless 150.0.0.0 (Windows 10): Executed 699 of 1460[31m (21 FAILED)[39m (0 secs / 2.445 secs)
[1A[2KChrome Headless 150.0.0.0 (Windows 10): Executed 700 of 1460[31m (21 FAILED)[39m (0 secs / 2.447 secs)
[1A[2KChrome Headless 150.0.0.0 (Windows 10): Executed 701 of 1460[31m (21 FAILED)[39m (0 secs / 2.449 secs)
[1A[2KChrome Headless 150.0.0.0 (Windows 10): Executed 702 of 1460[31m (21 FAILED)[39m (0 secs / 2.452 secs)
[1A[2KChrome Headless 150.0.0.0 (Windows 10): Executed 703 of 1460[31m (21 FAILED)[39m (0 secs / 2.454 secs)
[1A[2KChrome Headless 150.0.0.0 (Windows 10): Executed 704 of 1460[31m (21 FAILED)[39m (0 secs / 2.456 secs)
[1A[2KChrome Headless 150.0.0.0 (Windows 10): Executed 705 of 1460[31m (21 FAILED)[39m (0 secs / 2.458 secs)
[1A[2KChrome Headless 150.0.0.0 (Windows 10): Executed 706 of 1460[31m (21 FAILED)[39m (0 secs / 2.458 secs)
[1A[2KChrome Headless 150.0.0.0 (Windows 10): Executed 707 of 1460[31m (21 FAILED)[39m (0 secs / 2.459 secs)
[1A[2KChrome Headless 150.0.0.0 (Windows 10): Executed 708 of 1460[31m (21 FAILED)[39m (0 secs / 2.46 secs)
[1A[2KChrome Headless 150.0.0.0 (Windows 10): Executed 709 of 1460[31m (21 FAILED)[39m (0 secs / 2.48 secs)
[1A[2KChrome Headless 150.0.0.0 (Windows 10): Executed 710 of 1460[31m (21 FAILED)[39m (0 secs / 2.484 secs)
[1A[2KChrome Headless 150.0.0.0 (Windows 10): Executed 711 of 1460[31m (21 FAILED)[39m (0 secs / 2.488 secs)
[1A[2KChrome Headless 150.0.0.0 (Windows 10): Executed 712 of 1460[31m (21 FAILED)[39m (0 secs / 2.491 secs)
[1A[2KChrome Headless 150.0.0.0 (Windows 10): Executed 713 of 1460[31m (21 FAILED)[39m (0 secs / 2.495 secs)
[1A[2KChrome Headless 150.0.0.0 (Windows 10): Executed 714 of 1460[31m (21 FAILED)[39m (0 secs / 2.499 secs)
[1A[2KChrome Headless 150.0.0.0 (Windows 10): Executed 715 of 1460[31m (21 FAILED)[39m (0 secs / 2.502 secs)
[1A[2KChrome Headless 150.0.0.0 (Windows 10): Executed 716 of 1460[31m (21 FAILED)[39m (0 secs / 2.506 secs)
[1A[2KChrome Headless 150.0.0.0 (Windows 10): Executed 717 of 1460[31m (21 FAILED)[39m (0 secs / 2.51 secs)
[1A[2KChrome Headless 150.0.0.0 (Windows 10): Executed 718 of 1460[31m (21 FAILED)[39m (0 secs / 2.514 secs)
[1A[2KChrome Headless 150.0.0.0 (Windows 10): Executed 719 of 1460[31m (21 FAILED)[39m (0 secs / 2.519 secs)
[1A[2KChrome Headless 150.0.0.0 (Windows 10): Executed 720 of 1460[31m (21 FAILED)[39m (0 secs / 2.523 secs)
[1A[2KChrome Headless 150.0.0.0 (Windows 10): Executed 721 of 1460[31m (21 FAILED)[39m (0 secs / 2.527 secs)
[1A[2KChrome Headless 150.0.0.0 (Windows 10): Executed 722 of 1460[31m (21 FAILED)[39m (0 secs / 2.55 secs)
[1A[2KChrome Headless 150.0.0.0 (Windows 10): Executed 723 of 1460[31m (21 FAILED)[39m (0 secs / 2.555 secs)
[1A[2KChrome Headless 150.0.0.0 (Windows 10): Executed 724 of 1460[31m (21 FAILED)[39m (0 secs / 2.561 secs)
[1A[2KChrome Headless 150.0.0.0 (Windows 10): Executed 725 of 1460[31m (21 FAILED)[39m (0 secs / 2.565 secs)
[1A[2KChrome Headless 150.0.0.0 (Windows 10): Executed 726 of 1460[31m (21 FAILED)[39m (0 secs / 2.569 secs)
[1A[2KChrome Headless 150.0.0.0 (Windows 10): Executed 727 of 1460[31m (21 FAILED)[39m (0 secs / 2.573 secs)
[1A[2KChrome Headless 150.0.0.0 (Windows 10): Executed 728 of 1460[31m (21 FAILED)[39m (0 secs / 2.577 secs)
[1A[2KChrome Headless 150.0.0.0 (Windows 10): Executed 729 of 1460[31m (21 FAILED)[39m (0 secs / 2.581 secs)
[1A[2KChrome Headless 150.0.0.0 (Windows 10): Executed 730 of 1460[31m (21 FAILED)[39m (0 secs / 2.585 secs)
[1A[2KChrome Headless 150.0.0.0 (Windows 10): Executed 731 of 1460[31m (21 FAILED)[39m (0 secs / 2.588 secs)
[1A[2KChrome Headless 150.0.0.0 (Windows 10): Executed 732 of 1460[31m (21 FAILED)[39m (0 secs / 2.591 secs)
[1A[2KChrome Headless 150.0.0.0 (Windows 10): Executed 733 of 1460[31m (21 FAILED)[39m (0 secs / 2.595 secs)
[1A[2KChrome Headless 150.0.0.0 (Windows 10): Executed 734 of 1460[31m (21 FAILED)[39m (0 secs / 2.599 secs)
[1A[2KChrome Headless 150.0.0.0 (Windows 10): Executed 735 of 1460[31m (21 FAILED)[39m (0 secs / 2.603 secs)
[1A[2KChrome Headless 150.0.0.0 (Windows 10): Executed 736 of 1460[31m (21 FAILED)[39m (0 secs / 2.607 secs)
[1A[2KChrome Headless 150.0.0.0 (Windows 10): Executed 737 of 1460[31m (21 FAILED)[39m (0 secs / 2.611 secs)
[1A[2KChrome Headless 150.0.0.0 (Windows 10): Executed 738 of 1460[31m (21 FAILED)[39m (0 secs / 2.614 secs)
[1A[2KChrome Headless 150.0.0.0 (Windows 10): Executed 739 of 1460[31m (21 FAILED)[39m (0 secs / 2.637 secs)
[1A[2KChrome Headless 150.0.0.0 (Windows 10): Executed 740 of 1460[31m (21 FAILED)[39m (0 secs / 2.64 secs)
[1A[2KChrome Headless 150.0.0.0 (Windows 10): Executed 741 of 1460[31m (21 FAILED)[39m (0 secs / 2.644 secs)
[1A[2KChrome Headless 150.0.0.0 (Windows 10): Executed 742 of 1460[31m (21 FAILED)[39m (0 secs / 2.647 secs)
[1A[2KChrome Headless 150.0.0.0 (Windows 10): Executed 743 of 1460[31m (21 FAILED)[39m (0 secs / 2.65 secs)
[1A[2KChrome Headless 150.0.0.0 (Windows 10): Executed 744 of 1460[31m (21 FAILED)[39m (0 secs / 2.653 secs)
[1A[2KChrome Headless 150.0.0.0 (Windows 10): Executed 745 of 1460[31m (21 FAILED)[39m (0 secs / 2.658 secs)
[1A[2KChrome Headless 150.0.0.0 (Windows 10): Executed 746 of 1460[31m (21 FAILED)[39m (0 secs / 2.661 secs)
[1A[2KChrome Headless 150.0.0.0 (Windows 10): Executed 747 of 1460[31m (21 FAILED)[39m (0 secs / 2.664 secs)
[1A[2KChrome Headless 150.0.0.0 (Windows 10): Executed 748 of 1460[31m (21 FAILED)[39m (0 secs / 2.666 secs)
[1A[2KChrome Headless 150.0.0.0 (Windows 10): Executed 749 of 1460[31m (21 FAILED)[39m (0 secs / 2.668 secs)
[1A[2KChrome Headless 150.0.0.0 (Windows 10): Executed 750 of 1460[31m (21 FAILED)[39m (0 secs / 2.67 secs)
[1A[2KChrome Headless 150.0.0.0 (Windows 10): Executed 751 of 1460[31m (21 FAILED)[39m (0 secs / 2.673 secs)
[1A[2KChrome Headless 150.0.0.0 (Windows 10): Executed 752 of 1460[31m (21 FAILED)[39m (0 secs / 2.675 secs)
[1A[2KChrome Headless 150.0.0.0 (Windows 10): Executed 753 of 1460[31m (21 FAILED)[39m (0 secs / 2.678 secs)
[1A[2KChrome Headless 150.0.0.0 (Windows 10): Executed 754 of 1460[31m (21 FAILED)[39m (0 secs / 2.68 secs)
[1A[2KChrome Headless 150.0.0.0 (Windows 10): Executed 755 of 1460[31m (21 FAILED)[39m (0 secs / 2.682 secs)
[1A[2KChrome Headless 150.0.0.0 (Windows 10): Executed 756 of 1460[31m (21 FAILED)[39m (0 secs / 2.684 secs)
[1A[2KChrome Headless 150.0.0.0 (Windows 10): Executed 757 of 1460[31m (21 FAILED)[39m (0 secs / 2.687 secs)
[1A[2KChrome Headless 150.0.0.0 (Windows 10): Executed 758 of 1460[31m (21 FAILED)[39m (0 secs / 2.69 secs)
[1A[2KChrome Headless 150.0.0.0 (Windows 10): Executed 759 of 1460[31m (21 FAILED)[39m (0 secs / 2.692 secs)
[1A[2KChrome Headless 150.0.0.0 (Windows 10): Executed 760 of 1460[31m (21 FAILED)[39m (0 secs / 2.695 secs)
[1A[2KChrome Headless 150.0.0.0 (Windows 10): Executed 761 of 1460[31m (21 FAILED)[39m (0 secs / 2.697 secs)
[1A[2KChrome Headless 150.0.0.0 (Windows 10): Executed 762 of 1460[31m (21 FAILED)[39m (0 secs / 2.7 secs)
[1A[2KChrome Headless 150.0.0.0 (Windows 10): Executed 763 of 1460[31m (21 FAILED)[39m (0 secs / 2.702 secs)
[1A[2KChrome Headless 150.0.0.0 (Windows 10): Executed 764 of 1460[31m (21 FAILED)[39m (0 secs / 2.703 secs)
[1A[2KChrome Headless 150.0.0.0 (Windows 10): Executed 765 of 1460[31m (21 FAILED)[39m (0 secs / 2.704 secs)
[1A[2KChrome Headless 150.0.0.0 (Windows 10): Executed 766 of 1460[31m (21 FAILED)[39m (0 secs / 2.704 secs)
[1A[2KChrome Headless 150.0.0.0 (Windows 10): Executed 767 of 1460[31m (21 FAILED)[39m (0 secs / 2.705 secs)
[1A[2KChrome Headless 150.0.0.0 (Windows 10): Executed 768 of 1460[31m (21 FAILED)[39m (0 secs / 2.706 secs)
[1A[2KChrome Headless 150.0.0.0 (Windows 10): Executed 769 of 1460[31m (21 FAILED)[39m (0 secs / 2.706 secs)
[1A[2KChrome Headless 150.0.0.0 (Windows 10): Executed 770 of 1460[31m (21 FAILED)[39m (0 secs / 2.707 secs)
[1A[2KChrome Headless 150.0.0.0 (Windows 10): Executed 771 of 1460[31m (21 FAILED)[39m (0 secs / 2.708 secs)
[1A[2KChrome Headless 150.0.0.0 (Windows 10): Executed 772 of 1460[31m (21 FAILED)[39m (0 secs / 2.708 secs)
[1A[2KChrome Headless 150.0.0.0 (Windows 10): Executed 773 of 1460[31m (21 FAILED)[39m (0 secs / 2.709 secs)
[1A[2KChrome Headless 150.0.0.0 (Windows 10): Executed 774 of 1460[31m (21 FAILED)[39m (0 secs / 2.711 secs)
[1A[2KChrome Headless 150.0.0.0 (Windows 10): Executed 775 of 1460[31m (21 FAILED)[39m (0 secs / 2.712 secs)
[1A[2KChrome Headless 150.0.0.0 (Windows 10): Executed 776 of 1460[31m (21 FAILED)[39m (0 secs / 2.713 secs)
[1A[2KChrome Headless 150.0.0.0 (Windows 10): Executed 777 of 1460[31m (21 FAILED)[39m (0 secs / 2.717 secs)
[1A[2KChrome Headless 150.0.0.0 (Windows 10): Executed 778 of 1460[31m (21 FAILED)[39m (0 secs / 2.718 secs)
[1A[2KChrome Headless 150.0.0.0 (Windows 10): Executed 779 of 1460[31m (21 FAILED)[39m (0 secs / 2.719 secs)
[1A[2KChrome Headless 150.0.0.0 (Windows 10): Executed 780 of 1460[31m (21 FAILED)[39m (0 secs / 2.72 secs)
[1A[2KChrome Headless 150.0.0.0 (Windows 10): Executed 781 of 1460[31m (21 FAILED)[39m (0 secs / 2.72 secs)
[1A[2KChrome Headless 150.0.0.0 (Windows 10): Executed 782 of 1460[31m (21 FAILED)[39m (0 secs / 2.72 secs)
[1A[2KChrome Headless 150.0.0.0 (Windows 10): Executed 783 of 1460[31m (21 FAILED)[39m (0 secs / 2.721 secs)
[1A[2KChrome Headless 150.0.0.0 (Windows 10): Executed 784 of 1460[31m (21 FAILED)[39m (0 secs / 2.722 secs)
[1A[2KChrome Headless 150.0.0.0 (Windows 10): Executed 785 of 1460[31m (21 FAILED)[39m (0 secs / 2.722 secs)
[1A[2KChrome Headless 150.0.0.0 (Windows 10): Executed 786 of 1460[31m (21 FAILED)[39m (0 secs / 2.732 secs)
[1A[2KChrome Headless 150.0.0.0 (Windows 10): Executed 787 of 1460[31m (21 FAILED)[39m (0 secs / 2.734 secs)
[1A[2KChrome Headless 150.0.0.0 (Windows 10): Executed 788 of 1460[31m (21 FAILED)[39m (0 secs / 2.735 secs)
[1A[2KChrome Headless 150.0.0.0 (Windows 10): Executed 789 of 1460[31m (21 FAILED)[39m (0 secs / 2.737 secs)
[1A[2KChrome Headless 150.0.0.0 (Windows 10): Executed 790 of 1460[31m (21 FAILED)[39m (0 secs / 2.74 secs)
[1A[2KChrome Headless 150.0.0.0 (Windows 10): Executed 791 of 1460[31m (21 FAILED)[39m (0 secs / 2.741 secs)
[1A[2KChrome Headless 150.0.0.0 (Windows 10): Executed 792 of 1460[31m (21 FAILED)[39m (0 secs / 2.742 secs)
[1A[2KChrome Headless 150.0.0.0 (Windows 10): Executed 793 of 1460[31m (21 FAILED)[39m (0 secs / 2.744 secs)
[1A[2KChrome Headless 150.0.0.0 (Windows 10): Executed 794 of 1460[31m (21 FAILED)[39m (0 secs / 2.745 secs)
[1A[2KChrome Headless 150.0.0.0 (Windows 10): Executed 795 of 1460[31m (21 FAILED)[39m (0 secs / 2.747 secs)
[1A[2KChrome Headless 150.0.0.0 (Windows 10): Executed 796 of 1460[31m (21 FAILED)[39m (0 secs / 2.748 secs)
[1A[2KChrome Headless 150.0.0.0 (Windows 10): Executed 797 of 1460[31m (21 FAILED)[39m (0 secs / 2.75 secs)
[1A[2KChrome Headless 150.0.0.0 (Windows 10): Executed 798 of 1460[31m (21 FAILED)[39m (0 secs / 2.752 secs)
[1A[2KChrome Headless 150.0.0.0 (Windows 10): Executed 799 of 1460[31m (21 FAILED)[39m (0 secs / 2.754 secs)
[1A[2KChrome Headless 150.0.0.0 (Windows 10): Executed 800 of 1460[31m (21 FAILED)[39m (0 secs / 2.756 secs)
[1A[2KChrome Headless 150.0.0.0 (Windows 10): Executed 801 of 1460[31m (21 FAILED)[39m (0 secs / 2.757 secs)
[1A[2KChrome Headless 150.0.0.0 (Windows 10): Executed 802 of 1460[31m (21 FAILED)[39m (0 secs / 2.759 secs)
[1A[2KChrome Headless 150.0.0.0 (Windows 10): Executed 803 of 1460[31m (21 FAILED)[39m (0 secs / 2.76 secs)
[1A[2KChrome Headless 150.0.0.0 (Windows 10): Executed 804 of 1460[31m (21 FAILED)[39m (0 secs / 2.761 secs)
[1A[2KChrome Headless 150.0.0.0 (Windows 10): Executed 805 of 1460[31m (21 FAILED)[39m (0 secs / 2.764 secs)
[1A[2KChrome Headless 150.0.0.0 (Windows 10): Executed 806 of 1460[31m (21 FAILED)[39m (0 secs / 2.765 secs)
[1A[2KChrome Headless 150.0.0.0 (Windows 10): Executed 807 of 1460[31m (21 FAILED)[39m (0 secs / 2.767 secs)
[1A[2KChrome Headless 150.0.0.0 (Windows 10): Executed 808 of 1460[31m (21 FAILED)[39m (0 secs / 2.768 secs)
[1A[2KChrome Headless 150.0.0.0 (Windows 10): Executed 809 of 1460[31m (21 FAILED)[39m (0 secs / 2.769 secs)
[1A[2KChrome Headless 150.0.0.0 (Windows 10): Executed 810 of 1460[31m (21 FAILED)[39m (0 secs / 2.771 secs)
[1A[2KChrome Headless 150.0.0.0 (Windows 10): Executed 811 of 1460[31m (21 FAILED)[39m (0 secs / 2.773 secs)
[1A[2KChrome Headless 150.0.0.0 (Windows 10): Executed 812 of 1460[31m (21 FAILED)[39m (0 secs / 2.775 secs)
[1A[2KChrome Headless 150.0.0.0 (Windows 10): Executed 813 of 1460[31m (21 FAILED)[39m (0 secs / 2.78 secs)
[1A[2KChrome Headless 150.0.0.0 (Windows 10): Executed 814 of 1460[31m (21 FAILED)[39m (0 secs / 2.782 secs)
[1A[2KChrome Headless 150.0.0.0 (Windows 10): Executed 815 of 1460[31m (21 FAILED)[39m (0 secs / 2.783 secs)
[1A[2KChrome Headless 150.0.0.0 (Windows 10): Executed 816 of 1460[31m (21 FAILED)[39m (0 secs / 2.784 secs)
[1A[2KChrome Headless 150.0.0.0 (Windows 10): Executed 817 of 1460[31m (21 FAILED)[39m (0 secs / 2.786 secs)
[1A[2KChrome Headless 150.0.0.0 (Windows 10): Executed 818 of 1460[31m (21 FAILED)[39m (0 secs / 2.787 secs)
[1A[2KChrome Headless 150.0.0.0 (Windows 10): Executed 819 of 1460[31m (21 FAILED)[39m (0 secs / 2.788 secs)
[1A[2KChrome Headless 150.0.0.0 (Windows 10): Executed 820 of 1460[31m (21 FAILED)[39m (0 secs / 2.79 secs)
[1A[2KChrome Headless 150.0.0.0 (Windows 10): Executed 821 of 1460[31m (21 FAILED)[39m (0 secs / 2.792 secs)
[1A[2KChrome Headless 150.0.0.0 (Windows 10): Executed 822 of 1460[31m (21 FAILED)[39m (0 secs / 2.793 secs)
[1A[2KChrome Headless 150.0.0.0 (Windows 10): Executed 823 of 1460[31m (21 FAILED)[39m (0 secs / 2.795 secs)
[1A[2KChrome Headless 150.0.0.0 (Windows 10): Executed 824 of 1460[31m (21 FAILED)[39m (0 secs / 2.796 secs)
[1A[2KChrome Headless 150.0.0.0 (Windows 10): Executed 825 of 1460[31m (21 FAILED)[39m (0 secs / 2.799 secs)
[1A[2KChrome Headless 150.0.0.0 (Windows 10): Executed 826 of 1460[31m (21 FAILED)[39m (0 secs / 2.801 secs)
[1A[2KChrome Headless 150.0.0.0 (Windows 10): Executed 827 of 1460[31m (21 FAILED)[39m (0 secs / 2.803 secs)
[1A[2KChrome Headless 150.0.0.0 (Windows 10): Executed 828 of 1460[31m (21 FAILED)[39m (0 secs / 2.806 secs)
[1A[2KChrome Headless 150.0.0.0 (Windows 10): Executed 829 of 1460[31m (21 FAILED)[39m (0 secs / 2.807 secs)
[1A[2KChrome Headless 150.0.0.0 (Windows 10): Executed 830 of 1460[31m (21 FAILED)[39m (0 secs / 2.809 secs)
[1A[2KChrome Headless 150.0.0.0 (Windows 10): Executed 831 of 1460[31m (21 FAILED)[39m (0 secs / 2.811 secs)
[1A[2KChrome Headless 150.0.0.0 (Windows 10): Executed 832 of 1460[31m (21 FAILED)[39m (0 secs / 2.813 secs)
[1A[2KChrome Headless 150.0.0.0 (Windows 10): Executed 833 of 1460[31m (21 FAILED)[39m (0 secs / 2.815 secs)
[1A[2KChrome Headless 150.0.0.0 (Windows 10): Executed 834 of 1460[31m (21 FAILED)[39m (0 secs / 2.817 secs)
[1A[2KChrome Headless 150.0.0.0 (Windows 10): Executed 835 of 1460[31m (21 FAILED)[39m (0 secs / 2.819 secs)
[1A[2KChrome Headless 150.0.0.0 (Windows 10): Executed 836 of 1460[31m (21 FAILED)[39m (0 secs / 2.82 secs)
[1A[2KChrome Headless 150.0.0.0 (Windows 10): Executed 837 of 1460[31m (21 FAILED)[39m (0 secs / 2.822 secs)
[1A[2KChrome Headless 150.0.0.0 (Windows 10): Executed 838 of 1460[31m (21 FAILED)[39m (0 secs / 2.824 secs)
[1A[2KChrome Headless 150.0.0.0 (Windows 10): Executed 839 of 1460[31m (21 FAILED)[39m (0 secs / 2.825 secs)
[1A[2KChrome Headless 150.0.0.0 (Windows 10): Executed 840 of 1460[31m (21 FAILED)[39m (0 secs / 2.826 secs)
[1A[2KChrome Headless 150.0.0.0 (Windows 10): Executed 841 of 1460[31m (21 FAILED)[39m (0 secs / 2.828 secs)
[1A[2KChrome Headless 150.0.0.0 (Windows 10): Executed 842 of 1460[31m (21 FAILED)[39m (0 secs / 2.83 secs)
[1A[2KChrome Headless 150.0.0.0 (Windows 10): Executed 843 of 1460[31m (21 FAILED)[39m (0 secs / 2.832 secs)
[1A[2KChrome Headless 150.0.0.0 (Windows 10): Executed 844 of 1460[31m (21 FAILED)[39m (0 secs / 2.834 secs)
[1A[2KChrome Headless 150.0.0.0 (Windows 10): Executed 845 of 1460[31m (21 FAILED)[39m (0 secs / 2.835 secs)
[1A[2KChrome Headless 150.0.0.0 (Windows 10): Executed 846 of 1460[31m (21 FAILED)[39m (0 secs / 2.836 secs)
[1A[2KChrome Headless 150.0.0.0 (Windows 10): Executed 847 of 1460[31m (21 FAILED)[39m (0 secs / 2.838 secs)
[1A[2KChrome Headless 150.0.0.0 (Windows 10): Executed 848 of 1460[31m (21 FAILED)[39m (0 secs / 2.84 secs)
[1A[2KChrome Headless 150.0.0.0 (Windows 10): Executed 849 of 1460[31m (21 FAILED)[39m (0 secs / 2.842 secs)
[1A[2KChrome Headless 150.0.0.0 (Windows 10): Executed 850 of 1460[31m (21 FAILED)[39m (0 secs / 2.843 secs)
[1A[2KChrome Headless 150.0.0.0 (Windows 10): Executed 851 of 1460[31m (21 FAILED)[39m (0 secs / 2.847 secs)
[1A[2KChrome Headless 150.0.0.0 (Windows 10): Executed 852 of 1460[31m (21 FAILED)[39m (0 secs / 2.847 secs)
[1A[2KChrome Headless 150.0.0.0 (Windows 10): Executed 853 of 1460[31m (21 FAILED)[39m (0 secs / 2.847 secs)
[1A[2KChrome Headless 150.0.0.0 (Windows 10): Executed 854 of 1460[31m (21 FAILED)[39m (0 secs / 2.848 secs)
[1A[2KChrome Headless 150.0.0.0 (Windows 10): Executed 855 of 1460[31m (21 FAILED)[39m (0 secs / 2.849 secs)
[1A[2KChrome Headless 150.0.0.0 (Windows 10): Executed 856 of 1460[31m (21 FAILED)[39m (0 secs / 2.849 secs)
[1A[2KChrome Headless 150.0.0.0 (Windows 10): Executed 857 of 1460[31m (21 FAILED)[39m (0 secs / 2.85 secs)
[1A[2KChrome Headless 150.0.0.0 (Windows 10): Executed 858 of 1460[31m (21 FAILED)[39m (0 secs / 2.851 secs)
[1A[2KChrome Headless 150.0.0.0 (Windows 10): Executed 859 of 1460[31m (21 FAILED)[39m (0 secs / 2.851 secs)
[1A[2KChrome Headless 150.0.0.0 (Windows 10): Executed 860 of 1460[31m (21 FAILED)[39m (0 secs / 2.852 secs)
[1A[2KChrome Headless 150.0.0.0 (Windows 10): Executed 861 of 1460[31m (21 FAILED)[39m (0 secs / 2.853 secs)
[1A[2KChrome Headless 150.0.0.0 (Windows 10): Executed 862 of 1460[31m (21 FAILED)[39m (0 secs / 2.853 secs)
[1A[2KChrome Headless 150.0.0.0 (Windows 10): Executed 863 of 1460[31m (21 FAILED)[39m (0 secs / 2.853 secs)
[1A[2KChrome Headless 150.0.0.0 (Windows 10): Executed 864 of 1460[31m (21 FAILED)[39m (0 secs / 2.854 secs)
[1A[2KChrome Headless 150.0.0.0 (Windows 10): Executed 865 of 1460[31m (21 FAILED)[39m (0 secs / 2.855 secs)
[1A[2KChrome Headless 150.0.0.0 (Windows 10): Executed 866 of 1460[31m (21 FAILED)[39m (0 secs / 2.855 secs)
[1A[2KChrome Headless 150.0.0.0 (Windows 10): Executed 867 of 1460[31m (21 FAILED)[39m (0 secs / 2.855 secs)
[1A[2KChrome Headless 150.0.0.0 (Windows 10): Executed 868 of 1460[31m (21 FAILED)[39m (0 secs / 2.863 secs)
[1A[2KChrome Headless 150.0.0.0 (Windows 10): Executed 869 of 1460[31m (21 FAILED)[39m (0 secs / 2.866 secs)
[1A[2KChrome Headless 150.0.0.0 (Windows 10): Executed 870 of 1460[31m (21 FAILED)[39m (0 secs / 2.869 secs)
[1A[2KChrome Headless 150.0.0.0 (Windows 10): Executed 871 of 1460[31m (21 FAILED)[39m (0 secs / 2.872 secs)
[1A[2KChrome Headless 150.0.0.0 (Windows 10): Executed 872 of 1460[31m (21 FAILED)[39m (0 secs / 2.875 secs)
[1A[2KChrome Headless 150.0.0.0 (Windows 10): Executed 873 of 1460[31m (21 FAILED)[39m (0 secs / 2.878 secs)
[1A[2KChrome Headless 150.0.0.0 (Windows 10): Executed 874 of 1460[31m (21 FAILED)[39m (0 secs / 2.881 secs)
[1A[2KChrome Headless 150.0.0.0 (Windows 10): Executed 875 of 1460[31m (21 FAILED)[39m (0 secs / 2.884 secs)
[1A[2KChrome Headless 150.0.0.0 (Windows 10): Executed 876 of 1460[31m (21 FAILED)[39m (0 secs / 2.887 secs)
[1A[2KChrome Headless 150.0.0.0 (Windows 10): Executed 877 of 1460[31m (21 FAILED)[39m (0 secs / 2.89 secs)
[1A[2K[31mChrome Headless 150.0.0.0 (Windows 10) EquipesRecherche filteredAffiliations should search on equipeNom FAILED[39m
	TypeError: Cannot read properties of undefined (reading 'getMesDemandes')
	    at UserContext.apply (src/app/frontoffice/pages/equipes-recherche/equipes-recherche.spec.ts:596:20)
	    at _ZoneDelegate.invoke (node_modules/zone.js/fesm2015/zone.js:398:28)
	    at ProxyZoneSpec.onInvoke (node_modules/zone.js/fesm2015/zone-testing.js:2132:39)
	    at _ZoneDelegate.invoke (node_modules/zone.js/fesm2015/zone.js:397:34)
	    at ZoneImpl.run (node_modules/zone.js/fesm2015/zone.js:113:43)
	    at runInTestZone (node_modules/zone.js/fesm2015/zone-testing.js:216:38)
	    at UserContext.<anonymous> (node_modules/zone.js/fesm2015/zone-testing.js:234:32)
	    at <Jasmine>
Chrome Headless 150.0.0.0 (Windows 10): Executed 878 of 1460[31m (22 FAILED)[39m (0 secs / 2.891 secs)
[1A[2K[31mChrome Headless 150.0.0.0 (Windows 10) EquipesRecherche accepterDemande should handle missing nom gracefully FAILED[39m
	TypeError: Cannot read properties of undefined (reading 'traiter')
	    at UserContext.apply (src/app/frontoffice/pages/equipes-recherche/equipes-recherche.spec.ts:720:20)
	    at _ZoneDelegate.invoke (node_modules/zone.js/fesm2015/zone.js:398:28)
	    at ProxyZoneSpec.onInvoke (node_modules/zone.js/fesm2015/zone-testing.js:2132:39)
	    at _ZoneDelegate.invoke (node_modules/zone.js/fesm2015/zone.js:397:34)
	    at ZoneImpl.run (node_modules/zone.js/fesm2015/zone.js:113:43)
	    at runInTestZone (node_modules/zone.js/fesm2015/zone-testing.js:216:38)
	    at UserContext.<anonymous> (node_modules/zone.js/fesm2015/zone-testing.js:234:32)
	    at <Jasmine>
Chrome Headless 150.0.0.0 (Windows 10): Executed 879 of 1460[31m (23 FAILED)[39m (0 secs / 2.892 secs)
[1A[2KChrome Headless 150.0.0.0 (Windows 10): Executed 880 of 1460[31m (23 FAILED)[39m (0 secs / 2.927 secs)
[1A[2KChrome Headless 150.0.0.0 (Windows 10): Executed 881 of 1460[31m (23 FAILED)[39m (0 secs / 2.931 secs)
[1A[2KChrome Headless 150.0.0.0 (Windows 10): Executed 882 of 1460[31m (23 FAILED)[39m (0 secs / 2.935 secs)
[1A[2K[31mChrome Headless 150.0.0.0 (Windows 10) EquipesRecherche affiliationSource should use all demandes for enseignant FAILED[39m
	Expected 0 to be 2.
	    at <Jasmine>
	    at UserContext.apply (src/app/frontoffice/pages/equipes-recherche/equipes-recherche.spec.ts:531:50)
	    at _ZoneDelegate.invoke (node_modules/zone.js/fesm2015/zone.js:398:28)
	    at ProxyZoneSpec.onInvoke (node_modules/zone.js/fesm2015/zone-testing.js:2132:39)
	    at _ZoneDelegate.invoke (node_modules/zone.js/fesm2015/zone.js:397:34)
Chrome Headless 150.0.0.0 (Windows 10): Executed 883 of 1460[31m (24 FAILED)[39m (0 secs / 2.939 secs)
[1A[2KChrome Headless 150.0.0.0 (Windows 10): Executed 884 of 1460[31m (24 FAILED)[39m (0 secs / 2.943 secs)
[1A[2KChrome Headless 150.0.0.0 (Windows 10): Executed 885 of 1460[31m (24 FAILED)[39m (0 secs / 2.948 secs)
[1A[2KChrome Headless 150.0.0.0 (Windows 10): Executed 886 of 1460[31m (24 FAILED)[39m (0 secs / 2.952 secs)
[1A[2K[31mChrome Headless 150.0.0.0 (Windows 10) EquipesRecherche otherTeams should exclude my team for chef FAILED[39m
	Expected 2 to be 1.
	    at <Jasmine>
	    at UserContext.apply (src/app/frontoffice/pages/equipes-recherche/equipes-recherche.spec.ts:315:43)
	    at _ZoneDelegate.invoke (node_modules/zone.js/fesm2015/zone.js:398:28)
	    at ProxyZoneSpec.onInvoke (node_modules/zone.js/fesm2015/zone-testing.js:2132:39)
	    at _ZoneDelegate.invoke (node_modules/zone.js/fesm2015/zone.js:397:34)
	Expected 10 to be 20.
	    at <Jasmine>
	    at UserContext.apply (src/app/frontoffice/pages/equipes-recherche/equipes-recherche.spec.ts:316:42)
	    at _ZoneDelegate.invoke (node_modules/zone.js/fesm2015/zone.js:398:28)
	    at ProxyZoneSpec.onInvoke (node_modules/zone.js/fesm2015/zone-testing.js:2132:39)
	    at _ZoneDelegate.invoke (node_modules/zone.js/fesm2015/zone.js:397:34)
Chrome Headless 150.0.0.0 (Windows 10): Executed 887 of 1460[31m (25 FAILED)[39m (0 secs / 2.955 secs)
[1A[2K[31mChrome Headless 150.0.0.0 (Windows 10) EquipesRecherche should not load affiliations when currentUser is null FAILED[39m
	Expected spy AffiliationService.getMesDemandes not to have been called.
	    at <Jasmine>
	    at UserContext.apply (src/app/frontoffice/pages/equipes-recherche/equipes-recherche.spec.ts:228:47)
	    at _ZoneDelegate.invoke (node_modules/zone.js/fesm2015/zone.js:398:28)
	    at ProxyZoneSpec.onInvoke (node_modules/zone.js/fesm2015/zone-testing.js:2132:39)
	    at _ZoneDelegate.invoke (node_modules/zone.js/fesm2015/zone.js:397:34)
Chrome Headless 150.0.0.0 (Windows 10): Executed 888 of 1460[31m (26 FAILED)[39m (0 secs / 2.96 secs)
[1A[2KChrome Headless 150.0.0.0 (Windows 10): Executed 889 of 1460[31m (26 FAILED)[39m (0 secs / 2.962 secs)
[1A[2KChrome Headless 150.0.0.0 (Windows 10): Executed 890 of 1460[31m (26 FAILED)[39m (0 secs / 2.966 secs)
[1A[2KChrome Headless 150.0.0.0 (Windows 10): Executed 891 of 1460[31m (26 FAILED)[39m (0 secs / 2.97 secs)
[1A[2KChrome Headless 150.0.0.0 (Windows 10): Executed 892 of 1460[31m (26 FAILED)[39m (0 secs / 2.973 secs)
[1A[2KChrome Headless 150.0.0.0 (Windows 10): Executed 893 of 1460[31m (26 FAILED)[39m (0 secs / 2.978 secs)
[1A[2KChrome Headless 150.0.0.0 (Windows 10): Executed 894 of 1460[31m (26 FAILED)[39m (0 secs / 2.986 secs)
[1A[2KChrome Headless 150.0.0.0 (Windows 10): Executed 895 of 1460[31m (26 FAILED)[39m (0 secs / 2.99 secs)
[1A[2KChrome Headless 150.0.0.0 (Windows 10): Executed 896 of 1460[31m (26 FAILED)[39m (0 secs / 2.994 secs)
[1A[2KChrome Headless 150.0.0.0 (Windows 10): Executed 897 of 1460[31m (26 FAILED)[39m (0 secs / 2.997 secs)
[1A[2KChrome Headless 150.0.0.0 (Windows 10): Executed 898 of 1460[31m (26 FAILED)[39m (0 secs / 3 secs)
[1A[2KChrome Headless 150.0.0.0 (Windows 10): Executed 899 of 1460[31m (26 FAILED)[39m (0 secs / 3.004 secs)
[1A[2KChrome Headless 150.0.0.0 (Windows 10): Executed 900 of 1460[31m (26 FAILED)[39m (0 secs / 3.007 secs)
[1A[2KChrome Headless 150.0.0.0 (Windows 10): Executed 901 of 1460[31m (26 FAILED)[39m (0 secs / 3.01 secs)
[1A[2K[31mChrome Headless 150.0.0.0 (Windows 10) EquipesRecherche affiliationSummary should compute counts FAILED[39m
	Expected 0 to be 3.
	    at <Jasmine>
	    at UserContext.apply (src/app/frontoffice/pages/equipes-recherche/equipes-recherche.spec.ts:545:21)
	    at _ZoneDelegate.invoke (node_modules/zone.js/fesm2015/zone.js:398:28)
	    at ProxyZoneSpec.onInvoke (node_modules/zone.js/fesm2015/zone-testing.js:2132:39)
	    at _ZoneDelegate.invoke (node_modules/zone.js/fesm2015/zone.js:397:34)
	Expected 0 to be 1.
	    at <Jasmine>
	    at UserContext.apply (src/app/frontoffice/pages/equipes-recherche/equipes-recherche.spec.ts:546:25)
	    at _ZoneDelegate.invoke (node_modules/zone.js/fesm2015/zone.js:398:28)
	    at ProxyZoneSpec.onInvoke (node_modules/zone.js/fesm2015/zone-testing.js:2132:39)
	    at _ZoneDelegate.invoke (node_modules/zone.js/fesm2015/zone.js:397:34)
	Expected 0 to be 1.
	    at <Jasmine>
	    at UserContext.apply (src/app/frontoffice/pages/equipes-recherche/equipes-recherche.spec.ts:547:25)
	    at _ZoneDelegate.invoke (node_modules/zone.js/fesm2015/zone.js:398:28)
	    at ProxyZoneSpec.onInvoke (node_modules/zone.js/fesm2015/zone-testing.js:2132:39)
	    at _ZoneDelegate.invoke (node_modules/zone.js/fesm2015/zone.js:397:34)
	Expected 0 to be 1.
	    at <Jasmine>
	    at UserContext.apply (src/app/frontoffice/pages/equipes-recherche/equipes-recherche.spec.ts:548:24)
	    at _ZoneDelegate.invoke (node_modules/zone.js/fesm2015/zone.js:398:28)
	    at ProxyZoneSpec.onInvoke (node_modules/zone.js/fesm2015/zone-testing.js:2132:39)
	    at _ZoneDelegate.invoke (node_modules/zone.js/fesm2015/zone.js:397:34)
Chrome Headless 150.0.0.0 (Windows 10): Executed 902 of 1460[31m (27 FAILED)[39m (0 secs / 3.013 secs)
[1A[2KChrome Headless 150.0.0.0 (Windows 10): Executed 903 of 1460[31m (27 FAILED)[39m (0 secs / 3.017 secs)
[1A[2KChrome Headless 150.0.0.0 (Windows 10): Executed 904 of 1460[31m (27 FAILED)[39m (0 secs / 3.02 secs)
[1A[2K[31mChrome Headless 150.0.0.0 (Windows 10) EquipesRecherche rejoindreEquipe should show error toast on failure FAILED[39m
	TypeError: Cannot read properties of undefined (reading 'subscribe')
	    at EquipesRecherche.rejoindreEquipe (src/app/frontoffice/pages/equipes-recherche/equipes-recherche.ts:418:41)
	    at UserContext.apply (src/app/frontoffice/pages/equipes-recherche/equipes-recherche.spec.ts:838:15)
	    at _ZoneDelegate.invoke (node_modules/zone.js/fesm2015/zone.js:398:28)
	    at ProxyZoneSpec.onInvoke (node_modules/zone.js/fesm2015/zone-testing.js:2132:39)
	    at _ZoneDelegate.invoke (node_modules/zone.js/fesm2015/zone.js:397:34)
	    at ZoneImpl.run (node_modules/zone.js/fesm2015/zone.js:113:43)
	    at runInTestZone (node_modules/zone.js/fesm2015/zone-testing.js:216:38)
	    at UserContext.<anonymous> (node_modules/zone.js/fesm2015/zone-testing.js:234:32)
	    at <Jasmine>
Chrome Headless 150.0.0.0 (Windows 10): Executed 905 of 1460[31m (28 FAILED)[39m (0 secs / 3.023 secs)
[1A[2K[31mChrome Headless 150.0.0.0 (Windows 10) EquipesRecherche allTeamsUnified should put enseignant team first FAILED[39m
	Expected 3 to be 4.
	    at <Jasmine>
	    at UserContext.apply (src/app/frontoffice/pages/equipes-recherche/equipes-recherche.spec.ts:428:25)
	    at _ZoneDelegate.invoke (node_modules/zone.js/fesm2015/zone.js:398:28)
	    at ProxyZoneSpec.onInvoke (node_modules/zone.js/fesm2015/zone-testing.js:2132:39)
	    at _ZoneDelegate.invoke (node_modules/zone.js/fesm2015/zone.js:397:34)
Chrome Headless 150.0.0.0 (Windows 10): Executed 906 of 1460[31m (29 FAILED)[39m (0 secs / 3.027 secs)
[1A[2K[31mChrome Headless 150.0.0.0 (Windows 10) EquipesRecherche affiliationSummary for enseignant should count from myDemandes FAILED[39m
	Expected 0 to be 2.
	    at <Jasmine>
	    at UserContext.apply (src/app/frontoffice/pages/equipes-recherche/equipes-recherche.spec.ts:559:21)
	    at _ZoneDelegate.invoke (node_modules/zone.js/fesm2015/zone.js:398:28)
	    at ProxyZoneSpec.onInvoke (node_modules/zone.js/fesm2015/zone-testing.js:2132:39)
	    at _ZoneDelegate.invoke (node_modules/zone.js/fesm2015/zone.js:397:34)
	Expected 0 to be 1.
	    at <Jasmine>
	    at UserContext.apply (src/app/frontoffice/pages/equipes-recherche/equipes-recherche.spec.ts:560:25)
	    at _ZoneDelegate.invoke (node_modules/zone.js/fesm2015/zone.js:398:28)
	    at ProxyZoneSpec.onInvoke (node_modules/zone.js/fesm2015/zone-testing.js:2132:39)
	    at _ZoneDelegate.invoke (node_modules/zone.js/fesm2015/zone.js:397:34)
	Expected 0 to be 1.
	    at <Jasmine>
	    at UserContext.apply (src/app/frontoffice/pages/equipes-recherche/equipes-recherche.spec.ts:561:24)
	    at _ZoneDelegate.invoke (node_modules/zone.js/fesm2015/zone.js:398:28)
	    at ProxyZoneSpec.onInvoke (node_modules/zone.js/fesm2015/zone-testing.js:2132:39)
	    at _ZoneDelegate.invoke (node_modules/zone.js/fesm2015/zone.js:397:34)
Chrome Headless 150.0.0.0 (Windows 10): Executed 907 of 1460[31m (30 FAILED)[39m (0 secs / 3.031 secs)
[1A[2KChrome Headless 150.0.0.0 (Windows 10): Executed 908 of 1460[31m (30 FAILED)[39m (0 secs / 3.036 secs)
[1A[2KChrome Headless 150.0.0.0 (Windows 10): Executed 909 of 1460[31m (30 FAILED)[39m (0 secs / 3.04 secs)
[1A[2KChrome Headless 150.0.0.0 (Windows 10): Executed 910 of 1460[31m (30 FAILED)[39m (0 secs / 3.043 secs)
[1A[2KChrome Headless 150.0.0.0 (Windows 10): Executed 911 of 1460[31m (30 FAILED)[39m (0 secs / 3.047 secs)
[1A[2KChrome Headless 150.0.0.0 (Windows 10): Executed 912 of 1460[31m (30 FAILED)[39m (0 secs / 3.05 secs)
[1A[2K[31mChrome Headless 150.0.0.0 (Windows 10) EquipesRecherche rejoindreEquipe should call create and show toast FAILED[39m
	TypeError: Cannot read properties of undefined (reading 'subscribe')
	    at EquipesRecherche.rejoindreEquipe (src/app/frontoffice/pages/equipes-recherche/equipes-recherche.ts:418:41)
	    at UserContext.apply (src/app/frontoffice/pages/equipes-recherche/equipes-recherche.spec.ts:829:15)
	    at _ZoneDelegate.invoke (node_modules/zone.js/fesm2015/zone.js:398:28)
	    at ProxyZoneSpec.onInvoke (node_modules/zone.js/fesm2015/zone-testing.js:2132:39)
	    at _ZoneDelegate.invoke (node_modules/zone.js/fesm2015/zone.js:397:34)
	    at ZoneImpl.run (node_modules/zone.js/fesm2015/zone.js:113:43)
	    at runInTestZone (node_modules/zone.js/fesm2015/zone-testing.js:216:38)
	    at UserContext.<anonymous> (node_modules/zone.js/fesm2015/zone-testing.js:234:32)
	    at <Jasmine>
Chrome Headless 150.0.0.0 (Windows 10): Executed 913 of 1460[31m (31 FAILED)[39m (0 secs / 3.055 secs)
[1A[2KChrome Headless 150.0.0.0 (Windows 10): Executed 914 of 1460[31m (31 FAILED)[39m (0 secs / 3.058 secs)
[1A[2K[31mChrome Headless 150.0.0.0 (Windows 10) EquipesRecherche should set loading to true during data load FAILED[39m
	Expected false to be true.
	    at <Jasmine>
	    at UserContext.apply (src/app/frontoffice/pages/equipes-recherche/equipes-recherche.spec.ts:139:33)
	    at _ZoneDelegate.invoke (node_modules/zone.js/fesm2015/zone.js:398:28)
	    at ProxyZoneSpec.onInvoke (node_modules/zone.js/fesm2015/zone-testing.js:2132:39)
	    at _ZoneDelegate.invoke (node_modules/zone.js/fesm2015/zone.js:397:34)
Chrome Headless 150.0.0.0 (Windows 10): Executed 915 of 1460[31m (32 FAILED)[39m (0 secs / 3.061 secs)
[1A[2KChrome Headless 150.0.0.0 (Windows 10): Executed 916 of 1460[31m (32 FAILED)[39m (0 secs / 3.066 secs)
[1A[2KChrome Headless 150.0.0.0 (Windows 10): Executed 917 of 1460[31m (32 FAILED)[39m (0 secs / 3.07 secs)
[1A[2KChrome Headless 150.0.0.0 (Windows 10): Executed 918 of 1460[31m (32 FAILED)[39m (0 secs / 3.073 secs)
[1A[2K[31mChrome Headless 150.0.0.0 (Windows 10) EquipesRecherche myTeamPendingAffiliations should only return EN_ATTENTE FAILED[39m
	Expected 0 to be 1.
	    at <Jasmine>
	    at UserContext.apply (src/app/frontoffice/pages/equipes-recherche/equipes-recherche.spec.ts:466:58)
	    at _ZoneDelegate.invoke (node_modules/zone.js/fesm2015/zone.js:398:28)
	    at ProxyZoneSpec.onInvoke (node_modules/zone.js/fesm2015/zone-testing.js:2132:39)
	    at _ZoneDelegate.invoke (node_modules/zone.js/fesm2015/zone.js:397:34)
Chrome Headless 150.0.0.0 (Windows 10): Executed 919 of 1460[31m (33 FAILED)[39m (0 secs / 3.074 secs)
[1A[2KChrome Headless 150.0.0.0 (Windows 10): Executed 920 of 1460[31m (33 FAILED)[39m (0 secs / 3.078 secs)
[1A[2KChrome Headless 150.0.0.0 (Windows 10): Executed 921 of 1460[31m (33 FAILED)[39m (0 secs / 3.081 secs)
[1A[2KChrome Headless 150.0.0.0 (Windows 10): Executed 922 of 1460[31m (33 FAILED)[39m (0 secs / 3.084 secs)
[1A[2KChrome Headless 150.0.0.0 (Windows 10): Executed 923 of 1460[31m (33 FAILED)[39m (0 secs / 3.087 secs)
[1A[2KChrome Headless 150.0.0.0 (Windows 10): Executed 924 of 1460[31m (33 FAILED)[39m (0 secs / 3.091 secs)
[1A[2K[31mChrome Headless 150.0.0.0 (Windows 10) EquipesRecherche confirmerRefus should call traiter with REFUSEE and motif FAILED[39m
	TypeError: Cannot read properties of undefined (reading 'subscribe')
	    at EquipesRecherche.confirmerRefus (src/app/frontoffice/pages/equipes-recherche/equipes-recherche.ts:351:122)
	    at UserContext.apply (src/app/frontoffice/pages/equipes-recherche/equipes-recherche.spec.ts:740:15)
	    at _ZoneDelegate.invoke (node_modules/zone.js/fesm2015/zone.js:398:28)
	    at ProxyZoneSpec.onInvoke (node_modules/zone.js/fesm2015/zone-testing.js:2132:39)
	    at _ZoneDelegate.invoke (node_modules/zone.js/fesm2015/zone.js:397:34)
	    at ZoneImpl.run (node_modules/zone.js/fesm2015/zone.js:113:43)
	    at runInTestZone (node_modules/zone.js/fesm2015/zone-testing.js:216:38)
	    at UserContext.<anonymous> (node_modules/zone.js/fesm2015/zone-testing.js:234:32)
	    at <Jasmine>
Chrome Headless 150.0.0.0 (Windows 10): Executed 925 of 1460[31m (34 FAILED)[39m (0 secs / 3.095 secs)
[1A[2K[31mChrome Headless 150.0.0.0 (Windows 10) EquipesRecherche myTeamAffiliations should filter by team id FAILED[39m
	Expected 0 to be 1.
	    at <Jasmine>
	    at UserContext.apply (src/app/frontoffice/pages/equipes-recherche/equipes-recherche.spec.ts:453:51)
	    at _ZoneDelegate.invoke (node_modules/zone.js/fesm2015/zone.js:398:28)
	    at ProxyZoneSpec.onInvoke (node_modules/zone.js/fesm2015/zone-testing.js:2132:39)
	    at _ZoneDelegate.invoke (node_modules/zone.js/fesm2015/zone.js:397:34)
	TypeError: Cannot read properties of undefined (reading 'equipeId')
	    at UserContext.apply (src/app/frontoffice/pages/equipes-recherche/equipes-recherche.spec.ts:454:45)
	    at _ZoneDelegate.invoke (node_modules/zone.js/fesm2015/zone.js:398:28)
	    at ProxyZoneSpec.onInvoke (node_modules/zone.js/fesm2015/zone-testing.js:2132:39)
	    at _ZoneDelegate.invoke (node_modules/zone.js/fesm2015/zone.js:397:34)
	    at ZoneImpl.run (node_modules/zone.js/fesm2015/zone.js:113:43)
	    at runInTestZone (node_modules/zone.js/fesm2015/zone-testing.js:216:38)
	    at UserContext.<anonymous> (node_modules/zone.js/fesm2015/zone-testing.js:234:32)
	    at <Jasmine>
Chrome Headless 150.0.0.0 (Windows 10): Executed 926 of 1460[31m (35 FAILED)[39m (0 secs / 3.097 secs)
[1A[2K[31mChrome Headless 150.0.0.0 (Windows 10) EquipesRecherche confirmerRefus should pass undefined motif when empty FAILED[39m
	TypeError: Cannot read properties of undefined (reading 'subscribe')
	    at EquipesRecherche.confirmerRefus (src/app/frontoffice/pages/equipes-recherche/equipes-recherche.ts:351:122)
	    at UserContext.apply (src/app/frontoffice/pages/equipes-recherche/equipes-recherche.spec.ts:751:15)
	    at _ZoneDelegate.invoke (node_modules/zone.js/fesm2015/zone.js:398:28)
	    at ProxyZoneSpec.onInvoke (node_modules/zone.js/fesm2015/zone-testing.js:2132:39)
	    at _ZoneDelegate.invoke (node_modules/zone.js/fesm2015/zone.js:397:34)
	    at ZoneImpl.run (node_modules/zone.js/fesm2015/zone.js:113:43)
	    at runInTestZone (node_modules/zone.js/fesm2015/zone-testing.js:216:38)
	    at UserContext.<anonymous> (node_modules/zone.js/fesm2015/zone-testing.js:234:32)
	    at <Jasmine>
Chrome Headless 150.0.0.0 (Windows 10): Executed 927 of 1460[31m (36 FAILED)[39m (0 secs / 3.1 secs)
[1A[2KChrome Headless 150.0.0.0 (Windows 10): Executed 928 of 1460[31m (36 FAILED)[39m (0 secs / 3.104 secs)
[1A[2KChrome Headless 150.0.0.0 (Windows 10): Executed 929 of 1460[31m (36 FAILED)[39m (0 secs / 3.107 secs)
[1A[2K[31mChrome Headless 150.0.0.0 (Windows 10) EquipesRecherche should handle enseignant demande load error FAILED[39m
	Expected spy open to have been called with:
	  [ 'Erreur lors du chargement de mes demandes', 'Γ£ò', <jasmine.any(Object)> ]
	but it was never called.
	    at <Jasmine>
	    at UserContext.apply (src/app/frontoffice/pages/equipes-recherche/equipes-recherche.spec.ts:209:27)
	    at _ZoneDelegate.invoke (node_modules/zone.js/fesm2015/zone.js:398:28)
	    at ProxyZoneSpec.onInvoke (node_modules/zone.js/fesm2015/zone-testing.js:2132:39)
	    at _ZoneDelegate.invoke (node_modules/zone.js/fesm2015/zone.js:397:34)
Chrome Headless 150.0.0.0 (Windows 10): Executed 930 of 1460[31m (37 FAILED)[39m (0 secs / 3.11 secs)
[1A[2KChrome Headless 150.0.0.0 (Windows 10): Executed 931 of 1460[31m (37 FAILED)[39m (0 secs / 3.114 secs)
[1A[2KChrome Headless 150.0.0.0 (Windows 10): Executed 932 of 1460[31m (37 FAILED)[39m (0 secs / 3.122 secs)
[1A[2KChrome Headless 150.0.0.0 (Windows 10): Executed 933 of 1460[31m (37 FAILED)[39m (0 secs / 3.125 secs)
[1A[2KChrome Headless 150.0.0.0 (Windows 10): Executed 934 of 1460[31m (37 FAILED)[39m (0 secs / 3.128 secs)
[1A[2K[31mChrome Headless 150.0.0.0 (Windows 10) EquipesRecherche filteredAffiliations should search on motifDecision FAILED[39m
	Expected 0 to be 1.
	    at <Jasmine>
	    at UserContext.apply (src/app/frontoffice/pages/equipes-recherche/equipes-recherche.spec.ts:610:53)
	    at _ZoneDelegate.invoke (node_modules/zone.js/fesm2015/zone.js:398:28)
	    at ProxyZoneSpec.onInvoke (node_modules/zone.js/fesm2015/zone-testing.js:2132:39)
	    at _ZoneDelegate.invoke (node_modules/zone.js/fesm2015/zone.js:397:34)
Chrome Headless 150.0.0.0 (Windows 10): Executed 935 of 1460[31m (38 FAILED)[39m (0 secs / 3.132 secs)
[1A[2KChrome Headless 150.0.0.0 (Windows 10): Executed 936 of 1460[31m (38 FAILED)[39m (0 secs / 3.135 secs)
[1A[2KChrome Headless 150.0.0.0 (Windows 10): Executed 937 of 1460[31m (38 FAILED)[39m (0 secs / 3.138 secs)
[1A[2K[31mChrome Headless 150.0.0.0 (Windows 10) EquipesRecherche should handle chef affiliation load error FAILED[39m
	Expected spy open to have been called with:
	  [ 'Erreur lors du chargement des affiliations', 'Γ£ò', <jasmine.any(Object)> ]
	but it was never called.
	    at <Jasmine>
	    at UserContext.apply (src/app/frontoffice/pages/equipes-recherche/equipes-recherche.spec.ts:202:27)
	    at _ZoneDelegate.invoke (node_modules/zone.js/fesm2015/zone.js:398:28)
	    at ProxyZoneSpec.onInvoke (node_modules/zone.js/fesm2015/zone-testing.js:2132:39)
	    at _ZoneDelegate.invoke (node_modules/zone.js/fesm2015/zone.js:397:34)
Chrome Headless 150.0.0.0 (Windows 10): Executed 938 of 1460[31m (39 FAILED)[39m (0 secs / 3.14 secs)
[1A[2KChrome Headless 150.0.0.0 (Windows 10): Executed 939 of 1460[31m (39 FAILED)[39m (0 secs / 3.141 secs)
[1A[2KChrome Headless 150.0.0.0 (Windows 10): Executed 940 of 1460[31m (39 FAILED)[39m (0 secs / 3.144 secs)
[1A[2KChrome Headless 150.0.0.0 (Windows 10): Executed 941 of 1460[31m (39 FAILED)[39m (0 secs / 3.147 secs)
[1A[2K[31mChrome Headless 150.0.0.0 (Windows 10) EquipesRecherche myTeam should return the team where user is chef FAILED[39m
	Expected undefined to be 10.
	    at <Jasmine>
	    at UserContext.apply (src/app/frontoffice/pages/equipes-recherche/equipes-recherche.spec.ts:285:36)
	    at _ZoneDelegate.invoke (node_modules/zone.js/fesm2015/zone.js:398:28)
	    at ProxyZoneSpec.onInvoke (node_modules/zone.js/fesm2015/zone-testing.js:2132:39)
	    at _ZoneDelegate.invoke (node_modules/zone.js/fesm2015/zone.js:397:34)
Chrome Headless 150.0.0.0 (Windows 10): Executed 942 of 1460[31m (40 FAILED)[39m (0 secs / 3.149 secs)
[1A[2KChrome Headless 150.0.0.0 (Windows 10): Executed 943 of 1460[31m (40 FAILED)[39m (0 secs / 3.152 secs)
[1A[2K[31mChrome Headless 150.0.0.0 (Windows 10) EquipesRecherche chefPendingCount should return pending count FAILED[39m
	Expected 0 to be 2.
	    at <Jasmine>
	    at UserContext.apply (src/app/frontoffice/pages/equipes-recherche/equipes-recherche.spec.ts:479:42)
	    at _ZoneDelegate.invoke (node_modules/zone.js/fesm2015/zone.js:398:28)
	    at ProxyZoneSpec.onInvoke (node_modules/zone.js/fesm2015/zone-testing.js:2132:39)
	    at _ZoneDelegate.invoke (node_modules/zone.js/fesm2015/zone.js:397:34)
Chrome Headless 150.0.0.0 (Windows 10): Executed 944 of 1460[31m (41 FAILED)[39m (0 secs / 3.154 secs)
[1A[2KChrome Headless 150.0.0.0 (Windows 10): Executed 945 of 1460[31m (41 FAILED)[39m (0 secs / 3.157 secs)
[1A[2K[31mChrome Headless 150.0.0.0 (Windows 10) EquipesRecherche onRemoveConfirmed should call retirerMembre, close dialog, reload FAILED[39m
	TypeError: Cannot read properties of undefined (reading 'subscribe')
	    at EquipesRecherche.onRemoveConfirmed (src/app/frontoffice/pages/equipes-recherche/equipes-recherche.ts:377:65)
	    at UserContext.apply (src/app/frontoffice/pages/equipes-recherche/equipes-recherche.spec.ts:791:15)
	    at _ZoneDelegate.invoke (node_modules/zone.js/fesm2015/zone.js:398:28)
	    at ProxyZoneSpec.onInvoke (node_modules/zone.js/fesm2015/zone-testing.js:2132:39)
	    at _ZoneDelegate.invoke (node_modules/zone.js/fesm2015/zone.js:397:34)
	    at ZoneImpl.run (node_modules/zone.js/fesm2015/zone.js:113:43)
	    at runInTestZone (node_modules/zone.js/fesm2015/zone-testing.js:216:38)
	    at UserContext.<anonymous> (node_modules/zone.js/fesm2015/zone-testing.js:234:32)
	    at <Jasmine>
Chrome Headless 150.0.0.0 (Windows 10): Executed 946 of 1460[31m (42 FAILED)[39m (0 secs / 3.16 secs)
[1A[2KChrome Headless 150.0.0.0 (Windows 10): Executed 947 of 1460[31m (42 FAILED)[39m (0 secs / 3.161 secs)
[1A[2KChrome Headless 150.0.0.0 (Windows 10): Executed 948 of 1460[31m (42 FAILED)[39m (0 secs / 3.164 secs)
[1A[2KChrome Headless 150.0.0.0 (Windows 10): Executed 949 of 1460[31m (42 FAILED)[39m (0 secs / 3.167 secs)
[1A[2KChrome Headless 150.0.0.0 (Windows 10): Executed 950 of 1460[31m (42 FAILED)[39m (0 secs / 3.17 secs)
[1A[2KChrome Headless 150.0.0.0 (Windows 10): Executed 951 of 1460[31m (42 FAILED)[39m (0 secs / 3.173 secs)
[1A[2K[31mChrome Headless 150.0.0.0 (Windows 10) EquipesRecherche onRemoveConfirmed should handle error and reset state FAILED[39m
	TypeError: Cannot read properties of undefined (reading 'subscribe')
	    at EquipesRecherche.onRemoveConfirmed (src/app/frontoffice/pages/equipes-recherche/equipes-recherche.ts:377:65)
	    at UserContext.apply (src/app/frontoffice/pages/equipes-recherche/equipes-recherche.spec.ts:803:15)
	    at _ZoneDelegate.invoke (node_modules/zone.js/fesm2015/zone.js:398:28)
	    at ProxyZoneSpec.onInvoke (node_modules/zone.js/fesm2015/zone-testing.js:2132:39)
	    at _ZoneDelegate.invoke (node_modules/zone.js/fesm2015/zone.js:397:34)
	    at ZoneImpl.run (node_modules/zone.js/fesm2015/zone.js:113:43)
	    at runInTestZone (node_modules/zone.js/fesm2015/zone-testing.js:216:38)
	    at UserContext.<anonymous> (node_modules/zone.js/fesm2015/zone-testing.js:234:32)
	    at <Jasmine>
Chrome Headless 150.0.0.0 (Windows 10): Executed 952 of 1460[31m (43 FAILED)[39m (0 secs / 3.177 secs)
[1A[2KChrome Headless 150.0.0.0 (Windows 10): Executed 953 of 1460[31m (43 FAILED)[39m (0 secs / 3.181 secs)
[1A[2K[31mChrome Headless 150.0.0.0 (Windows 10) EquipesRecherche filteredAffiliations sort by nom should use equipeNom for enseignant view FAILED[39m
	Expected $.length = 0 to equal 2.
	Expected $[0] = undefined to equal 'Alpha'.
	Expected $[1] = undefined to equal 'Zulu'.
	    at <Jasmine>
	    at UserContext.apply (src/app/frontoffice/pages/equipes-recherche/equipes-recherche.spec.ts:636:19)
	    at _ZoneDelegate.invoke (node_modules/zone.js/fesm2015/zone.js:398:28)
	    at ProxyZoneSpec.onInvoke (node_modules/zone.js/fesm2015/zone-testing.js:2132:39)
	    at _ZoneDelegate.invoke (node_modules/zone.js/fesm2015/zone.js:397:34)
Chrome Headless 150.0.0.0 (Windows 10): Executed 954 of 1460[31m (44 FAILED)[39m (0 secs / 3.185 secs)
[1A[2KChrome Headless 150.0.0.0 (Windows 10): Executed 955 of 1460[31m (44 FAILED)[39m (0 secs / 3.188 secs)
[1A[2KChrome Headless 150.0.0.0 (Windows 10): Executed 956 of 1460[31m (44 FAILED)[39m (0 secs / 3.191 secs)
[1A[2KChrome Headless 150.0.0.0 (Windows 10): Executed 957 of 1460[31m (44 FAILED)[39m (0 secs / 3.195 secs)
[1A[2KChrome Headless 150.0.0.0 (Windows 10): Executed 958 of 1460[31m (44 FAILED)[39m (0 secs / 3.199 secs)
[1A[2KChrome Headless 150.0.0.0 (Windows 10): Executed 959 of 1460[31m (44 FAILED)[39m (0 secs / 3.203 secs)
[1A[2KChrome Headless 150.0.0.0 (Windows 10): Executed 960 of 1460[31m (44 FAILED)[39m (0 secs / 3.206 secs)
[1A[2K[31mChrome Headless 150.0.0.0 (Windows 10) EquipesRecherche myDemandes should filter by user email FAILED[39m
	Expected 0 to be 1.
	    at <Jasmine>
	    at UserContext.apply (src/app/frontoffice/pages/equipes-recherche/equipes-recherche.spec.ts:491:43)
	    at _ZoneDelegate.invoke (node_modules/zone.js/fesm2015/zone.js:398:28)
	    at ProxyZoneSpec.onInvoke (node_modules/zone.js/fesm2015/zone-testing.js:2132:39)
	    at _ZoneDelegate.invoke (node_modules/zone.js/fesm2015/zone.js:397:34)
Chrome Headless 150.0.0.0 (Windows 10): Executed 961 of 1460[31m (45 FAILED)[39m (0 secs / 3.209 secs)
[1A[2KChrome Headless 150.0.0.0 (Windows 10): Executed 962 of 1460[31m (45 FAILED)[39m (0 secs / 3.212 secs)
[1A[2KChrome Headless 150.0.0.0 (Windows 10): Executed 963 of 1460[31m (45 FAILED)[39m (0 secs / 3.215 secs)
[1A[2KChrome Headless 150.0.0.0 (Windows 10): Executed 964 of 1460[31m (45 FAILED)[39m (0 secs / 3.219 secs)
[1A[2KChrome Headless 150.0.0.0 (Windows 10): Executed 965 of 1460[31m (45 FAILED)[39m (0 secs / 3.222 secs)
[1A[2K[31mChrome Headless 150.0.0.0 (Windows 10) EquipesRecherche myDemandesPendingCount should return count of pending FAILED[39m
	Expected 0 to be 1.
	    at <Jasmine>
	    at UserContext.apply (src/app/frontoffice/pages/equipes-recherche/equipes-recherche.spec.ts:501:48)
	    at _ZoneDelegate.invoke (node_modules/zone.js/fesm2015/zone.js:398:28)
	    at ProxyZoneSpec.onInvoke (node_modules/zone.js/fesm2015/zone-testing.js:2132:39)
	    at _ZoneDelegate.invoke (node_modules/zone.js/fesm2015/zone.js:397:34)
Chrome Headless 150.0.0.0 (Windows 10): Executed 966 of 1460[31m (46 FAILED)[39m (0 secs / 3.226 secs)
[1A[2KChrome Headless 150.0.0.0 (Windows 10): Executed 967 of 1460[31m (46 FAILED)[39m (0 secs / 3.23 secs)
[1A[2KChrome Headless 150.0.0.0 (Windows 10): Executed 968 of 1460[31m (46 FAILED)[39m (0 secs / 3.233 secs)
[1A[2K[31mChrome Headless 150.0.0.0 (Windows 10) EquipesRecherche should handle equipe load error and show toast FAILED[39m
	Expected $.length = 3 to equal 0.
	Unexpected $[0] = Object({ id: 10, nom: '├ëquipe Alpha', description: 'Recherche en IA', chef: Object({ id: 5, nom: 'Chef', prenom: 'Ali', email: 'ali.chef@example.com', role: 'ROLE_CHEF_EQUIPE', typeUtilisateur: 'ENSEIGNANT', departement: 'Informatique', enabled: true, createdAt: '2025-01-01T00:00:00Z' }), nbMembres: 5, createdAt: '2025-06-01T00:00:00Z', domaineId: 1, domaine: 'IA', statut: 'Actif', members: [  ] }) in array.
	Unexpected $[1] = Object({ id: 20, nom: '├ëquipe Beta', description: 'Recherche en IA', chef: Object({ id: 5, nom: 'Chef', prenom: 'Ali', email: 'ali.chef@example.com', role: 'ROLE_CHEF_EQUIPE', typeUtilisateur: 'ENSEIGNANT', departement: 'Informatique', enabled: true, createdAt: '2025-01-01T00:00:00Z' }), nbMembres: 2, createdAt: '2024-01-01T00:00:00Z', domaineId: 1, domaine: 'R├⌐seau', statut: 'Inactif', members: [  ] }) in array.
	Unexpected $[2] = Object({ id: 30, nom: '├ëquipe Gamma', description: 'Recherche en IA', chef: Object({ id: 99, nom: 'Solo', prenom: 'Chef', email: 'solo@example.com', role: 'ROLE_CHEF_EQUIPE', typeUtilisateur: 'ENSEIGNANT', departement: 'Informatique', enabled: true, createdAt: '2025-01-01T00:00:00Z' }), nbMembres: 8, createdAt: '2025-03-15T00:00:00Z', domaineId: 1, domaine: 'IA', statut: 'Actif', members: [  ] }) in array.
	    at <Jasmine>
	    at UserContext.apply (src/app/frontoffice/pages/equipes-recherche/equipes-recherche.spec.ts:148:33)
	    at _ZoneDelegate.invoke (node_modules/zone.js/fesm2015/zone.js:398:28)
	    at ProxyZoneSpec.onInvoke (node_modules/zone.js/fesm2015/zone-testing.js:2132:39)
	    at _ZoneDelegate.invoke (node_modules/zone.js/fesm2015/zone.js:397:34)
	Expected spy open to have been called with:
	  [ 'Erreur lors du chargement des ├⌐quipes', 'Γ£ò', <jasmine.any(Object)> ]
	but it was never called.
	    at <Jasmine>
	    at UserContext.apply (src/app/frontoffice/pages/equipes-recherche/equipes-recherche.spec.ts:149:27)
	    at _ZoneDelegate.invoke (node_modules/zone.js/fesm2015/zone.js:398:28)
	    at ProxyZoneSpec.onInvoke (node_modules/zone.js/fesm2015/zone-testing.js:2132:39)
	    at _ZoneDelegate.invoke (node_modules/zone.js/fesm2015/zone.js:397:34)
Chrome Headless 150.0.0.0 (Windows 10): Executed 969 of 1460[31m (47 FAILED)[39m (0 secs / 3.237 secs)
[1A[2K[31mChrome Headless 150.0.0.0 (Windows 10) EquipesRecherche isUserTeam should return true for chef team FAILED[39m
	Expected false to be true.
	    at <Jasmine>
	    at UserContext.apply (src/app/frontoffice/pages/equipes-recherche/equipes-recherche.spec.ts:891:40)
	    at _ZoneDelegate.invoke (node_modules/zone.js/fesm2015/zone.js:398:28)
	    at ProxyZoneSpec.onInvoke (node_modules/zone.js/fesm2015/zone-testing.js:2132:39)
	    at _ZoneDelegate.invoke (node_modules/zone.js/fesm2015/zone.js:397:34)
Chrome Headless 150.0.0.0 (Windows 10): Executed 970 of 1460[31m (48 FAILED)[39m (0 secs / 3.239 secs)
[1A[2KChrome Headless 150.0.0.0 (Windows 10): Executed 971 of 1460[31m (48 FAILED)[39m (0 secs / 3.243 secs)
[1A[2K[31mChrome Headless 150.0.0.0 (Windows 10) EquipesRecherche should filter by search query on chef name FAILED[39m
	Expected 2 to be 1.
	    at <Jasmine>
	    at UserContext.apply (src/app/frontoffice/pages/equipes-recherche/equipes-recherche.spec.ts:364:46)
	    at _ZoneDelegate.invoke (node_modules/zone.js/fesm2015/zone.js:398:28)
	    at ProxyZoneSpec.onInvoke (node_modules/zone.js/fesm2015/zone-testing.js:2132:39)
	    at _ZoneDelegate.invoke (node_modules/zone.js/fesm2015/zone.js:397:34)
Chrome Headless 150.0.0.0 (Windows 10): Executed 972 of 1460[31m (49 FAILED)[39m (0 secs / 3.247 secs)
[1A[2K[31mChrome Headless 150.0.0.0 (Windows 10) EquipesRecherche filteredAffiliations should filter by statut FAILED[39m
	Expected 0 to be 1.
	    at <Jasmine>
	    at UserContext.apply (src/app/frontoffice/pages/equipes-recherche/equipes-recherche.spec.ts:573:53)
	    at _ZoneDelegate.invoke (node_modules/zone.js/fesm2015/zone.js:398:28)
	    at ProxyZoneSpec.onInvoke (node_modules/zone.js/fesm2015/zone-testing.js:2132:39)
	    at _ZoneDelegate.invoke (node_modules/zone.js/fesm2015/zone.js:397:34)
	TypeError: Cannot read properties of undefined (reading 'statut')
	    at UserContext.apply (src/app/frontoffice/pages/equipes-recherche/equipes-recherche.spec.ts:574:47)
	    at _ZoneDelegate.invoke (node_modules/zone.js/fesm2015/zone.js:398:28)
	    at ProxyZoneSpec.onInvoke (node_modules/zone.js/fesm2015/zone-testing.js:2132:39)
	    at _ZoneDelegate.invoke (node_modules/zone.js/fesm2015/zone.js:397:34)
	    at ZoneImpl.run (node_modules/zone.js/fesm2015/zone.js:113:43)
	    at runInTestZone (node_modules/zone.js/fesm2015/zone-testing.js:216:38)
	    at UserContext.<anonymous> (node_modules/zone.js/fesm2015/zone-testing.js:234:32)
	    at <Jasmine>
Chrome Headless 150.0.0.0 (Windows 10): Executed 973 of 1460[31m (50 FAILED)[39m (0 secs / 3.25 secs)
[1A[2KChrome Headless 150.0.0.0 (Windows 10): Executed 974 of 1460[31m (50 FAILED)[39m (0 secs / 3.254 secs)
[1A[2KChrome Headless 150.0.0.0 (Windows 10): Executed 975 of 1460[31m (50 FAILED)[39m (0 secs / 3.257 secs)
[1A[2KChrome Headless 150.0.0.0 (Windows 10): Executed 976 of 1460[31m (50 FAILED)[39m (0 secs / 3.26 secs)
[1A[2KChrome Headless 150.0.0.0 (Windows 10): Executed 977 of 1460[31m (50 FAILED)[39m (0 secs / 3.262 secs)
[1A[2KChrome Headless 150.0.0.0 (Windows 10): Executed 978 of 1460[31m (50 FAILED)[39m (0 secs / 3.265 secs)
[1A[2K[31mChrome Headless 150.0.0.0 (Windows 10) EquipesRecherche accepterDemande should show error toast on failure FAILED[39m
	TypeError: Cannot read properties of undefined (reading 'subscribe')
	    at EquipesRecherche.accepterDemande (src/app/frontoffice/pages/equipes-recherche/equipes-recherche.ts:333:58)
	    at UserContext.apply (src/app/frontoffice/pages/equipes-recherche/equipes-recherche.spec.ts:715:15)
	    at _ZoneDelegate.invoke (node_modules/zone.js/fesm2015/zone.js:398:28)
	    at ProxyZoneSpec.onInvoke (node_modules/zone.js/fesm2015/zone-testing.js:2132:39)
	    at _ZoneDelegate.invoke (node_modules/zone.js/fesm2015/zone.js:397:34)
	    at ZoneImpl.run (node_modules/zone.js/fesm2015/zone.js:113:43)
	    at runInTestZone (node_modules/zone.js/fesm2015/zone-testing.js:216:38)
	    at UserContext.<anonymous> (node_modules/zone.js/fesm2015/zone-testing.js:234:32)
	    at <Jasmine>
Chrome Headless 150.0.0.0 (Windows 10): Executed 979 of 1460[31m (51 FAILED)[39m (0 secs / 3.269 secs)
[1A[2KChrome Headless 150.0.0.0 (Windows 10): Executed 980 of 1460[31m (51 FAILED)[39m (0 secs / 3.272 secs)
[1A[2KChrome Headless 150.0.0.0 (Windows 10): Executed 981 of 1460[31m (51 FAILED)[39m (0 secs / 3.275 secs)
[1A[2K[31mChrome Headless 150.0.0.0 (Windows 10) EquipesRecherche accepterDemande should call traiter with ACCEPTEE and reload FAILED[39m
	TypeError: Cannot read properties of undefined (reading 'subscribe')
	    at EquipesRecherche.accepterDemande (src/app/frontoffice/pages/equipes-recherche/equipes-recherche.ts:333:58)
	    at UserContext.apply (src/app/frontoffice/pages/equipes-recherche/equipes-recherche.spec.ts:706:15)
	    at _ZoneDelegate.invoke (node_modules/zone.js/fesm2015/zone.js:398:28)
	    at ProxyZoneSpec.onInvoke (node_modules/zone.js/fesm2015/zone-testing.js:2132:39)
	    at _ZoneDelegate.invoke (node_modules/zone.js/fesm2015/zone.js:397:34)
	    at ZoneImpl.run (node_modules/zone.js/fesm2015/zone.js:113:43)
	    at runInTestZone (node_modules/zone.js/fesm2015/zone-testing.js:216:38)
	    at UserContext.<anonymous> (node_modules/zone.js/fesm2015/zone-testing.js:234:32)
	    at <Jasmine>
Chrome Headless 150.0.0.0 (Windows 10): Executed 982 of 1460[31m (52 FAILED)[39m (0 secs / 3.279 secs)
[1A[2K[31mChrome Headless 150.0.0.0 (Windows 10) EquipesRecherche filteredAffiliations should search on enseignant name FAILED[39m
	Expected 0 to be 1.
	    at <Jasmine>
	    at UserContext.apply (src/app/frontoffice/pages/equipes-recherche/equipes-recherche.spec.ts:583:53)
	    at _ZoneDelegate.invoke (node_modules/zone.js/fesm2015/zone.js:398:28)
	    at ProxyZoneSpec.onInvoke (node_modules/zone.js/fesm2015/zone-testing.js:2132:39)
	    at _ZoneDelegate.invoke (node_modules/zone.js/fesm2015/zone.js:397:34)
Chrome Headless 150.0.0.0 (Windows 10): Executed 983 of 1460[31m (53 FAILED)[39m (0 secs / 3.283 secs)
[1A[2KChrome Headless 150.0.0.0 (Windows 10): Executed 984 of 1460[31m (53 FAILED)[39m (0 secs / 3.284 secs)
[1A[2KChrome Headless 150.0.0.0 (Windows 10): Executed 985 of 1460[31m (53 FAILED)[39m (0 secs / 3.288 secs)
[1A[2KChrome Headless 150.0.0.0 (Windows 10): Executed 986 of 1460[31m (53 FAILED)[39m (0 secs / 3.291 secs)
[1A[2KChrome Headless 150.0.0.0 (Windows 10): Executed 987 of 1460[31m (53 FAILED)[39m (0 secs / 3.294 secs)
[1A[2K[31mChrome Headless 150.0.0.0 (Windows 10) EquipesRecherche timeAgo should return 1 mois for ~30 days FAILED[39m
	Expected 'Il y a 4 semaines' to be 'Il y a 1 mois'.
	    at <Jasmine>
	    at UserContext.apply (src/app/frontoffice/pages/equipes-recherche/equipes-recherche.spec.ts:1175:34)
	    at _ZoneDelegate.invoke (node_modules/zone.js/fesm2015/zone.js:398:28)
	    at ProxyZoneSpec.onInvoke (node_modules/zone.js/fesm2015/zone-testing.js:2132:39)
	    at _ZoneDelegate.invoke (node_modules/zone.js/fesm2015/zone.js:397:34)
Chrome Headless 150.0.0.0 (Windows 10): Executed 988 of 1460[31m (54 FAILED)[39m (0 secs / 3.298 secs)
[1A[2K[31mChrome Headless 150.0.0.0 (Windows 10) EquipesRecherche confirmerRefus should show error toast on failure FAILED[39m
	TypeError: Cannot read properties of undefined (reading 'subscribe')
	    at EquipesRecherche.confirmerRefus (src/app/frontoffice/pages/equipes-recherche/equipes-recherche.ts:351:122)
	    at UserContext.apply (src/app/frontoffice/pages/equipes-recherche/equipes-recherche.spec.ts:767:15)
	    at _ZoneDelegate.invoke (node_modules/zone.js/fesm2015/zone.js:398:28)
	    at ProxyZoneSpec.onInvoke (node_modules/zone.js/fesm2015/zone-testing.js:2132:39)
	    at _ZoneDelegate.invoke (node_modules/zone.js/fesm2015/zone.js:397:34)
	    at ZoneImpl.run (node_modules/zone.js/fesm2015/zone.js:113:43)
	    at runInTestZone (node_modules/zone.js/fesm2015/zone-testing.js:216:38)
	    at UserContext.<anonymous> (node_modules/zone.js/fesm2015/zone-testing.js:234:32)
	    at <Jasmine>
Chrome Headless 150.0.0.0 (Windows 10): Executed 989 of 1460[31m (55 FAILED)[39m (0 secs / 3.302 secs)
[1A[2KChrome Headless 150.0.0.0 (Windows 10): Executed 990 of 1460[31m (55 FAILED)[39m (0 secs / 3.311 secs)
[1A[2K[31mChrome Headless 150.0.0.0 (Windows 10) EquipesRecherche affiliationState should return statut when found FAILED[39m
	Expected null to be 'ACCEPTEE'.
	    at <Jasmine>
	    at UserContext.apply (src/app/frontoffice/pages/equipes-recherche/equipes-recherche.spec.ts:849:44)
	    at _ZoneDelegate.invoke (node_modules/zone.js/fesm2015/zone.js:398:28)
	    at ProxyZoneSpec.onInvoke (node_modules/zone.js/fesm2015/zone-testing.js:2132:39)
	    at _ZoneDelegate.invoke (node_modules/zone.js/fesm2015/zone.js:397:34)
Chrome Headless 150.0.0.0 (Windows 10): Executed 991 of 1460[31m (56 FAILED)[39m (0 secs / 3.315 secs)
[1A[2KChrome Headless 150.0.0.0 (Windows 10): Executed 992 of 1460[31m (56 FAILED)[39m (0 secs / 3.319 secs)
[1A[2KChrome Headless 150.0.0.0 (Windows 10): Executed 993 of 1460[31m (56 FAILED)[39m (0 secs / 3.323 secs)
[1A[2KChrome Headless 150.0.0.0 (Windows 10): Executed 994 of 1460[31m (56 FAILED)[39m (0 secs / 3.327 secs)
[1A[2KChrome Headless 150.0.0.0 (Windows 10): Executed 995 of 1460[31m (56 FAILED)[39m (0 secs / 3.331 secs)
[1A[2K[31mChrome Headless 150.0.0.0 (Windows 10) EquipesRecherche filteredAffiliations should search on email FAILED[39m
	Expected 0 to be 1.
	    at <Jasmine>
	    at UserContext.apply (src/app/frontoffice/pages/equipes-recherche/equipes-recherche.spec.ts:592:53)
	    at _ZoneDelegate.invoke (node_modules/zone.js/fesm2015/zone.js:398:28)
	    at ProxyZoneSpec.onInvoke (node_modules/zone.js/fesm2015/zone-testing.js:2132:39)
	    at _ZoneDelegate.invoke (node_modules/zone.js/fesm2015/zone.js:397:34)
Chrome Headless 150.0.0.0 (Windows 10): Executed 996 of 1460[31m (57 FAILED)[39m (0 secs / 3.334 secs)
[1A[2KChrome Headless 150.0.0.0 (Windows 10): Executed 997 of 1460[31m (57 FAILED)[39m (0 secs / 3.337 secs)
[1A[2K[31mChrome Headless 150.0.0.0 (Windows 10) EquipesRecherche filteredTeams for chef should use otherTeams FAILED[39m
	Expected [ 10, 20 ] not to contain 10.
	    at <Jasmine>
	    at UserContext.apply (src/app/frontoffice/pages/equipes-recherche/equipes-recherche.spec.ts:331:21)
	    at _ZoneDelegate.invoke (node_modules/zone.js/fesm2015/zone.js:398:28)
	    at ProxyZoneSpec.onInvoke (node_modules/zone.js/fesm2015/zone-testing.js:2132:39)
	    at _ZoneDelegate.invoke (node_modules/zone.js/fesm2015/zone.js:397:34)
Chrome Headless 150.0.0.0 (Windows 10): Executed 998 of 1460[31m (58 FAILED)[39m (0 secs / 3.339 secs)
[1A[2KChrome Headless 150.0.0.0 (Windows 10): Executed 999 of 1460[31m (58 FAILED)[39m (0 secs / 3.343 secs)
[1A[2K[31mChrome Headless 150.0.0.0 (Windows 10) EquipesRecherche affiliationMotif should return motif when found FAILED[39m
	Expected null to be 'Manque de place'.
	    at <Jasmine>
	    at UserContext.apply (src/app/frontoffice/pages/equipes-recherche/equipes-recherche.spec.ts:869:44)
	    at _ZoneDelegate.invoke (node_modules/zone.js/fesm2015/zone.js:398:28)
	    at ProxyZoneSpec.onInvoke (node_modules/zone.js/fesm2015/zone-testing.js:2132:39)
	    at _ZoneDelegate.invoke (node_modules/zone.js/fesm2015/zone.js:397:34)
Chrome Headless 150.0.0.0 (Windows 10): Executed 1000 of 1460[31m (59 FAILED)[39m (0 secs / 3.347 secs)
[1A[2KChrome Headless 150.0.0.0 (Windows 10): Executed 1001 of 1460[31m (59 FAILED)[39m (0 secs / 3.351 secs)
[1A[2KChrome Headless 150.0.0.0 (Windows 10): Executed 1002 of 1460[31m (59 FAILED)[39m (0 secs / 3.354 secs)
[1A[2KChrome Headless 150.0.0.0 (Windows 10): Executed 1003 of 1460[31m (59 FAILED)[39m (0 secs / 3.358 secs)
[1A[2KChrome Headless 150.0.0.0 (Windows 10): Executed 1004 of 1460[31m (59 FAILED)[39m (0 secs / 3.362 secs)
[1A[2KChrome Headless 150.0.0.0 (Windows 10): Executed 1005 of 1460[31m (59 FAILED)[39m (0 secs / 3.365 secs)
[1A[2KChrome Headless 150.0.0.0 (Windows 10): Executed 1006 of 1460[31m (59 FAILED)[39m (0 secs / 3.369 secs)
[1A[2KChrome Headless 150.0.0.0 (Windows 10): Executed 1007 of 1460[31m (59 FAILED)[39m (0 secs / 3.372 secs)
[1A[2KChrome Headless 150.0.0.0 (Windows 10): Executed 1008 of 1460[31m (59 FAILED)[39m (0 secs / 3.375 secs)
[1A[2K[31mChrome Headless 150.0.0.0 (Windows 10) EquipesRecherche should load chef affiliations when role is ROLE_CHEF_EQUIPE FAILED[39m
	Expected spy AffiliationService.getByEquipe to have been called with:
	  [ 10 ]
	but it was never called.
	    at <Jasmine>
	    at UserContext.apply (src/app/frontoffice/pages/equipes-recherche/equipes-recherche.spec.ts:182:40)
	    at _ZoneDelegate.invoke (node_modules/zone.js/fesm2015/zone.js:398:28)
	    at ProxyZoneSpec.onInvoke (node_modules/zone.js/fesm2015/zone-testing.js:2132:39)
	    at _ZoneDelegate.invoke (node_modules/zone.js/fesm2015/zone.js:397:34)
	Expected $.length = 0 to equal 1.
	Expected $[0] = undefined to equal Object({ id: 100, enseignant: Object({ id: 2, nom: 'Martin', prenom: 'Lucie', email: 'lucie.martin@example.com', role: 'ROLE_ENSEIGNANT', typeUtilisateur: 'ENSEIGNANT', departement: 'Informatique', enabled: true, createdAt: '2025-01-01T00:00:00Z' }), equipeId: 10, equipeNom: '├ëquipe Alpha', statut: 'EN_ATTENTE', dateDemande: '2026-01-15T10:00:00Z', dateDecision: null, motifDecision: null }).
	    at <Jasmine>
	    at UserContext.apply (src/app/frontoffice/pages/equipes-recherche/equipes-recherche.spec.ts:183:38)
	    at _ZoneDelegate.invoke (node_modules/zone.js/fesm2015/zone.js:398:28)
	    at ProxyZoneSpec.onInvoke (node_modules/zone.js/fesm2015/zone-testing.js:2132:39)
	    at _ZoneDelegate.invoke (node_modules/zone.js/fesm2015/zone.js:397:34)
Chrome Headless 150.0.0.0 (Windows 10): Executed 1009 of 1460[31m (60 FAILED)[39m (0 secs / 3.377 secs)
[1A[2K[31mChrome Headless 150.0.0.0 (Windows 10) EquipesRecherche should load enseignant demandes when role is ROLE_ENSEIGNANT FAILED[39m
	Expected $.length = 0 to equal 1.
	Expected $[0] = undefined to equal Object({ id: 100, enseignant: Object({ id: 2, nom: 'Martin', prenom: 'Lucie', email: 'lucie.martin@example.com', role: 'ROLE_ENSEIGNANT', typeUtilisateur: 'ENSEIGNANT', departement: 'Informatique', enabled: true, createdAt: '2025-01-01T00:00:00Z' }), equipeId: 10, equipeNom: '├ëquipe Alpha', statut: 'EN_ATTENTE', dateDemande: '2026-01-15T10:00:00Z', dateDecision: null, motifDecision: null }).
	    at <Jasmine>
	    at UserContext.apply (src/app/frontoffice/pages/equipes-recherche/equipes-recherche.spec.ts:192:38)
	    at _ZoneDelegate.invoke (node_modules/zone.js/fesm2015/zone.js:398:28)
	    at ProxyZoneSpec.onInvoke (node_modules/zone.js/fesm2015/zone-testing.js:2132:39)
	    at _ZoneDelegate.invoke (node_modules/zone.js/fesm2015/zone.js:397:34)
Chrome Headless 150.0.0.0 (Windows 10): Executed 1010 of 1460[31m (61 FAILED)[39m (0 secs / 3.381 secs)
[1A[2KChrome Headless 150.0.0.0 (Windows 10): Executed 1011 of 1460[31m (61 FAILED)[39m (0 secs / 3.384 secs)
[1A[2KChrome Headless 150.0.0.0 (Windows 10): Executed 1012 of 1460[31m (61 FAILED)[39m (0 secs / 3.387 secs)
[1A[2KChrome Headless 150.0.0.0 (Windows 10): Executed 1013 of 1460[31m (61 FAILED)[39m (0 secs / 3.389 secs)
[1A[2KChrome Headless 150.0.0.0 (Windows 10): Executed 1014 of 1460[31m (61 FAILED)[39m (0 secs / 3.391 secs)
[1A[2KChrome Headless 150.0.0.0 (Windows 10): Executed 1015 of 1460[31m (61 FAILED)[39m (0 secs / 3.393 secs)
[1A[2KChrome Headless 150.0.0.0 (Windows 10): Executed 1016 of 1460[31m (61 FAILED)[39m (0 secs / 3.395 secs)
[1A[2KChrome Headless 150.0.0.0 (Windows 10): Executed 1017 of 1460[31m (61 FAILED)[39m (0 secs / 3.397 secs)
[1A[2KChrome Headless 150.0.0.0 (Windows 10): Executed 1018 of 1460[31m (61 FAILED)[39m (0 secs / 3.399 secs)
[1A[2KChrome Headless 150.0.0.0 (Windows 10): Executed 1019 of 1460[31m (61 FAILED)[39m (0 secs / 3.4 secs)
[1A[2KChrome Headless 150.0.0.0 (Windows 10): Executed 1020 of 1460[31m (61 FAILED)[39m (0 secs / 3.402 secs)
[1A[2KChrome Headless 150.0.0.0 (Windows 10): Executed 1021 of 1460[31m (61 FAILED)[39m (0 secs / 3.411 secs)
[1A[2KChrome Headless 150.0.0.0 (Windows 10): Executed 1022 of 1460[31m (61 FAILED)[39m (0 secs / 3.413 secs)
[1A[2KChrome Headless 150.0.0.0 (Windows 10): Executed 1023 of 1460[31m (61 FAILED)[39m (0 secs / 3.415 secs)
[1A[2KChrome Headless 150.0.0.0 (Windows 10): Executed 1024 of 1460[31m (61 FAILED)[39m (0 secs / 3.418 secs)
[1A[2KChrome Headless 150.0.0.0 (Windows 10): Executed 1025 of 1460[31m (61 FAILED)[39m (0 secs / 3.421 secs)
[1A[2KChrome Headless 150.0.0.0 (Windows 10): Executed 1026 of 1460[31m (61 FAILED)[39m (0 secs / 3.423 secs)
[1A[2KChrome Headless 150.0.0.0 (Windows 10): Executed 1027 of 1460[31m (61 FAILED)[39m (0 secs / 3.425 secs)
[1A[2KChrome Headless 150.0.0.0 (Windows 10): Executed 1028 of 1460[31m (61 FAILED)[39m (0 secs / 3.428 secs)
[1A[2KChrome Headless 150.0.0.0 (Windows 10): Executed 1029 of 1460[31m (61 FAILED)[39m (0 secs / 3.444 secs)
[1A[2KChrome Headless 150.0.0.0 (Windows 10): Executed 1030 of 1460[31m (61 FAILED)[39m (0 secs / 3.446 secs)
[1A[2KChrome Headless 150.0.0.0 (Windows 10): Executed 1031 of 1460[31m (61 FAILED)[39m (0 secs / 3.449 secs)
[1A[2KChrome Headless 150.0.0.0 (Windows 10): Executed 1032 of 1460[31m (61 FAILED)[39m (0 secs / 3.452 secs)
[1A[2KChrome Headless 150.0.0.0 (Windows 10): Executed 1033 of 1460[31m (61 FAILED)[39m (0 secs / 3.455 secs)
[1A[2KChrome Headless 150.0.0.0 (Windows 10): Executed 1034 of 1460[31m (61 FAILED)[39m (0 secs / 3.457 secs)
[1A[2KChrome Headless 150.0.0.0 (Windows 10): Executed 1035 of 1460[31m (61 FAILED)[39m (0 secs / 3.459 secs)
[1A[2KChrome Headless 150.0.0.0 (Windows 10): Executed 1036 of 1460[31m (61 FAILED)[39m (0 secs / 3.461 secs)
[1A[2KChrome Headless 150.0.0.0 (Windows 10): Executed 1037 of 1460[31m (61 FAILED)[39m (0 secs / 3.464 secs)
[1A[2KChrome Headless 150.0.0.0 (Windows 10): Executed 1038 of 1460[31m (61 FAILED)[39m (0 secs / 3.467 secs)
[1A[2KChrome Headless 150.0.0.0 (Windows 10): Executed 1039 of 1460[31m (61 FAILED)[39m (0 secs / 3.469 secs)
[1A[2KChrome Headless 150.0.0.0 (Windows 10): Executed 1040 of 1460[31m (61 FAILED)[39m (0 secs / 3.471 secs)
[1A[2KChrome Headless 150.0.0.0 (Windows 10): Executed 1041 of 1460[31m (61 FAILED)[39m (0 secs / 3.473 secs)
[1A[2KChrome Headless 150.0.0.0 (Windows 10): Executed 1042 of 1460[31m (61 FAILED)[39m (0 secs / 3.475 secs)
[1A[2KChrome Headless 150.0.0.0 (Windows 10): Executed 1043 of 1460[31m (61 FAILED)[39m (0 secs / 3.477 secs)
[1A[2KChrome Headless 150.0.0.0 (Windows 10): Executed 1044 of 1460[31m (61 FAILED)[39m (0 secs / 3.479 secs)
[1A[2K[31mChrome Headless 150.0.0.0 (Windows 10) EvaluationChecklistComponent should handle localizedReason substring matching FAILED[39m
	Expected 'LΓÇÖ├⌐tat ├⌐liminatoire repose sur des preuves valid├⌐es et des r├¿gles factuelles.' to contain 'L ├⌐tat ├⌐liminatoire repose'.
	    at <Jasmine>
	    at UserContext.apply (src/app/shared/components/evaluation-checklist/evaluation-checklist.component.spec.ts:498:52)
	    at _ZoneDelegate.invoke (node_modules/zone.js/fesm2015/zone.js:398:28)
	    at ProxyZoneSpec.onInvoke (node_modules/zone.js/fesm2015/zone-testing.js:2132:39)
	    at _ZoneDelegate.invoke (node_modules/zone.js/fesm2015/zone.js:397:34)
Chrome Headless 150.0.0.0 (Windows 10): Executed 1045 of 1460[31m (62 FAILED)[39m (0 secs / 3.479 secs)
[1A[2KChrome Headless 150.0.0.0 (Windows 10): Executed 1046 of 1460[31m (62 FAILED)[39m (0 secs / 3.479 secs)
[1A[2KChrome Headless 150.0.0.0 (Windows 10): Executed 1047 of 1460[31m (62 FAILED)[39m (0 secs / 3.48 secs)
[1A[2KChrome Headless 150.0.0.0 (Windows 10): Executed 1048 of 1460[31m (62 FAILED)[39m (0 secs / 3.48 secs)
[1A[2KChrome Headless 150.0.0.0 (Windows 10): Executed 1049 of 1460[31m (62 FAILED)[39m (0 secs / 3.48 secs)
[1A[2KChrome Headless 150.0.0.0 (Windows 10): Executed 1050 of 1460[31m (62 FAILED)[39m (0 secs / 3.48 secs)
[1A[2KChrome Headless 150.0.0.0 (Windows 10): Executed 1051 of 1460[31m (62 FAILED)[39m (0 secs / 3.48 secs)
[1A[2KChrome Headless 150.0.0.0 (Windows 10): Executed 1052 of 1460[31m (62 FAILED)[39m (0 secs / 3.481 secs)
[1A[2KChrome Headless 150.0.0.0 (Windows 10): Executed 1053 of 1460[31m (62 FAILED)[39m (0 secs / 3.481 secs)
[1A[2KChrome Headless 150.0.0.0 (Windows 10): Executed 1054 of 1460[31m (62 FAILED)[39m (0 secs / 3.481 secs)
[1A[2KChrome Headless 150.0.0.0 (Windows 10): Executed 1055 of 1460[31m (62 FAILED)[39m (0 secs / 3.481 secs)
[1A[2KChrome Headless 150.0.0.0 (Windows 10): Executed 1056 of 1460[31m (62 FAILED)[39m (0 secs / 3.481 secs)
[1A[2KChrome Headless 150.0.0.0 (Windows 10): Executed 1057 of 1460[31m (62 FAILED)[39m (0 secs / 3.481 secs)
[1A[2KChrome Headless 150.0.0.0 (Windows 10): Executed 1058 of 1460[31m (62 FAILED)[39m (0 secs / 3.482 secs)
[1A[2KChrome Headless 150.0.0.0 (Windows 10): Executed 1059 of 1460[31m (62 FAILED)[39m (0 secs / 3.482 secs)
[1A[2KChrome Headless 150.0.0.0 (Windows 10): Executed 1060 of 1460[31m (62 FAILED)[39m (0 secs / 3.482 secs)
[1A[2KChrome Headless 150.0.0.0 (Windows 10): Executed 1061 of 1460[31m (62 FAILED)[39m (0 secs / 3.482 secs)
[1A[2KChrome Headless 150.0.0.0 (Windows 10): Executed 1062 of 1460[31m (62 FAILED)[39m (0 secs / 3.482 secs)
[1A[2KChrome Headless 150.0.0.0 (Windows 10): Executed 1063 of 1460[31m (62 FAILED)[39m (0 secs / 3.482 secs)
[1A[2KChrome Headless 150.0.0.0 (Windows 10): Executed 1064 of 1460[31m (62 FAILED)[39m (0 secs / 3.483 secs)
[1A[2KChrome Headless 150.0.0.0 (Windows 10): Executed 1065 of 1460[31m (62 FAILED)[39m (0 secs / 3.483 secs)
[1A[2K[31mChrome Headless 150.0.0.0 (Windows 10) EvaluationChecklistComponent should return correct statusClass for REVIEW_REQUIRED FAILED[39m
	Expected 'decision-badge--no' to be 'decision-badge--warning'.
	    at <Jasmine>
	    at UserContext.apply (src/app/shared/components/evaluation-checklist/evaluation-checklist.component.spec.ts:339:35)
	    at _ZoneDelegate.invoke (node_modules/zone.js/fesm2015/zone.js:398:28)
	    at ProxyZoneSpec.onInvoke (node_modules/zone.js/fesm2015/zone-testing.js:2132:39)
	    at _ZoneDelegate.invoke (node_modules/zone.js/fesm2015/zone.js:397:34)
Chrome Headless 150.0.0.0 (Windows 10): Executed 1066 of 1460[31m (63 FAILED)[39m (0 secs / 3.483 secs)
[1A[2KChrome Headless 150.0.0.0 (Windows 10): Executed 1067 of 1460[31m (63 FAILED)[39m (0 secs / 3.483 secs)
[1A[2KChrome Headless 150.0.0.0 (Windows 10): Executed 1068 of 1460[31m (63 FAILED)[39m (0 secs / 3.484 secs)
[1A[2KChrome Headless 150.0.0.0 (Windows 10): Executed 1069 of 1460[31m (63 FAILED)[39m (0 secs / 3.484 secs)
[1A[2KChrome Headless 150.0.0.0 (Windows 10): Executed 1070 of 1460[31m (63 FAILED)[39m (0 secs / 3.484 secs)
[1A[2KChrome Headless 150.0.0.0 (Windows 10): Executed 1071 of 1460[31m (63 FAILED)[39m (0 secs / 3.484 secs)
[1A[2KChrome Headless 150.0.0.0 (Windows 10): Executed 1072 of 1460[31m (63 FAILED)[39m (0 secs / 3.484 secs)
[1A[2KChrome Headless 150.0.0.0 (Windows 10): Executed 1073 of 1460[31m (63 FAILED)[39m (0 secs / 3.484 secs)
[1A[2KChrome Headless 150.0.0.0 (Windows 10): Executed 1074 of 1460[31m (63 FAILED)[39m (0 secs / 3.484 secs)
[1A[2KChrome Headless 150.0.0.0 (Windows 10): Executed 1075 of 1460[31m (63 FAILED)[39m (0 secs / 3.484 secs)
[1A[2K[31mChrome Headless 150.0.0.0 (Windows 10) EvaluationChecklistComponent should format noteValue without bareme FAILED[39m
	Expected 'Satisfait' to be '3'.
	    at <Jasmine>
	    at UserContext.apply (src/app/shared/components/evaluation-checklist/evaluation-checklist.component.spec.ts:381:45)
	    at _ZoneDelegate.invoke (node_modules/zone.js/fesm2015/zone.js:398:28)
	    at ProxyZoneSpec.onInvoke (node_modules/zone.js/fesm2015/zone-testing.js:2132:39)
	    at _ZoneDelegate.invoke (node_modules/zone.js/fesm2015/zone.js:397:34)
Chrome Headless 150.0.0.0 (Windows 10): Executed 1076 of 1460[31m (64 FAILED)[39m (0 secs / 3.484 secs)
[1A[2KChrome Headless 150.0.0.0 (Windows 10): Executed 1077 of 1460[31m (64 FAILED)[39m (0 secs / 3.484 secs)
[1A[2KChrome Headless 150.0.0.0 (Windows 10): Executed 1078 of 1460[31m (64 FAILED)[39m (0 secs / 3.484 secs)
[1A[2KChrome Headless 150.0.0.0 (Windows 10): Executed 1079 of 1460[31m (64 FAILED)[39m (0 secs / 3.484 secs)
[1A[2KChrome Headless 150.0.0.0 (Windows 10): Executed 1080 of 1460[31m (64 FAILED)[39m (0 secs / 3.484 secs)
[1A[2KChrome Headless 150.0.0.0 (Windows 10): Executed 1081 of 1460[31m (64 FAILED)[39m (0 secs / 3.484 secs)
[1A[2KChrome Headless 150.0.0.0 (Windows 10): Executed 1082 of 1460[31m (64 FAILED)[39m (0 secs / 3.484 secs)
[1A[2KChrome Headless 150.0.0.0 (Windows 10): Executed 1083 of 1460[31m (64 FAILED)[39m (0 secs / 3.484 secs)
[1A[2KChrome Headless 150.0.0.0 (Windows 10): Executed 1084 of 1460[31m (64 FAILED)[39m (0 secs / 3.484 secs)
[1A[2KChrome Headless 150.0.0.0 (Windows 10): Executed 1085 of 1460[31m (64 FAILED)[39m (0 secs / 3.484 secs)
[1A[2KChrome Headless 150.0.0.0 (Windows 10): Executed 1086 of 1460[31m (64 FAILED)[39m (0 secs / 3.484 secs)
[1A[2KChrome Headless 150.0.0.0 (Windows 10): Executed 1087 of 1460[31m (64 FAILED)[39m (0 secs / 3.484 secs)
[1A[2KChrome Headless 150.0.0.0 (Windows 10): Executed 1088 of 1460[31m (64 FAILED)[39m (0 secs / 3.484 secs)
[1A[2K[31mChrome Headless 150.0.0.0 (Windows 10) EvaluationChecklistComponent should return correct statusLabel for all eligibilityStatus values FAILED[39m
	Expected 'Non ├⌐ligible' to be '├ëligible'.
	    at <Jasmine>
	    at UserContext.apply (src/app/shared/components/evaluation-checklist/evaluation-checklist.component.spec.ts:329:35)
	    at _ZoneDelegate.invoke (node_modules/zone.js/fesm2015/zone.js:398:28)
	    at ProxyZoneSpec.onInvoke (node_modules/zone.js/fesm2015/zone-testing.js:2132:39)
	    at _ZoneDelegate.invoke (node_modules/zone.js/fesm2015/zone.js:397:34)
Chrome Headless 150.0.0.0 (Windows 10): Executed 1089 of 1460[31m (65 FAILED)[39m (0 secs / 3.484 secs)
[1A[2KChrome Headless 150.0.0.0 (Windows 10): Executed 1090 of 1460[31m (65 FAILED)[39m (0 secs / 3.485 secs)
[1A[2K[31mChrome Headless 150.0.0.0 (Windows 10) EvaluationChecklistComponent should format noteLabel without bareme FAILED[39m
	Expected 'Non calcul├⌐' to be 'Custom Label'.
	    at <Jasmine>
	    at UserContext.apply (src/app/shared/components/evaluation-checklist/evaluation-checklist.component.spec.ts:394:50)
	    at _ZoneDelegate.invoke (node_modules/zone.js/fesm2015/zone.js:398:28)
	    at ProxyZoneSpec.onInvoke (node_modules/zone.js/fesm2015/zone-testing.js:2132:39)
	    at _ZoneDelegate.invoke (node_modules/zone.js/fesm2015/zone.js:397:34)
Chrome Headless 150.0.0.0 (Windows 10): Executed 1091 of 1460[31m (66 FAILED)[39m (0 secs / 3.485 secs)
[1A[2KChrome Headless 150.0.0.0 (Windows 10): Executed 1092 of 1460[31m (66 FAILED)[39m (0 secs / 3.485 secs)
[1A[2KChrome Headless 150.0.0.0 (Windows 10): Executed 1093 of 1460[31m (66 FAILED)[39m (0 secs / 3.486 secs)
[1A[2KChrome Headless 150.0.0.0 (Windows 10): Executed 1094 of 1460[31m (66 FAILED)[39m (0 secs / 3.487 secs)
[1A[2KChrome Headless 150.0.0.0 (Windows 10): Executed 1095 of 1460[31m (66 FAILED)[39m (0 secs / 3.488 secs)
[1A[2KChrome Headless 150.0.0.0 (Windows 10): Executed 1096 of 1460[31m (66 FAILED)[39m (0 secs / 3.489 secs)
[1A[2KChrome Headless 150.0.0.0 (Windows 10): Executed 1097 of 1460[31m (66 FAILED)[39m (0 secs / 3.49 secs)
[1A[2KChrome Headless 150.0.0.0 (Windows 10): Executed 1098 of 1460[31m (66 FAILED)[39m (0 secs / 3.491 secs)
[1A[2KChrome Headless 150.0.0.0 (Windows 10): Executed 1099 of 1460[31m (66 FAILED)[39m (0 secs / 3.491 secs)
[1A[2KChrome Headless 150.0.0.0 (Windows 10): Executed 1100 of 1460[31m (66 FAILED)[39m (0 secs / 3.502 secs)
[1A[2KChrome Headless 150.0.0.0 (Windows 10): Executed 1101 of 1460[31m (66 FAILED)[39m (0 secs / 3.506 secs)
[1A[2KChrome Headless 150.0.0.0 (Windows 10): Executed 1102 of 1460[31m (66 FAILED)[39m (0 secs / 3.51 secs)
[1A[2KChrome Headless 150.0.0.0 (Windows 10): Executed 1103 of 1460[31m (66 FAILED)[39m (0 secs / 3.514 secs)
[1A[2KChrome Headless 150.0.0.0 (Windows 10): Executed 1104 of 1460[31m (66 FAILED)[39m (0 secs / 3.518 secs)
[1A[2KChrome Headless 150.0.0.0 (Windows 10): Executed 1105 of 1460[31m (66 FAILED)[39m (0 secs / 3.523 secs)
[1A[2KChrome Headless 150.0.0.0 (Windows 10): Executed 1106 of 1460[31m (66 FAILED)[39m (0 secs / 3.526 secs)
[1A[2KChrome Headless 150.0.0.0 (Windows 10): Executed 1107 of 1460[31m (66 FAILED)[39m (0 secs / 3.53 secs)
[1A[2KChrome Headless 150.0.0.0 (Windows 10): Executed 1108 of 1460[31m (66 FAILED)[39m (0 secs / 3.535 secs)
[1A[2KChrome Headless 150.0.0.0 (Windows 10): Executed 1109 of 1460[31m (66 FAILED)[39m (0 secs / 3.54 secs)
[1A[2KChrome Headless 150.0.0.0 (Windows 10): Executed 1110 of 1460[31m (66 FAILED)[39m (0 secs / 3.543 secs)
[1A[2KChrome Headless 150.0.0.0 (Windows 10): Executed 1111 of 1460[31m (66 FAILED)[39m (0 secs / 3.546 secs)
[1A[2KChrome Headless 150.0.0.0 (Windows 10): Executed 1112 of 1460[31m (66 FAILED)[39m (0 secs / 3.548 secs)
[1A[2KChrome Headless 150.0.0.0 (Windows 10): Executed 1113 of 1460[31m (66 FAILED)[39m (0 secs / 3.551 secs)
[1A[2K[31mChrome Headless 150.0.0.0 (Windows 10) AdminCriteresPageComponent should keep add note level available after five levels and allow value six FAILED[39m
	Error: Errors during JIT compilation of template for AdminCriteresPageComponent: Unexpected closing block. The block may have been closed earlier. If you meant to write the } character, you should use the "&#125;" HTML entity instead. ("
	    </div>
	  </div>
	[ERROR ->]}
	
	<app-confirm-dialog
	"): ng:///AdminCriteresPageComponent/template.html@562:0
	    at parseJitTemplate (node_modules/@angular/compiler/fesm2022/compiler.mjs:32418:15)
	    at CompilerFacadeImpl.compileComponent (node_modules/@angular/compiler/fesm2022/compiler.mjs:32092:52)
	    at AdminCriteresPageComponent.╔╡cmp (node_modules/@angular/core/fesm2022/debug_node.mjs:30507:47)
	    at getComponentDef (node_modules/@angular/core/fesm2022/testing.mjs:1605:18)
	    at isStandaloneComponent (node_modules/@angular/core/fesm2022/testing.mjs:1601:17)
	    at queueTypesFromModulesArrayRecur (node_modules/@angular/core/fesm2022/testing.mjs:1325:26)
	    at TestBedCompiler.queueTypesFromModulesArray (node_modules/@angular/core/fesm2022/testing.mjs:1348:9)
	    at TestBedCompiler.configureTestingModule (node_modules/@angular/core/fesm2022/testing.mjs:856:18)
	    at TestBedImpl.configureTestingModule (node_modules/@angular/core/fesm2022/testing.mjs:1993:23)
	    at TestBedImpl.configureTestingModule (node_modules/@angular/core/fesm2022/testing.mjs:1805:37)
Chrome Headless 150.0.0.0 (Windows 10): Executed 1114 of 1460[31m (67 FAILED)[39m (0 secs / 3.558 secs)
[1A[2K[31mChrome Headless 150.0.0.0 (Windows 10) AdminCriteresPageComponent should add a note level from the admin form FAILED[39m
	Error: Errors during JIT compilation of template for AdminCriteresPageComponent: Unexpected closing block. The block may have been closed earlier. If you meant to write the } character, you should use the "&#125;" HTML entity instead. ("
	    </div>
	  </div>
	[ERROR ->]}
	
	<app-confirm-dialog
	"): ng:///AdminCriteresPageComponent/template.html@562:0
	    at parseJitTemplate (node_modules/@angular/compiler/fesm2022/compiler.mjs:32418:15)
	    at CompilerFacadeImpl.compileComponent (node_modules/@angular/compiler/fesm2022/compiler.mjs:32092:52)
	    at AdminCriteresPageComponent.╔╡cmp (node_modules/@angular/core/fesm2022/debug_node.mjs:30507:47)
	    at getComponentDef (node_modules/@angular/core/fesm2022/testing.mjs:1605:18)
	    at isStandaloneComponent (node_modules/@angular/core/fesm2022/testing.mjs:1601:17)
	    at queueTypesFromModulesArrayRecur (node_modules/@angular/core/fesm2022/testing.mjs:1325:26)
	    at TestBedCompiler.queueTypesFromModulesArray (node_modules/@angular/core/fesm2022/testing.mjs:1348:9)
	    at TestBedCompiler.configureTestingModule (node_modules/@angular/core/fesm2022/testing.mjs:856:18)
	    at TestBedImpl.configureTestingModule (node_modules/@angular/core/fesm2022/testing.mjs:1993:23)
	    at TestBedImpl.configureTestingModule (node_modules/@angular/core/fesm2022/testing.mjs:1805:37)
Chrome Headless 150.0.0.0 (Windows 10): Executed 1115 of 1460[31m (68 FAILED)[39m (0 secs / 3.561 secs)
[1A[2K[31mChrome Headless 150.0.0.0 (Windows 10) AdminCriteresPageComponent should manage note levels FAILED[39m
	Error: Errors during JIT compilation of template for AdminCriteresPageComponent: Unexpected closing block. The block may have been closed earlier. If you meant to write the } character, you should use the "&#125;" HTML entity instead. ("
	    </div>
	  </div>
	[ERROR ->]}
	
	<app-confirm-dialog
	"): ng:///AdminCriteresPageComponent/template.html@562:0
	    at parseJitTemplate (node_modules/@angular/compiler/fesm2022/compiler.mjs:32418:15)
	    at CompilerFacadeImpl.compileComponent (node_modules/@angular/compiler/fesm2022/compiler.mjs:32092:52)
	    at AdminCriteresPageComponent.╔╡cmp (node_modules/@angular/core/fesm2022/debug_node.mjs:30507:47)
	    at getComponentDef (node_modules/@angular/core/fesm2022/testing.mjs:1605:18)
	    at isStandaloneComponent (node_modules/@angular/core/fesm2022/testing.mjs:1601:17)
	    at queueTypesFromModulesArrayRecur (node_modules/@angular/core/fesm2022/testing.mjs:1325:26)
	    at TestBedCompiler.queueTypesFromModulesArray (node_modules/@angular/core/fesm2022/testing.mjs:1348:9)
	    at TestBedCompiler.configureTestingModule (node_modules/@angular/core/fesm2022/testing.mjs:856:18)
	    at TestBedImpl.configureTestingModule (node_modules/@angular/core/fesm2022/testing.mjs:1993:23)
	    at TestBedImpl.configureTestingModule (node_modules/@angular/core/fesm2022/testing.mjs:1805:37)
Chrome Headless 150.0.0.0 (Windows 10): Executed 1116 of 1460[31m (69 FAILED)[39m (0 secs / 3.563 secs)
[1A[2K[31mChrome Headless 150.0.0.0 (Windows 10) AdminCriteresPageComponent should delete note criteria and show conflict warnings FAILED[39m
	Error: Errors during JIT compilation of template for AdminCriteresPageComponent: Unexpected closing block. The block may have been closed earlier. If you meant to write the } character, you should use the "&#125;" HTML entity instead. ("
	    </div>
	  </div>
	[ERROR ->]}
	
	<app-confirm-dialog
	"): ng:///AdminCriteresPageComponent/template.html@562:0
	    at parseJitTemplate (node_modules/@angular/compiler/fesm2022/compiler.mjs:32418:15)
	    at CompilerFacadeImpl.compileComponent (node_modules/@angular/compiler/fesm2022/compiler.mjs:32092:52)
	    at AdminCriteresPageComponent.╔╡cmp (node_modules/@angular/core/fesm2022/debug_node.mjs:30507:47)
	    at getComponentDef (node_modules/@angular/core/fesm2022/testing.mjs:1605:18)
	    at isStandaloneComponent (node_modules/@angular/core/fesm2022/testing.mjs:1601:17)
	    at queueTypesFromModulesArrayRecur (node_modules/@angular/core/fesm2022/testing.mjs:1325:26)
	    at TestBedCompiler.queueTypesFromModulesArray (node_modules/@angular/core/fesm2022/testing.mjs:1348:9)
	    at TestBedCompiler.configureTestingModule (node_modules/@angular/core/fesm2022/testing.mjs:856:18)
	    at TestBedImpl.configureTestingModule (node_modules/@angular/core/fesm2022/testing.mjs:1993:23)
	    at TestBedImpl.configureTestingModule (node_modules/@angular/core/fesm2022/testing.mjs:1805:37)
Chrome Headless 150.0.0.0 (Windows 10): Executed 1117 of 1460[31m (70 FAILED)[39m (0 secs / 3.565 secs)
[1A[2K[31mChrome Headless 150.0.0.0 (Windows 10) AdminCriteresPageComponent should show backend validation and load messages for note criteria FAILED[39m
	Error: Errors during JIT compilation of template for AdminCriteresPageComponent: Unexpected closing block. The block may have been closed earlier. If you meant to write the } character, you should use the "&#125;" HTML entity instead. ("
	    </div>
	  </div>
	[ERROR ->]}
	
	<app-confirm-dialog
	"): ng:///AdminCriteresPageComponent/template.html@562:0
	    at parseJitTemplate (node_modules/@angular/compiler/fesm2022/compiler.mjs:32418:15)
	    at CompilerFacadeImpl.compileComponent (node_modules/@angular/compiler/fesm2022/compiler.mjs:32092:52)
	    at AdminCriteresPageComponent.╔╡cmp (node_modules/@angular/core/fesm2022/debug_node.mjs:30507:47)
	    at getComponentDef (node_modules/@angular/core/fesm2022/testing.mjs:1605:18)
	    at isStandaloneComponent (node_modules/@angular/core/fesm2022/testing.mjs:1601:17)
	    at queueTypesFromModulesArrayRecur (node_modules/@angular/core/fesm2022/testing.mjs:1325:26)
	    at TestBedCompiler.queueTypesFromModulesArray (node_modules/@angular/core/fesm2022/testing.mjs:1348:9)
	    at TestBedCompiler.configureTestingModule (node_modules/@angular/core/fesm2022/testing.mjs:856:18)
	    at TestBedImpl.configureTestingModule (node_modules/@angular/core/fesm2022/testing.mjs:1993:23)
	    at TestBedImpl.configureTestingModule (node_modules/@angular/core/fesm2022/testing.mjs:1805:37)
Chrome Headless 150.0.0.0 (Windows 10): Executed 1118 of 1460[31m (71 FAILED)[39m (0 secs / 3.568 secs)
[1A[2K[31mChrome Headless 150.0.0.0 (Windows 10) AdminCriteresPageComponent should create and update eliminatory and note criteria FAILED[39m
	Error: Errors during JIT compilation of template for AdminCriteresPageComponent: Unexpected closing block. The block may have been closed earlier. If you meant to write the } character, you should use the "&#125;" HTML entity instead. ("
	    </div>
	  </div>
	[ERROR ->]}
	
	<app-confirm-dialog
	"): ng:///AdminCriteresPageComponent/template.html@562:0
	    at parseJitTemplate (node_modules/@angular/compiler/fesm2022/compiler.mjs:32418:15)
	    at CompilerFacadeImpl.compileComponent (node_modules/@angular/compiler/fesm2022/compiler.mjs:32092:52)
	    at AdminCriteresPageComponent.╔╡cmp (node_modules/@angular/core/fesm2022/debug_node.mjs:30507:47)
	    at getComponentDef (node_modules/@angular/core/fesm2022/testing.mjs:1605:18)
	    at isStandaloneComponent (node_modules/@angular/core/fesm2022/testing.mjs:1601:17)
	    at queueTypesFromModulesArrayRecur (node_modules/@angular/core/fesm2022/testing.mjs:1325:26)
	    at TestBedCompiler.queueTypesFromModulesArray (node_modules/@angular/core/fesm2022/testing.mjs:1348:9)
	    at TestBedCompiler.configureTestingModule (node_modules/@angular/core/fesm2022/testing.mjs:856:18)
	    at TestBedImpl.configureTestingModule (node_modules/@angular/core/fesm2022/testing.mjs:1993:23)
	    at TestBedImpl.configureTestingModule (node_modules/@angular/core/fesm2022/testing.mjs:1805:37)
Chrome Headless 150.0.0.0 (Windows 10): Executed 1119 of 1460[31m (72 FAILED)[39m (0 secs / 3.571 secs)
[1A[2K[31mChrome Headless 150.0.0.0 (Windows 10) AdminCriteresPageComponent should show conflict warning when deleting a used note level FAILED[39m
	Error: Errors during JIT compilation of template for AdminCriteresPageComponent: Unexpected closing block. The block may have been closed earlier. If you meant to write the } character, you should use the "&#125;" HTML entity instead. ("
	    </div>
	  </div>
	[ERROR ->]}
	
	<app-confirm-dialog
	"): ng:///AdminCriteresPageComponent/template.html@562:0
	    at parseJitTemplate (node_modules/@angular/compiler/fesm2022/compiler.mjs:32418:15)
	    at CompilerFacadeImpl.compileComponent (node_modules/@angular/compiler/fesm2022/compiler.mjs:32092:52)
	    at AdminCriteresPageComponent.╔╡cmp (node_modules/@angular/core/fesm2022/debug_node.mjs:30507:47)
	    at getComponentDef (node_modules/@angular/core/fesm2022/testing.mjs:1605:18)
	    at isStandaloneComponent (node_modules/@angular/core/fesm2022/testing.mjs:1601:17)
	    at queueTypesFromModulesArrayRecur (node_modules/@angular/core/fesm2022/testing.mjs:1325:26)
	    at TestBedCompiler.queueTypesFromModulesArray (node_modules/@angular/core/fesm2022/testing.mjs:1348:9)
	    at TestBedCompiler.configureTestingModule (node_modules/@angular/core/fesm2022/testing.mjs:856:18)
	    at TestBedImpl.configureTestingModule (node_modules/@angular/core/fesm2022/testing.mjs:1993:23)
	    at TestBedImpl.configureTestingModule (node_modules/@angular/core/fesm2022/testing.mjs:1805:37)
Chrome Headless 150.0.0.0 (Windows 10): Executed 1120 of 1460[31m (73 FAILED)[39m (0 secs / 3.574 secs)
[1A[2K[31mChrome Headless 150.0.0.0 (Windows 10) AdminCriteresPageComponent should filter criteria and recalculate pagination sizes FAILED[39m
	Error: Errors during JIT compilation of template for AdminCriteresPageComponent: Unexpected closing block. The block may have been closed earlier. If you meant to write the } character, you should use the "&#125;" HTML entity instead. ("
	    </div>
	  </div>
	[ERROR ->]}
	
	<app-confirm-dialog
	"): ng:///AdminCriteresPageComponent/template.html@562:0
	    at parseJitTemplate (node_modules/@angular/compiler/fesm2022/compiler.mjs:32418:15)
	    at CompilerFacadeImpl.compileComponent (node_modules/@angular/compiler/fesm2022/compiler.mjs:32092:52)
	    at AdminCriteresPageComponent.╔╡cmp (node_modules/@angular/core/fesm2022/debug_node.mjs:30507:47)
	    at getComponentDef (node_modules/@angular/core/fesm2022/testing.mjs:1605:18)
	    at isStandaloneComponent (node_modules/@angular/core/fesm2022/testing.mjs:1601:17)
	    at queueTypesFromModulesArrayRecur (node_modules/@angular/core/fesm2022/testing.mjs:1325:26)
	    at TestBedCompiler.queueTypesFromModulesArray (node_modules/@angular/core/fesm2022/testing.mjs:1348:9)
	    at TestBedCompiler.configureTestingModule (node_modules/@angular/core/fesm2022/testing.mjs:856:18)
	    at TestBedImpl.configureTestingModule (node_modules/@angular/core/fesm2022/testing.mjs:1993:23)
	    at TestBedImpl.configureTestingModule (node_modules/@angular/core/fesm2022/testing.mjs:1805:37)
Chrome Headless 150.0.0.0 (Windows 10): Executed 1121 of 1460[31m (74 FAILED)[39m (0 secs / 3.579 secs)
[1A[2K[31mChrome Headless 150.0.0.0 (Windows 10) AdminCriteresPageComponent should handle loadNoteLevels error FAILED[39m
	Error: Errors during JIT compilation of template for AdminCriteresPageComponent: Unexpected closing block. The block may have been closed earlier. If you meant to write the } character, you should use the "&#125;" HTML entity instead. ("
	    </div>
	  </div>
	[ERROR ->]}
	
	<app-confirm-dialog
	"): ng:///AdminCriteresPageComponent/template.html@562:0
	    at parseJitTemplate (node_modules/@angular/compiler/fesm2022/compiler.mjs:32418:15)
	    at CompilerFacadeImpl.compileComponent (node_modules/@angular/compiler/fesm2022/compiler.mjs:32092:52)
	    at AdminCriteresPageComponent.╔╡cmp (node_modules/@angular/core/fesm2022/debug_node.mjs:30507:47)
	    at getComponentDef (node_modules/@angular/core/fesm2022/testing.mjs:1605:18)
	    at isStandaloneComponent (node_modules/@angular/core/fesm2022/testing.mjs:1601:17)
	    at queueTypesFromModulesArrayRecur (node_modules/@angular/core/fesm2022/testing.mjs:1325:26)
	    at TestBedCompiler.queueTypesFromModulesArray (node_modules/@angular/core/fesm2022/testing.mjs:1348:9)
	    at TestBedCompiler.configureTestingModule (node_modules/@angular/core/fesm2022/testing.mjs:856:18)
	    at TestBedImpl.configureTestingModule (node_modules/@angular/core/fesm2022/testing.mjs:1993:23)
	    at TestBedImpl.configureTestingModule (node_modules/@angular/core/fesm2022/testing.mjs:1805:37)
Chrome Headless 150.0.0.0 (Windows 10): Executed 1122 of 1460[31m (75 FAILED)[39m (0 secs / 3.581 secs)
[1A[2K[31mChrome Headless 150.0.0.0 (Windows 10) AdminCriteresPageComponent should handle statutElimFilterLabel and statutNoteFilterLabel FAILED[39m
	Error: Errors during JIT compilation of template for AdminCriteresPageComponent: Unexpected closing block. The block may have been closed earlier. If you meant to write the } character, you should use the "&#125;" HTML entity instead. ("
	    </div>
	  </div>
	[ERROR ->]}
	
	<app-confirm-dialog
	"): ng:///AdminCriteresPageComponent/template.html@562:0
	    at parseJitTemplate (node_modules/@angular/compiler/fesm2022/compiler.mjs:32418:15)
	    at CompilerFacadeImpl.compileComponent (node_modules/@angular/compiler/fesm2022/compiler.mjs:32092:52)
	    at AdminCriteresPageComponent.╔╡cmp (node_modules/@angular/core/fesm2022/debug_node.mjs:30507:47)
	    at getComponentDef (node_modules/@angular/core/fesm2022/testing.mjs:1605:18)
	    at isStandaloneComponent (node_modules/@angular/core/fesm2022/testing.mjs:1601:17)
	    at queueTypesFromModulesArrayRecur (node_modules/@angular/core/fesm2022/testing.mjs:1325:26)
	    at TestBedCompiler.queueTypesFromModulesArray (node_modules/@angular/core/fesm2022/testing.mjs:1348:9)
	    at TestBedCompiler.configureTestingModule (node_modules/@angular/core/fesm2022/testing.mjs:856:18)
	    at TestBedImpl.configureTestingModule (node_modules/@angular/core/fesm2022/testing.mjs:1993:23)
	    at TestBedImpl.configureTestingModule (node_modules/@angular/core/fesm2022/testing.mjs:1805:37)
Chrome Headless 150.0.0.0 (Windows 10): Executed 1123 of 1460[31m (76 FAILED)[39m (0 secs / 3.583 secs)
[1A[2K[31mChrome Headless 150.0.0.0 (Windows 10) AdminCriteresPageComponent should show backend validation messages when creating note levels FAILED[39m
	Error: Errors during JIT compilation of template for AdminCriteresPageComponent: Unexpected closing block. The block may have been closed earlier. If you meant to write the } character, you should use the "&#125;" HTML entity instead. ("
	    </div>
	  </div>
	[ERROR ->]}
	
	<app-confirm-dialog
	"): ng:///AdminCriteresPageComponent/template.html@562:0
	    at parseJitTemplate (node_modules/@angular/compiler/fesm2022/compiler.mjs:32418:15)
	    at CompilerFacadeImpl.compileComponent (node_modules/@angular/compiler/fesm2022/compiler.mjs:32092:52)
	    at AdminCriteresPageComponent.╔╡cmp (node_modules/@angular/core/fesm2022/debug_node.mjs:30507:47)
	    at getComponentDef (node_modules/@angular/core/fesm2022/testing.mjs:1605:18)
	    at isStandaloneComponent (node_modules/@angular/core/fesm2022/testing.mjs:1601:17)
	    at queueTypesFromModulesArrayRecur (node_modules/@angular/core/fesm2022/testing.mjs:1325:26)
	    at TestBedCompiler.queueTypesFromModulesArray (node_modules/@angular/core/fesm2022/testing.mjs:1348:9)
	    at TestBedCompiler.configureTestingModule (node_modules/@angular/core/fesm2022/testing.mjs:856:18)
	    at TestBedImpl.configureTestingModule (node_modules/@angular/core/fesm2022/testing.mjs:1993:23)
	    at TestBedImpl.configureTestingModule (node_modules/@angular/core/fesm2022/testing.mjs:1805:37)
Chrome Headless 150.0.0.0 (Windows 10): Executed 1124 of 1460[31m (77 FAILED)[39m (0 secs / 3.585 secs)
[1A[2K[31mChrome Headless 150.0.0.0 (Windows 10) AdminCriteresPageComponent should load criteria and note levels on init FAILED[39m
	Error: Errors during JIT compilation of template for AdminCriteresPageComponent: Unexpected closing block. The block may have been closed earlier. If you meant to write the } character, you should use the "&#125;" HTML entity instead. ("
	    </div>
	  </div>
	[ERROR ->]}
	
	<app-confirm-dialog
	"): ng:///AdminCriteresPageComponent/template.html@562:0
	    at parseJitTemplate (node_modules/@angular/compiler/fesm2022/compiler.mjs:32418:15)
	    at CompilerFacadeImpl.compileComponent (node_modules/@angular/compiler/fesm2022/compiler.mjs:32092:52)
	    at AdminCriteresPageComponent.╔╡cmp (node_modules/@angular/core/fesm2022/debug_node.mjs:30507:47)
	    at getComponentDef (node_modules/@angular/core/fesm2022/testing.mjs:1605:18)
	    at isStandaloneComponent (node_modules/@angular/core/fesm2022/testing.mjs:1601:17)
	    at queueTypesFromModulesArrayRecur (node_modules/@angular/core/fesm2022/testing.mjs:1325:26)
	    at TestBedCompiler.queueTypesFromModulesArray (node_modules/@angular/core/fesm2022/testing.mjs:1348:9)
	    at TestBedCompiler.configureTestingModule (node_modules/@angular/core/fesm2022/testing.mjs:856:18)
	    at TestBedImpl.configureTestingModule (node_modules/@angular/core/fesm2022/testing.mjs:1993:23)
	    at TestBedImpl.configureTestingModule (node_modules/@angular/core/fesm2022/testing.mjs:1805:37)
Chrome Headless 150.0.0.0 (Windows 10): Executed 1125 of 1460[31m (78 FAILED)[39m (0 secs / 3.588 secs)
[1A[2K[31mChrome Headless 150.0.0.0 (Windows 10) AdminCriteresPageComponent should filter eliminatoires by statut inactif FAILED[39m
	Error: Errors during JIT compilation of template for AdminCriteresPageComponent: Unexpected closing block. The block may have been closed earlier. If you meant to write the } character, you should use the "&#125;" HTML entity instead. ("
	    </div>
	  </div>
	[ERROR ->]}
	
	<app-confirm-dialog
	"): ng:///AdminCriteresPageComponent/template.html@562:0
	    at parseJitTemplate (node_modules/@angular/compiler/fesm2022/compiler.mjs:32418:15)
	    at CompilerFacadeImpl.compileComponent (node_modules/@angular/compiler/fesm2022/compiler.mjs:32092:52)
	    at AdminCriteresPageComponent.╔╡cmp (node_modules/@angular/core/fesm2022/debug_node.mjs:30507:47)
	    at getComponentDef (node_modules/@angular/core/fesm2022/testing.mjs:1605:18)
	    at isStandaloneComponent (node_modules/@angular/core/fesm2022/testing.mjs:1601:17)
	    at queueTypesFromModulesArrayRecur (node_modules/@angular/core/fesm2022/testing.mjs:1325:26)
	    at TestBedCompiler.queueTypesFromModulesArray (node_modules/@angular/core/fesm2022/testing.mjs:1348:9)
	    at TestBedCompiler.configureTestingModule (node_modules/@angular/core/fesm2022/testing.mjs:856:18)
	    at TestBedImpl.configureTestingModule (node_modules/@angular/core/fesm2022/testing.mjs:1993:23)
	    at TestBedImpl.configureTestingModule (node_modules/@angular/core/fesm2022/testing.mjs:1805:37)
Chrome Headless 150.0.0.0 (Windows 10): Executed 1126 of 1460[31m (79 FAILED)[39m (0 secs / 3.591 secs)
[1A[2K[31mChrome Headless 150.0.0.0 (Windows 10) AdminCriteresPageComponent should compute operationInProgress FAILED[39m
	Error: Errors during JIT compilation of template for AdminCriteresPageComponent: Unexpected closing block. The block may have been closed earlier. If you meant to write the } character, you should use the "&#125;" HTML entity instead. ("
	    </div>
	  </div>
	[ERROR ->]}
	
	<app-confirm-dialog
	"): ng:///AdminCriteresPageComponent/template.html@562:0
	    at parseJitTemplate (node_modules/@angular/compiler/fesm2022/compiler.mjs:32418:15)
	    at CompilerFacadeImpl.compileComponent (node_modules/@angular/compiler/fesm2022/compiler.mjs:32092:52)
	    at AdminCriteresPageComponent.╔╡cmp (node_modules/@angular/core/fesm2022/debug_node.mjs:30507:47)
	    at getComponentDef (node_modules/@angular/core/fesm2022/testing.mjs:1605:18)
	    at isStandaloneComponent (node_modules/@angular/core/fesm2022/testing.mjs:1601:17)
	    at queueTypesFromModulesArrayRecur (node_modules/@angular/core/fesm2022/testing.mjs:1325:26)
	    at TestBedCompiler.queueTypesFromModulesArray (node_modules/@angular/core/fesm2022/testing.mjs:1348:9)
	    at TestBedCompiler.configureTestingModule (node_modules/@angular/core/fesm2022/testing.mjs:856:18)
	    at TestBedImpl.configureTestingModule (node_modules/@angular/core/fesm2022/testing.mjs:1993:23)
	    at TestBedImpl.configureTestingModule (node_modules/@angular/core/fesm2022/testing.mjs:1805:37)
Chrome Headless 150.0.0.0 (Windows 10): Executed 1127 of 1460[31m (80 FAILED)[39m (0 secs / 3.594 secs)
[1A[2K[31mChrome Headless 150.0.0.0 (Windows 10) AdminCriteresPageComponent should filter notes by statut actif FAILED[39m
	Error: Errors during JIT compilation of template for AdminCriteresPageComponent: Unexpected closing block. The block may have been closed earlier. If you meant to write the } character, you should use the "&#125;" HTML entity instead. ("
	    </div>
	  </div>
	[ERROR ->]}
	
	<app-confirm-dialog
	"): ng:///AdminCriteresPageComponent/template.html@562:0
	    at parseJitTemplate (node_modules/@angular/compiler/fesm2022/compiler.mjs:32418:15)
	    at CompilerFacadeImpl.compileComponent (node_modules/@angular/compiler/fesm2022/compiler.mjs:32092:52)
	    at AdminCriteresPageComponent.╔╡cmp (node_modules/@angular/core/fesm2022/debug_node.mjs:30507:47)
	    at getComponentDef (node_modules/@angular/core/fesm2022/testing.mjs:1605:18)
	    at isStandaloneComponent (node_modules/@angular/core/fesm2022/testing.mjs:1601:17)
	    at queueTypesFromModulesArrayRecur (node_modules/@angular/core/fesm2022/testing.mjs:1325:26)
	    at TestBedCompiler.queueTypesFromModulesArray (node_modules/@angular/core/fesm2022/testing.mjs:1348:9)
	    at TestBedCompiler.configureTestingModule (node_modules/@angular/core/fesm2022/testing.mjs:856:18)
	    at TestBedImpl.configureTestingModule (node_modules/@angular/core/fesm2022/testing.mjs:1993:23)
	    at TestBedImpl.configureTestingModule (node_modules/@angular/core/fesm2022/testing.mjs:1805:37)
Chrome Headless 150.0.0.0 (Windows 10): Executed 1128 of 1460[31m (81 FAILED)[39m (0 secs / 3.596 secs)
[1A[2K[31mChrome Headless 150.0.0.0 (Windows 10) AdminCriteresPageComponent should handle isBusinessStatus correctly FAILED[39m
	Error: Errors during JIT compilation of template for AdminCriteresPageComponent: Unexpected closing block. The block may have been closed earlier. If you meant to write the } character, you should use the "&#125;" HTML entity instead. ("
	    </div>
	  </div>
	[ERROR ->]}
	
	<app-confirm-dialog
	"): ng:///AdminCriteresPageComponent/template.html@562:0
	    at parseJitTemplate (node_modules/@angular/compiler/fesm2022/compiler.mjs:32418:15)
	    at CompilerFacadeImpl.compileComponent (node_modules/@angular/compiler/fesm2022/compiler.mjs:32092:52)
	    at AdminCriteresPageComponent.╔╡cmp (node_modules/@angular/core/fesm2022/debug_node.mjs:30507:47)
	    at getComponentDef (node_modules/@angular/core/fesm2022/testing.mjs:1605:18)
	    at isStandaloneComponent (node_modules/@angular/core/fesm2022/testing.mjs:1601:17)
	    at queueTypesFromModulesArrayRecur (node_modules/@angular/core/fesm2022/testing.mjs:1325:26)
	    at TestBedCompiler.queueTypesFromModulesArray (node_modules/@angular/core/fesm2022/testing.mjs:1348:9)
	    at TestBedCompiler.configureTestingModule (node_modules/@angular/core/fesm2022/testing.mjs:856:18)
	    at TestBedImpl.configureTestingModule (node_modules/@angular/core/fesm2022/testing.mjs:1993:23)
	    at TestBedImpl.configureTestingModule (node_modules/@angular/core/fesm2022/testing.mjs:1805:37)
Chrome Headless 150.0.0.0 (Windows 10): Executed 1129 of 1460[31m (82 FAILED)[39m (0 secs / 3.599 secs)
[1A[2K[31mChrome Headless 150.0.0.0 (Windows 10) AdminCriteresPageComponent should handle extractErrorMessage with string payload, payload.message, payload.errors FAILED[39m
	Error: Errors during JIT compilation of template for AdminCriteresPageComponent: Unexpected closing block. The block may have been closed earlier. If you meant to write the } character, you should use the "&#125;" HTML entity instead. ("
	    </div>
	  </div>
	[ERROR ->]}
	
	<app-confirm-dialog
	"): ng:///AdminCriteresPageComponent/template.html@562:0
	    at parseJitTemplate (node_modules/@angular/compiler/fesm2022/compiler.mjs:32418:15)
	    at CompilerFacadeImpl.compileComponent (node_modules/@angular/compiler/fesm2022/compiler.mjs:32092:52)
	    at AdminCriteresPageComponent.╔╡cmp (node_modules/@angular/core/fesm2022/debug_node.mjs:30507:47)
	    at getComponentDef (node_modules/@angular/core/fesm2022/testing.mjs:1605:18)
	    at isStandaloneComponent (node_modules/@angular/core/fesm2022/testing.mjs:1601:17)
	    at queueTypesFromModulesArrayRecur (node_modules/@angular/core/fesm2022/testing.mjs:1325:26)
	    at TestBedCompiler.queueTypesFromModulesArray (node_modules/@angular/core/fesm2022/testing.mjs:1348:9)
	    at TestBedCompiler.configureTestingModule (node_modules/@angular/core/fesm2022/testing.mjs:856:18)
	    at TestBedImpl.configureTestingModule (node_modules/@angular/core/fesm2022/testing.mjs:1993:23)
	    at TestBedImpl.configureTestingModule (node_modules/@angular/core/fesm2022/testing.mjs:1805:37)
Chrome Headless 150.0.0.0 (Windows 10): Executed 1130 of 1460[31m (83 FAILED)[39m (0 secs / 3.601 secs)
[1A[2K[31mChrome Headless 150.0.0.0 (Windows 10) AdminCriteresPageComponent should compute defaultActiveNoteValue and maxActiveNoteValue FAILED[39m
	Error: Errors during JIT compilation of template for AdminCriteresPageComponent: Unexpected closing block. The block may have been closed earlier. If you meant to write the } character, you should use the "&#125;" HTML entity instead. ("
	    </div>
	  </div>
	[ERROR ->]}
	
	<app-confirm-dialog
	"): ng:///AdminCriteresPageComponent/template.html@562:0
	    at parseJitTemplate (node_modules/@angular/compiler/fesm2022/compiler.mjs:32418:15)
	    at CompilerFacadeImpl.compileComponent (node_modules/@angular/compiler/fesm2022/compiler.mjs:32092:52)
	    at AdminCriteresPageComponent.╔╡cmp (node_modules/@angular/core/fesm2022/debug_node.mjs:30507:47)
	    at getComponentDef (node_modules/@angular/core/fesm2022/testing.mjs:1605:18)
	    at isStandaloneComponent (node_modules/@angular/core/fesm2022/testing.mjs:1601:17)
	    at queueTypesFromModulesArrayRecur (node_modules/@angular/core/fesm2022/testing.mjs:1325:26)
	    at TestBedCompiler.queueTypesFromModulesArray (node_modules/@angular/core/fesm2022/testing.mjs:1348:9)
	    at TestBedCompiler.configureTestingModule (node_modules/@angular/core/fesm2022/testing.mjs:856:18)
	    at TestBedImpl.configureTestingModule (node_modules/@angular/core/fesm2022/testing.mjs:1993:23)
	    at TestBedImpl.configureTestingModule (node_modules/@angular/core/fesm2022/testing.mjs:1805:37)
Chrome Headless 150.0.0.0 (Windows 10): Executed 1131 of 1460[31m (84 FAILED)[39m (0 secs / 3.603 secs)
[1A[2K[31mChrome Headless 150.0.0.0 (Windows 10) AdminCriteresPageComponent should handle noteLevel saving guard FAILED[39m
	Error: Errors during JIT compilation of template for AdminCriteresPageComponent: Unexpected closing block. The block may have been closed earlier. If you meant to write the } character, you should use the "&#125;" HTML entity instead. ("
	    </div>
	  </div>
	[ERROR ->]}
	
	<app-confirm-dialog
	"): ng:///AdminCriteresPageComponent/template.html@562:0
	    at parseJitTemplate (node_modules/@angular/compiler/fesm2022/compiler.mjs:32418:15)
	    at CompilerFacadeImpl.compileComponent (node_modules/@angular/compiler/fesm2022/compiler.mjs:32092:52)
	    at AdminCriteresPageComponent.╔╡cmp (node_modules/@angular/core/fesm2022/debug_node.mjs:30507:47)
	    at getComponentDef (node_modules/@angular/core/fesm2022/testing.mjs:1605:18)
	    at isStandaloneComponent (node_modules/@angular/core/fesm2022/testing.mjs:1601:17)
	    at queueTypesFromModulesArrayRecur (node_modules/@angular/core/fesm2022/testing.mjs:1325:26)
	    at TestBedCompiler.queueTypesFromModulesArray (node_modules/@angular/core/fesm2022/testing.mjs:1348:9)
	    at TestBedCompiler.configureTestingModule (node_modules/@angular/core/fesm2022/testing.mjs:856:18)
	    at TestBedImpl.configureTestingModule (node_modules/@angular/core/fesm2022/testing.mjs:1993:23)
	    at TestBedImpl.configureTestingModule (node_modules/@angular/core/fesm2022/testing.mjs:1805:37)
Chrome Headless 150.0.0.0 (Windows 10): Executed 1132 of 1460[31m (85 FAILED)[39m (0 secs / 3.605 secs)
[1A[2K[31mChrome Headless 150.0.0.0 (Windows 10) AdminCriteresPageComponent should close feedback and clear messages FAILED[39m
	Error: Errors during JIT compilation of template for AdminCriteresPageComponent: Unexpected closing block. The block may have been closed earlier. If you meant to write the } character, you should use the "&#125;" HTML entity instead. ("
	    </div>
	  </div>
	[ERROR ->]}
	
	<app-confirm-dialog
	"): ng:///AdminCriteresPageComponent/template.html@562:0
	    at parseJitTemplate (node_modules/@angular/compiler/fesm2022/compiler.mjs:32418:15)
	    at CompilerFacadeImpl.compileComponent (node_modules/@angular/compiler/fesm2022/compiler.mjs:32092:52)
	    at AdminCriteresPageComponent.╔╡cmp (node_modules/@angular/core/fesm2022/debug_node.mjs:30507:47)
	    at getComponentDef (node_modules/@angular/core/fesm2022/testing.mjs:1605:18)
	    at isStandaloneComponent (node_modules/@angular/core/fesm2022/testing.mjs:1601:17)
	    at queueTypesFromModulesArrayRecur (node_modules/@angular/core/fesm2022/testing.mjs:1325:26)
	    at TestBedCompiler.queueTypesFromModulesArray (node_modules/@angular/core/fesm2022/testing.mjs:1348:9)
	    at TestBedCompiler.configureTestingModule (node_modules/@angular/core/fesm2022/testing.mjs:856:18)
	    at TestBedImpl.configureTestingModule (node_modules/@angular/core/fesm2022/testing.mjs:1993:23)
	    at TestBedImpl.configureTestingModule (node_modules/@angular/core/fesm2022/testing.mjs:1805:37)
Chrome Headless 150.0.0.0 (Windows 10): Executed 1133 of 1460[31m (86 FAILED)[39m (0 secs / 3.608 secs)
[1A[2K[31mChrome Headless 150.0.0.0 (Windows 10) AdminCriteresPageComponent should handle noteForm saving guard FAILED[39m
	Error: Errors during JIT compilation of template for AdminCriteresPageComponent: Unexpected closing block. The block may have been closed earlier. If you meant to write the } character, you should use the "&#125;" HTML entity instead. ("
	    </div>
	  </div>
	[ERROR ->]}
	
	<app-confirm-dialog
	"): ng:///AdminCriteresPageComponent/template.html@562:0
	    at parseJitTemplate (node_modules/@angular/compiler/fesm2022/compiler.mjs:32418:15)
	    at CompilerFacadeImpl.compileComponent (node_modules/@angular/compiler/fesm2022/compiler.mjs:32092:52)
	    at AdminCriteresPageComponent.╔╡cmp (node_modules/@angular/core/fesm2022/debug_node.mjs:30507:47)
	    at getComponentDef (node_modules/@angular/core/fesm2022/testing.mjs:1605:18)
	    at isStandaloneComponent (node_modules/@angular/core/fesm2022/testing.mjs:1601:17)
	    at queueTypesFromModulesArrayRecur (node_modules/@angular/core/fesm2022/testing.mjs:1325:26)
	    at TestBedCompiler.queueTypesFromModulesArray (node_modules/@angular/core/fesm2022/testing.mjs:1348:9)
	    at TestBedCompiler.configureTestingModule (node_modules/@angular/core/fesm2022/testing.mjs:856:18)
	    at TestBedImpl.configureTestingModule (node_modules/@angular/core/fesm2022/testing.mjs:1993:23)
	    at TestBedImpl.configureTestingModule (node_modules/@angular/core/fesm2022/testing.mjs:1805:37)
Chrome Headless 150.0.0.0 (Windows 10): Executed 1134 of 1460[31m (87 FAILED)[39m (0 secs / 3.61 secs)
[1A[2K[31mChrome Headless 150.0.0.0 (Windows 10) AdminCriteresPageComponent should skip when toggling, deleting or saving is already in progress FAILED[39m
	Error: Errors during JIT compilation of template for AdminCriteresPageComponent: Unexpected closing block. The block may have been closed earlier. If you meant to write the } character, you should use the "&#125;" HTML entity instead. ("
	    </div>
	  </div>
	[ERROR ->]}
	
	<app-confirm-dialog
	"): ng:///AdminCriteresPageComponent/template.html@562:0
	    at parseJitTemplate (node_modules/@angular/compiler/fesm2022/compiler.mjs:32418:15)
	    at CompilerFacadeImpl.compileComponent (node_modules/@angular/compiler/fesm2022/compiler.mjs:32092:52)
	    at AdminCriteresPageComponent.╔╡cmp (node_modules/@angular/core/fesm2022/debug_node.mjs:30507:47)
	    at getComponentDef (node_modules/@angular/core/fesm2022/testing.mjs:1605:18)
	    at isStandaloneComponent (node_modules/@angular/core/fesm2022/testing.mjs:1601:17)
	    at queueTypesFromModulesArrayRecur (node_modules/@angular/core/fesm2022/testing.mjs:1325:26)
	    at TestBedCompiler.queueTypesFromModulesArray (node_modules/@angular/core/fesm2022/testing.mjs:1348:9)
	    at TestBedCompiler.configureTestingModule (node_modules/@angular/core/fesm2022/testing.mjs:856:18)
	    at TestBedImpl.configureTestingModule (node_modules/@angular/core/fesm2022/testing.mjs:1993:23)
	    at TestBedImpl.configureTestingModule (node_modules/@angular/core/fesm2022/testing.mjs:1805:37)
Chrome Headless 150.0.0.0 (Windows 10): Executed 1135 of 1460[31m (88 FAILED)[39m (0 secs / 3.612 secs)
[1A[2K[31mChrome Headless 150.0.0.0 (Windows 10) AdminCriteresPageComponent should return noteLabel with fallback for null/undefined FAILED[39m
	Error: Errors during JIT compilation of template for AdminCriteresPageComponent: Unexpected closing block. The block may have been closed earlier. If you meant to write the } character, you should use the "&#125;" HTML entity instead. ("
	    </div>
	  </div>
	[ERROR ->]}
	
	<app-confirm-dialog
	"): ng:///AdminCriteresPageComponent/template.html@562:0
	    at parseJitTemplate (node_modules/@angular/compiler/fesm2022/compiler.mjs:32418:15)
	    at CompilerFacadeImpl.compileComponent (node_modules/@angular/compiler/fesm2022/compiler.mjs:32092:52)
	    at AdminCriteresPageComponent.╔╡cmp (node_modules/@angular/core/fesm2022/debug_node.mjs:30507:47)
	    at getComponentDef (node_modules/@angular/core/fesm2022/testing.mjs:1605:18)
	    at isStandaloneComponent (node_modules/@angular/core/fesm2022/testing.mjs:1601:17)
	    at queueTypesFromModulesArrayRecur (node_modules/@angular/core/fesm2022/testing.mjs:1325:26)
	    at TestBedCompiler.queueTypesFromModulesArray (node_modules/@angular/core/fesm2022/testing.mjs:1348:9)
	    at TestBedCompiler.configureTestingModule (node_modules/@angular/core/fesm2022/testing.mjs:856:18)
	    at TestBedImpl.configureTestingModule (node_modules/@angular/core/fesm2022/testing.mjs:1993:23)
	    at TestBedImpl.configureTestingModule (node_modules/@angular/core/fesm2022/testing.mjs:1805:37)
Chrome Headless 150.0.0.0 (Windows 10): Executed 1136 of 1460[31m (89 FAILED)[39m (0 secs / 3.614 secs)
[1A[2K[31mChrome Headless 150.0.0.0 (Windows 10) AdminCriteresPageComponent should show validation messages for noteLevel value and order FAILED[39m
	Error: Errors during JIT compilation of template for AdminCriteresPageComponent: Unexpected closing block. The block may have been closed earlier. If you meant to write the } character, you should use the "&#125;" HTML entity instead. ("
	    </div>
	  </div>
	[ERROR ->]}
	
	<app-confirm-dialog
	"): ng:///AdminCriteresPageComponent/template.html@562:0
	    at parseJitTemplate (node_modules/@angular/compiler/fesm2022/compiler.mjs:32418:15)
	    at CompilerFacadeImpl.compileComponent (node_modules/@angular/compiler/fesm2022/compiler.mjs:32092:52)
	    at AdminCriteresPageComponent.╔╡cmp (node_modules/@angular/core/fesm2022/debug_node.mjs:30507:47)
	    at getComponentDef (node_modules/@angular/core/fesm2022/testing.mjs:1605:18)
	    at isStandaloneComponent (node_modules/@angular/core/fesm2022/testing.mjs:1601:17)
	    at queueTypesFromModulesArrayRecur (node_modules/@angular/core/fesm2022/testing.mjs:1325:26)
	    at TestBedCompiler.queueTypesFromModulesArray (node_modules/@angular/core/fesm2022/testing.mjs:1348:9)
	    at TestBedCompiler.configureTestingModule (node_modules/@angular/core/fesm2022/testing.mjs:856:18)
	    at TestBedImpl.configureTestingModule (node_modules/@angular/core/fesm2022/testing.mjs:1993:23)
	    at TestBedImpl.configureTestingModule (node_modules/@angular/core/fesm2022/testing.mjs:1805:37)
Chrome Headless 150.0.0.0 (Windows 10): Executed 1137 of 1460[31m (90 FAILED)[39m (0 secs / 3.617 secs)
[1A[2K[31mChrome Headless 150.0.0.0 (Windows 10) AdminCriteresPageComponent should return correct deleteConfirmTitle and deleteConfirmMessage FAILED[39m
	Error: Errors during JIT compilation of template for AdminCriteresPageComponent: Unexpected closing block. The block may have been closed earlier. If you meant to write the } character, you should use the "&#125;" HTML entity instead. ("
	    </div>
	  </div>
	[ERROR ->]}
	
	<app-confirm-dialog
	"): ng:///AdminCriteresPageComponent/template.html@562:0
	    at parseJitTemplate (node_modules/@angular/compiler/fesm2022/compiler.mjs:32418:15)
	    at CompilerFacadeImpl.compileComponent (node_modules/@angular/compiler/fesm2022/compiler.mjs:32092:52)
	    at AdminCriteresPageComponent.╔╡cmp (node_modules/@angular/core/fesm2022/debug_node.mjs:30507:47)
	    at getComponentDef (node_modules/@angular/core/fesm2022/testing.mjs:1605:18)
	    at isStandaloneComponent (node_modules/@angular/core/fesm2022/testing.mjs:1601:17)
	    at queueTypesFromModulesArrayRecur (node_modules/@angular/core/fesm2022/testing.mjs:1325:26)
	    at TestBedCompiler.queueTypesFromModulesArray (node_modules/@angular/core/fesm2022/testing.mjs:1348:9)
	    at TestBedCompiler.configureTestingModule (node_modules/@angular/core/fesm2022/testing.mjs:856:18)
	    at TestBedImpl.configureTestingModule (node_modules/@angular/core/fesm2022/testing.mjs:1993:23)
	    at TestBedImpl.configureTestingModule (node_modules/@angular/core/fesm2022/testing.mjs:1805:37)
Chrome Headless 150.0.0.0 (Windows 10): Executed 1138 of 1460[31m (91 FAILED)[39m (0 secs / 3.619 secs)
[1A[2K[31mChrome Headless 150.0.0.0 (Windows 10) AdminCriteresPageComponent should show validation messages for domaine, ordre, poids and defaultNoteValue FAILED[39m
	Error: Errors during JIT compilation of template for AdminCriteresPageComponent: Unexpected closing block. The block may have been closed earlier. If you meant to write the } character, you should use the "&#125;" HTML entity instead. ("
	    </div>
	  </div>
	[ERROR ->]}
	
	<app-confirm-dialog
	"): ng:///AdminCriteresPageComponent/template.html@562:0
	    at parseJitTemplate (node_modules/@angular/compiler/fesm2022/compiler.mjs:32418:15)
	    at CompilerFacadeImpl.compileComponent (node_modules/@angular/compiler/fesm2022/compiler.mjs:32092:52)
	    at AdminCriteresPageComponent.╔╡cmp (node_modules/@angular/core/fesm2022/debug_node.mjs:30507:47)
	    at getComponentDef (node_modules/@angular/core/fesm2022/testing.mjs:1605:18)
	    at isStandaloneComponent (node_modules/@angular/core/fesm2022/testing.mjs:1601:17)
	    at queueTypesFromModulesArrayRecur (node_modules/@angular/core/fesm2022/testing.mjs:1325:26)
	    at TestBedCompiler.queueTypesFromModulesArray (node_modules/@angular/core/fesm2022/testing.mjs:1348:9)
	    at TestBedCompiler.configureTestingModule (node_modules/@angular/core/fesm2022/testing.mjs:856:18)
	    at TestBedImpl.configureTestingModule (node_modules/@angular/core/fesm2022/testing.mjs:1993:23)
	    at TestBedImpl.configureTestingModule (node_modules/@angular/core/fesm2022/testing.mjs:1805:37)
Chrome Headless 150.0.0.0 (Windows 10): Executed 1139 of 1460[31m (92 FAILED)[39m (0 secs / 3.621 secs)
[1A[2K[31mChrome Headless 150.0.0.0 (Windows 10) AdminCriteresPageComponent should validate forms and expose service errors FAILED[39m
	Error: Errors during JIT compilation of template for AdminCriteresPageComponent: Unexpected closing block. The block may have been closed earlier. If you meant to write the } character, you should use the "&#125;" HTML entity instead. ("
	    </div>
	  </div>
	[ERROR ->]}
	
	<app-confirm-dialog
	"): ng:///AdminCriteresPageComponent/template.html@562:0
	    at parseJitTemplate (node_modules/@angular/compiler/fesm2022/compiler.mjs:32418:15)
	    at CompilerFacadeImpl.compileComponent (node_modules/@angular/compiler/fesm2022/compiler.mjs:32092:52)
	    at AdminCriteresPageComponent.╔╡cmp (node_modules/@angular/core/fesm2022/debug_node.mjs:30507:47)
	    at getComponentDef (node_modules/@angular/core/fesm2022/testing.mjs:1605:18)
	    at isStandaloneComponent (node_modules/@angular/core/fesm2022/testing.mjs:1601:17)
	    at queueTypesFromModulesArrayRecur (node_modules/@angular/core/fesm2022/testing.mjs:1325:26)
	    at TestBedCompiler.queueTypesFromModulesArray (node_modules/@angular/core/fesm2022/testing.mjs:1348:9)
	    at TestBedCompiler.configureTestingModule (node_modules/@angular/core/fesm2022/testing.mjs:856:18)
	    at TestBedImpl.configureTestingModule (node_modules/@angular/core/fesm2022/testing.mjs:1993:23)
	    at TestBedImpl.configureTestingModule (node_modules/@angular/core/fesm2022/testing.mjs:1805:37)
Chrome Headless 150.0.0.0 (Windows 10): Executed 1140 of 1460[31m (93 FAILED)[39m (0 secs / 3.624 secs)
[1A[2K[31mChrome Headless 150.0.0.0 (Windows 10) AdminCriteresPageComponent should toggle activation and clamp pagination FAILED[39m
	Error: Errors during JIT compilation of template for AdminCriteresPageComponent: Unexpected closing block. The block may have been closed earlier. If you meant to write the } character, you should use the "&#125;" HTML entity instead. ("
	    </div>
	  </div>
	[ERROR ->]}
	
	<app-confirm-dialog
	"): ng:///AdminCriteresPageComponent/template.html@562:0
	    at parseJitTemplate (node_modules/@angular/compiler/fesm2022/compiler.mjs:32418:15)
	    at CompilerFacadeImpl.compileComponent (node_modules/@angular/compiler/fesm2022/compiler.mjs:32092:52)
	    at AdminCriteresPageComponent.╔╡cmp (node_modules/@angular/core/fesm2022/debug_node.mjs:30507:47)
	    at getComponentDef (node_modules/@angular/core/fesm2022/testing.mjs:1605:18)
	    at isStandaloneComponent (node_modules/@angular/core/fesm2022/testing.mjs:1601:17)
	    at queueTypesFromModulesArrayRecur (node_modules/@angular/core/fesm2022/testing.mjs:1325:26)
	    at TestBedCompiler.queueTypesFromModulesArray (node_modules/@angular/core/fesm2022/testing.mjs:1348:9)
	    at TestBedCompiler.configureTestingModule (node_modules/@angular/core/fesm2022/testing.mjs:856:18)
	    at TestBedImpl.configureTestingModule (node_modules/@angular/core/fesm2022/testing.mjs:1993:23)
	    at TestBedImpl.configureTestingModule (node_modules/@angular/core/fesm2022/testing.mjs:1805:37)
Chrome Headless 150.0.0.0 (Windows 10): Executed 1141 of 1460[31m (94 FAILED)[39m (0 secs / 3.627 secs)
[1A[2K[31mChrome Headless 150.0.0.0 (Windows 10) AdminCriteresPageComponent should handle eliminatoireForm validation on invalid FAILED[39m
	Error: Errors during JIT compilation of template for AdminCriteresPageComponent: Unexpected closing block. The block may have been closed earlier. If you meant to write the } character, you should use the "&#125;" HTML entity instead. ("
	    </div>
	  </div>
	[ERROR ->]}
	
	<app-confirm-dialog
	"): ng:///AdminCriteresPageComponent/template.html@562:0
	    at parseJitTemplate (node_modules/@angular/compiler/fesm2022/compiler.mjs:32418:15)
	    at CompilerFacadeImpl.compileComponent (node_modules/@angular/compiler/fesm2022/compiler.mjs:32092:52)
	    at AdminCriteresPageComponent.╔╡cmp (node_modules/@angular/core/fesm2022/debug_node.mjs:30507:47)
	    at getComponentDef (node_modules/@angular/core/fesm2022/testing.mjs:1605:18)
	    at isStandaloneComponent (node_modules/@angular/core/fesm2022/testing.mjs:1601:17)
	    at queueTypesFromModulesArrayRecur (node_modules/@angular/core/fesm2022/testing.mjs:1325:26)
	    at TestBedCompiler.queueTypesFromModulesArray (node_modules/@angular/core/fesm2022/testing.mjs:1348:9)
	    at TestBedCompiler.configureTestingModule (node_modules/@angular/core/fesm2022/testing.mjs:856:18)
	    at TestBedImpl.configureTestingModule (node_modules/@angular/core/fesm2022/testing.mjs:1993:23)
	    at TestBedImpl.configureTestingModule (node_modules/@angular/core/fesm2022/testing.mjs:1805:37)
Chrome Headless 150.0.0.0 (Windows 10): Executed 1142 of 1460[31m (95 FAILED)[39m (0 secs / 3.629 secs)
[1A[2KChrome Headless 150.0.0.0 (Windows 10): Executed 1143 of 1460[31m (95 FAILED)[39m (0 secs / 3.632 secs)
[1A[2KChrome Headless 150.0.0.0 (Windows 10): Executed 1144 of 1460[31m (95 FAILED)[39m (0 secs / 3.633 secs)
[1A[2KChrome Headless 150.0.0.0 (Windows 10): Executed 1145 of 1460[31m (95 FAILED)[39m (0 secs / 3.634 secs)
[1A[2KChrome Headless 150.0.0.0 (Windows 10): Executed 1146 of 1460[31m (95 FAILED)[39m (0 secs / 3.636 secs)
[1A[2KChrome Headless 150.0.0.0 (Windows 10): Executed 1147 of 1460[31m (95 FAILED)[39m (0 secs / 3.637 secs)
[1A[2KChrome Headless 150.0.0.0 (Windows 10): Executed 1148 of 1460[31m (95 FAILED)[39m (0 secs / 3.638 secs)
[1A[2KChrome Headless 150.0.0.0 (Windows 10): Executed 1149 of 1460[31m (95 FAILED)[39m (0 secs / 3.639 secs)
[1A[2KChrome Headless 150.0.0.0 (Windows 10): Executed 1150 of 1460[31m (95 FAILED)[39m (0 secs / 3.641 secs)
[1A[2KChrome Headless 150.0.0.0 (Windows 10): Executed 1151 of 1460[31m (95 FAILED)[39m (0 secs / 3.642 secs)
[1A[2KChrome Headless 150.0.0.0 (Windows 10): Executed 1152 of 1460[31m (95 FAILED)[39m (0 secs / 3.644 secs)
[1A[2KChrome Headless 150.0.0.0 (Windows 10): Executed 1153 of 1460[31m (95 FAILED)[39m (0 secs / 3.646 secs)
[1A[2KChrome Headless 150.0.0.0 (Windows 10): Executed 1154 of 1460[31m (95 FAILED)[39m (0 secs / 3.647 secs)
[1A[2KChrome Headless 150.0.0.0 (Windows 10): Executed 1155 of 1460[31m (95 FAILED)[39m (0 secs / 3.648 secs)
[1A[2KChrome Headless 150.0.0.0 (Windows 10): Executed 1156 of 1460[31m (95 FAILED)[39m (0 secs / 3.649 secs)
[1A[2KChrome Headless 150.0.0.0 (Windows 10): Executed 1157 of 1460[31m (95 FAILED)[39m (0 secs / 3.65 secs)
[1A[2KChrome Headless 150.0.0.0 (Windows 10): Executed 1158 of 1460[31m (95 FAILED)[39m (0 secs / 3.651 secs)
[1A[2KChrome Headless 150.0.0.0 (Windows 10): Executed 1159 of 1460[31m (95 FAILED)[39m (0 secs / 3.651 secs)
[1A[2KChrome Headless 150.0.0.0 (Windows 10): Executed 1160 of 1460[31m (95 FAILED)[39m (0 secs / 3.652 secs)
[1A[2KChrome Headless 150.0.0.0 (Windows 10): Executed 1161 of 1460[31m (95 FAILED)[39m (0 secs / 3.654 secs)
[1A[2KChrome Headless 150.0.0.0 (Windows 10): Executed 1162 of 1460[31m (95 FAILED)[39m (0 secs / 3.655 secs)
[1A[2KChrome Headless 150.0.0.0 (Windows 10): Executed 1163 of 1460[31m (95 FAILED)[39m (0 secs / 3.657 secs)
[1A[2KChrome Headless 150.0.0.0 (Windows 10): Executed 1164 of 1460[31m (95 FAILED)[39m (0 secs / 3.658 secs)
[1A[2KChrome Headless 150.0.0.0 (Windows 10): Executed 1165 of 1460[31m (95 FAILED)[39m (0 secs / 3.659 secs)
[1A[2KChrome Headless 150.0.0.0 (Windows 10): Executed 1166 of 1460[31m (95 FAILED)[39m (0 secs / 3.66 secs)
[1A[2KChrome Headless 150.0.0.0 (Windows 10): Executed 1167 of 1460[31m (95 FAILED)[39m (0 secs / 3.661 secs)
[1A[2KChrome Headless 150.0.0.0 (Windows 10): Executed 1168 of 1460[31m (95 FAILED)[39m (0 secs / 3.663 secs)
[1A[2KChrome Headless 150.0.0.0 (Windows 10): Executed 1169 of 1460[31m (95 FAILED)[39m (0 secs / 3.664 secs)
[1A[2KChrome Headless 150.0.0.0 (Windows 10): Executed 1170 of 1460[31m (95 FAILED)[39m (0 secs / 3.666 secs)
[1A[2KChrome Headless 150.0.0.0 (Windows 10): Executed 1171 of 1460[31m (95 FAILED)[39m (0 secs / 3.667 secs)
[1A[2KChrome Headless 150.0.0.0 (Windows 10): Executed 1172 of 1460[31m (95 FAILED)[39m (0 secs / 3.669 secs)
[1A[2KChrome Headless 150.0.0.0 (Windows 10): Executed 1173 of 1460[31m (95 FAILED)[39m (0 secs / 3.67 secs)
[1A[2KChrome Headless 150.0.0.0 (Windows 10): Executed 1174 of 1460[31m (95 FAILED)[39m (0 secs / 3.671 secs)
[1A[2KChrome Headless 150.0.0.0 (Windows 10): Executed 1175 of 1460[31m (95 FAILED)[39m (0 secs / 3.672 secs)
[1A[2KChrome Headless 150.0.0.0 (Windows 10): Executed 1176 of 1460[31m (95 FAILED)[39m (0 secs / 3.676 secs)
[1A[2KChrome Headless 150.0.0.0 (Windows 10): Executed 1177 of 1460[31m (95 FAILED)[39m (0 secs / 3.678 secs)
[1A[2KChrome Headless 150.0.0.0 (Windows 10): Executed 1178 of 1460[31m (95 FAILED)[39m (0 secs / 3.68 secs)
[1A[2KChrome Headless 150.0.0.0 (Windows 10): Executed 1179 of 1460[31m (95 FAILED)[39m (0 secs / 3.682 secs)
[1A[2KChrome Headless 150.0.0.0 (Windows 10): Executed 1180 of 1460[31m (95 FAILED)[39m (0 secs / 3.683 secs)
[1A[2KChrome Headless 150.0.0.0 (Windows 10): Executed 1181 of 1460[31m (95 FAILED)[39m (0 secs / 3.685 secs)
[1A[2KChrome Headless 150.0.0.0 (Windows 10): Executed 1182 of 1460[31m (95 FAILED)[39m (0 secs / 3.686 secs)
[1A[2KChrome Headless 150.0.0.0 (Windows 10): Executed 1183 of 1460[31m (95 FAILED)[39m (0 secs / 3.688 secs)
[1A[2KChrome Headless 150.0.0.0 (Windows 10): Executed 1184 of 1460[31m (95 FAILED)[39m (0 secs / 3.689 secs)
[1A[2KChrome Headless 150.0.0.0 (Windows 10): Executed 1185 of 1460[31m (95 FAILED)[39m (0 secs / 3.691 secs)
[1A[2KChrome Headless 150.0.0.0 (Windows 10): Executed 1186 of 1460[31m (95 FAILED)[39m (0 secs / 3.692 secs)
[1A[2KChrome Headless 150.0.0.0 (Windows 10): Executed 1187 of 1460[31m (95 FAILED)[39m (0 secs / 3.694 secs)
[1A[2KChrome Headless 150.0.0.0 (Windows 10): Executed 1188 of 1460[31m (95 FAILED)[39m (0 secs / 3.695 secs)
[1A[2KChrome Headless 150.0.0.0 (Windows 10): Executed 1189 of 1460[31m (95 FAILED)[39m (0 secs / 3.696 secs)
[1A[2KChrome Headless 150.0.0.0 (Windows 10): Executed 1190 of 1460[31m (95 FAILED)[39m (0 secs / 3.697 secs)
[1A[2KChrome Headless 150.0.0.0 (Windows 10): Executed 1191 of 1460[31m (95 FAILED)[39m (0 secs / 3.698 secs)
[1A[2KChrome Headless 150.0.0.0 (Windows 10): Executed 1192 of 1460[31m (95 FAILED)[39m (0 secs / 3.699 secs)
[1A[2KChrome Headless 150.0.0.0 (Windows 10): Executed 1193 of 1460[31m (95 FAILED)[39m (0 secs / 3.7 secs)
[1A[2KChrome Headless 150.0.0.0 (Windows 10): Executed 1194 of 1460[31m (95 FAILED)[39m (0 secs / 3.701 secs)
[1A[2KChrome Headless 150.0.0.0 (Windows 10): Executed 1195 of 1460[31m (95 FAILED)[39m (0 secs / 3.702 secs)
[1A[2KChrome Headless 150.0.0.0 (Windows 10): Executed 1196 of 1460[31m (95 FAILED)[39m (0 secs / 3.703 secs)
[1A[2KChrome Headless 150.0.0.0 (Windows 10): Executed 1197 of 1460[31m (95 FAILED)[39m (0 secs / 3.703 secs)
[1A[2KChrome Headless 150.0.0.0 (Windows 10): Executed 1198 of 1460[31m (95 FAILED)[39m (0 secs / 3.704 secs)
[1A[2KChrome Headless 150.0.0.0 (Windows 10): Executed 1199 of 1460[31m (95 FAILED)[39m (0 secs / 3.705 secs)
[1A[2KChrome Headless 150.0.0.0 (Windows 10): Executed 1200 of 1460[31m (95 FAILED)[39m (0 secs / 3.706 secs)
[1A[2KChrome Headless 150.0.0.0 (Windows 10): Executed 1201 of 1460[31m (95 FAILED)[39m (0 secs / 3.706 secs)
[1A[2KChrome Headless 150.0.0.0 (Windows 10): Executed 1202 of 1460[31m (95 FAILED)[39m (0 secs / 3.707 secs)
[1A[2KChrome Headless 150.0.0.0 (Windows 10): Executed 1203 of 1460[31m (95 FAILED)[39m (0 secs / 3.708 secs)
[1A[2KChrome Headless 150.0.0.0 (Windows 10): Executed 1204 of 1460[31m (95 FAILED)[39m (0 secs / 3.709 secs)
[1A[2KChrome Headless 150.0.0.0 (Windows 10): Executed 1205 of 1460[31m (95 FAILED)[39m (0 secs / 3.709 secs)
[1A[2KChrome Headless 150.0.0.0 (Windows 10): Executed 1206 of 1460[31m (95 FAILED)[39m (0 secs / 3.71 secs)
[1A[2KChrome Headless 150.0.0.0 (Windows 10): Executed 1207 of 1460[31m (95 FAILED)[39m (0 secs / 3.71 secs)
[1A[2KChrome Headless 150.0.0.0 (Windows 10): Executed 1208 of 1460[31m (95 FAILED)[39m (0 secs / 3.71 secs)
[1A[2KChrome Headless 150.0.0.0 (Windows 10): Executed 1209 of 1460[31m (95 FAILED)[39m (0 secs / 3.711 secs)
[1A[2KChrome Headless 150.0.0.0 (Windows 10): Executed 1210 of 1460[31m (95 FAILED)[39m (0 secs / 3.712 secs)
[1A[2KChrome Headless 150.0.0.0 (Windows 10): Executed 1211 of 1460[31m (95 FAILED)[39m (0 secs / 3.713 secs)
[1A[2KChrome Headless 150.0.0.0 (Windows 10): Executed 1212 of 1460[31m (95 FAILED)[39m (0 secs / 3.714 secs)
[1A[2KChrome Headless 150.0.0.0 (Windows 10): Executed 1213 of 1460[31m (95 FAILED)[39m (0 secs / 3.715 secs)
[1A[2KChrome Headless 150.0.0.0 (Windows 10): Executed 1214 of 1460[31m (95 FAILED)[39m (0 secs / 3.716 secs)
[1A[2KChrome Headless 150.0.0.0 (Windows 10): Executed 1215 of 1460[31m (95 FAILED)[39m (0 secs / 3.718 secs)
[1A[2KChrome Headless 150.0.0.0 (Windows 10): Executed 1216 of 1460[31m (95 FAILED)[39m (0 secs / 3.719 secs)
[1A[2KChrome Headless 150.0.0.0 (Windows 10): Executed 1217 of 1460[31m (95 FAILED)[39m (0 secs / 3.72 secs)
[1A[2KChrome Headless 150.0.0.0 (Windows 10): Executed 1218 of 1460[31m (95 FAILED)[39m (0 secs / 3.721 secs)
[1A[2KChrome Headless 150.0.0.0 (Windows 10): Executed 1219 of 1460[31m (95 FAILED)[39m (0 secs / 3.722 secs)
[1A[2KChrome Headless 150.0.0.0 (Windows 10): Executed 1220 of 1460[31m (95 FAILED)[39m (0 secs / 3.723 secs)
[1A[2KChrome Headless 150.0.0.0 (Windows 10): Executed 1221 of 1460[31m (95 FAILED)[39m (0 secs / 3.724 secs)
[1A[2KChrome Headless 150.0.0.0 (Windows 10): Executed 1222 of 1460[31m (95 FAILED)[39m (0 secs / 3.725 secs)
[1A[2KChrome Headless 150.0.0.0 (Windows 10): Executed 1223 of 1460[31m (95 FAILED)[39m (0 secs / 3.727 secs)
[1A[2KChrome Headless 150.0.0.0 (Windows 10): Executed 1224 of 1460[31m (95 FAILED)[39m (0 secs / 3.728 secs)
[1A[2KChrome Headless 150.0.0.0 (Windows 10): Executed 1225 of 1460[31m (95 FAILED)[39m (0 secs / 3.729 secs)
[1A[2KChrome Headless 150.0.0.0 (Windows 10): Executed 1226 of 1460[31m (95 FAILED)[39m (0 secs / 3.73 secs)
[1A[2KChrome Headless 150.0.0.0 (Windows 10): Executed 1227 of 1460[31m (95 FAILED)[39m (0 secs / 3.731 secs)
[1A[2KChrome Headless 150.0.0.0 (Windows 10): Executed 1228 of 1460[31m (95 FAILED)[39m (0 secs / 3.732 secs)
[1A[2KChrome Headless 150.0.0.0 (Windows 10): Executed 1229 of 1460[31m (95 FAILED)[39m (0 secs / 3.733 secs)
[1A[2KChrome Headless 150.0.0.0 (Windows 10): Executed 1230 of 1460[31m (95 FAILED)[39m (0 secs / 3.734 secs)
[1A[2KChrome Headless 150.0.0.0 (Windows 10): Executed 1231 of 1460[31m (95 FAILED)[39m (0 secs / 3.735 secs)
[1A[2KChrome Headless 150.0.0.0 (Windows 10): Executed 1232 of 1460[31m (95 FAILED)[39m (0 secs / 3.735 secs)
[1A[2KChrome Headless 150.0.0.0 (Windows 10): Executed 1233 of 1460[31m (95 FAILED)[39m (0 secs / 3.736 secs)
[1A[2KChrome Headless 150.0.0.0 (Windows 10): Executed 1234 of 1460[31m (95 FAILED)[39m (0 secs / 3.737 secs)
[1A[2KChrome Headless 150.0.0.0 (Windows 10): Executed 1235 of 1460[31m (95 FAILED)[39m (0 secs / 3.738 secs)
[1A[2KChrome Headless 150.0.0.0 (Windows 10): Executed 1236 of 1460[31m (95 FAILED)[39m (0 secs / 3.74 secs)
[1A[2KChrome Headless 150.0.0.0 (Windows 10): Executed 1237 of 1460[31m (95 FAILED)[39m (0 secs / 3.741 secs)
[1A[2KChrome Headless 150.0.0.0 (Windows 10): Executed 1238 of 1460[31m (95 FAILED)[39m (0 secs / 3.743 secs)
[1A[2KChrome Headless 150.0.0.0 (Windows 10): Executed 1239 of 1460[31m (95 FAILED)[39m (0 secs / 3.744 secs)
[1A[2KChrome Headless 150.0.0.0 (Windows 10): Executed 1240 of 1460[31m (95 FAILED)[39m (0 secs / 3.745 secs)
[1A[2KChrome Headless 150.0.0.0 (Windows 10): Executed 1241 of 1460[31m (95 FAILED)[39m (0 secs / 3.746 secs)
[1A[2KChrome Headless 150.0.0.0 (Windows 10): Executed 1242 of 1460[31m (95 FAILED)[39m (0 secs / 3.747 secs)
[1A[2KChrome Headless 150.0.0.0 (Windows 10): Executed 1243 of 1460[31m (95 FAILED)[39m (0 secs / 3.748 secs)
[1A[2KChrome Headless 150.0.0.0 (Windows 10): Executed 1244 of 1460[31m (95 FAILED)[39m (0 secs / 3.749 secs)
[1A[2KChrome Headless 150.0.0.0 (Windows 10): Executed 1245 of 1460[31m (95 FAILED)[39m (0 secs / 3.75 secs)
[1A[2KChrome Headless 150.0.0.0 (Windows 10): Executed 1246 of 1460[31m (95 FAILED)[39m (0 secs / 3.751 secs)
[1A[2KChrome Headless 150.0.0.0 (Windows 10): Executed 1247 of 1460[31m (95 FAILED)[39m (0 secs / 3.753 secs)
[1A[2KChrome Headless 150.0.0.0 (Windows 10): Executed 1248 of 1460[31m (95 FAILED)[39m (0 secs / 3.754 secs)
[1A[2KChrome Headless 150.0.0.0 (Windows 10): Executed 1249 of 1460[31m (95 FAILED)[39m (0 secs / 3.756 secs)
[1A[2KChrome Headless 150.0.0.0 (Windows 10): Executed 1250 of 1460[31m (95 FAILED)[39m (0 secs / 3.779 secs)
[1A[2KChrome Headless 150.0.0.0 (Windows 10): Executed 1251 of 1460[31m (95 FAILED)[39m (0 secs / 3.784 secs)
[1A[2KChrome Headless 150.0.0.0 (Windows 10): Executed 1252 of 1460[31m (95 FAILED)[39m (0 secs / 3.786 secs)
[1A[2KChrome Headless 150.0.0.0 (Windows 10): Executed 1253 of 1460[31m (95 FAILED)[39m (0 secs / 3.789 secs)
[1A[2KChrome Headless 150.0.0.0 (Windows 10): Executed 1254 of 1460[31m (95 FAILED)[39m (0 secs / 3.793 secs)
[1A[2KChrome Headless 150.0.0.0 (Windows 10): Executed 1255 of 1460[31m (95 FAILED)[39m (0 secs / 3.796 secs)
[1A[2KChrome Headless 150.0.0.0 (Windows 10): Executed 1256 of 1460[31m (95 FAILED)[39m (0 secs / 3.8 secs)
[1A[2KChrome Headless 150.0.0.0 (Windows 10): Executed 1257 of 1460[31m (95 FAILED)[39m (0 secs / 3.803 secs)
[1A[2KChrome Headless 150.0.0.0 (Windows 10): Executed 1258 of 1460[31m (95 FAILED)[39m (0 secs / 3.812 secs)
[1A[2KChrome Headless 150.0.0.0 (Windows 10): Executed 1259 of 1460[31m (95 FAILED)[39m (0 secs / 3.816 secs)
[1A[2KChrome Headless 150.0.0.0 (Windows 10): Executed 1260 of 1460[31m (95 FAILED)[39m (0 secs / 3.82 secs)
[1A[2KChrome Headless 150.0.0.0 (Windows 10): Executed 1261 of 1460[31m (95 FAILED)[39m (0 secs / 3.824 secs)
[1A[2KChrome Headless 150.0.0.0 (Windows 10): Executed 1262 of 1460[31m (95 FAILED)[39m (0 secs / 3.829 secs)
[1A[2KChrome Headless 150.0.0.0 (Windows 10): Executed 1263 of 1460[31m (95 FAILED)[39m (0 secs / 3.832 secs)
[1A[2KChrome Headless 150.0.0.0 (Windows 10): Executed 1264 of 1460[31m (95 FAILED)[39m (0 secs / 3.834 secs)
[1A[2KChrome Headless 150.0.0.0 (Windows 10): Executed 1265 of 1460[31m (95 FAILED)[39m (0 secs / 3.837 secs)
[1A[2KChrome Headless 150.0.0.0 (Windows 10): Executed 1266 of 1460[31m (95 FAILED)[39m (0 secs / 3.85 secs)
[1A[2KChrome Headless 150.0.0.0 (Windows 10): Executed 1267 of 1460[31m (95 FAILED)[39m (0 secs / 3.852 secs)
[1A[2K[31mChrome Headless 150.0.0.0 (Windows 10) BackofficeLayoutComponent should create with the full navigation FAILED[39m
	Expected 7 to be 10.
	    at <Jasmine>
	    at UserContext.apply (src/app/backoffice/backoffice-layout/backoffice-layout.component.spec.ts:67:39)
	    at _ZoneDelegate.invoke (node_modules/zone.js/fesm2015/zone.js:398:28)
	    at ProxyZoneSpec.onInvoke (node_modules/zone.js/fesm2015/zone-testing.js:2132:39)
	    at _ZoneDelegate.invoke (node_modules/zone.js/fesm2015/zone.js:397:34)
Chrome Headless 150.0.0.0 (Windows 10): Executed 1268 of 1460[31m (96 FAILED)[39m (0 secs / 3.854 secs)
[1A[2K[31mChrome Headless 150.0.0.0 (Windows 10) BackofficeLayoutComponent expandActiveGroups via NavigationEnd should collapse groups when navigating away FAILED[39m
	Error: <spyOnProperty> : url#get has already been spied upon
	Usage: spyOnProperty(<object>, <propName>, [accessType])
	    at <Jasmine>
	    at UserContext.apply (src/app/backoffice/backoffice-layout/backoffice-layout.component.spec.ts:377:7)
	    at _ZoneDelegate.invoke (node_modules/zone.js/fesm2015/zone.js:398:28)
	    at ProxyZoneSpec.onInvoke (node_modules/zone.js/fesm2015/zone-testing.js:2132:39)
	    at _ZoneDelegate.invoke (node_modules/zone.js/fesm2015/zone.js:397:34)
	    at ZoneImpl.run (node_modules/zone.js/fesm2015/zone.js:113:43)
	    at runInTestZone (node_modules/zone.js/fesm2015/zone-testing.js:216:38)
	    at UserContext.<anonymous> (node_modules/zone.js/fesm2015/zone-testing.js:234:32)
Chrome Headless 150.0.0.0 (Windows 10): Executed 1269 of 1460[31m (97 FAILED)[39m (0 secs / 3.857 secs)
[1A[2KChrome Headless 150.0.0.0 (Windows 10): Executed 1270 of 1460[31m (97 FAILED)[39m (0 secs / 3.859 secs)
[1A[2KChrome Headless 150.0.0.0 (Windows 10): Executed 1271 of 1460[31m (97 FAILED)[39m (0 secs / 3.861 secs)
[1A[2KChrome Headless 150.0.0.0 (Windows 10): Executed 1272 of 1460[31m (97 FAILED)[39m (0 secs / 3.864 secs)
[1A[2KChrome Headless 150.0.0.0 (Windows 10): Executed 1273 of 1460[31m (97 FAILED)[39m (0 secs / 3.866 secs)
[1A[2KChrome Headless 150.0.0.0 (Windows 10): Executed 1274 of 1460[31m (97 FAILED)[39m (0 secs / 3.869 secs)
[1A[2KChrome Headless 150.0.0.0 (Windows 10): Executed 1275 of 1460[31m (97 FAILED)[39m (0 secs / 3.872 secs)
[1A[2KChrome Headless 150.0.0.0 (Windows 10): Executed 1276 of 1460[31m (97 FAILED)[39m (0 secs / 3.873 secs)
[1A[2KChrome Headless 150.0.0.0 (Windows 10): Executed 1277 of 1460[31m (97 FAILED)[39m (0 secs / 3.874 secs)
[1A[2KChrome Headless 150.0.0.0 (Windows 10): Executed 1278 of 1460[31m (97 FAILED)[39m (0 secs / 3.876 secs)
[1A[2KChrome Headless 150.0.0.0 (Windows 10): Executed 1279 of 1460[31m (97 FAILED)[39m (0 secs / 3.878 secs)
[1A[2KChrome Headless 150.0.0.0 (Windows 10): Executed 1280 of 1460[31m (97 FAILED)[39m (0 secs / 3.88 secs)
[1A[2KChrome Headless 150.0.0.0 (Windows 10): Executed 1281 of 1460[31m (97 FAILED)[39m (0 secs / 3.882 secs)
[1A[2KChrome Headless 150.0.0.0 (Windows 10): Executed 1282 of 1460[31m (97 FAILED)[39m (0 secs / 3.883 secs)
[1A[2KChrome Headless 150.0.0.0 (Windows 10): Executed 1283 of 1460[31m (97 FAILED)[39m (0 secs / 3.885 secs)
[1A[2KChrome Headless 150.0.0.0 (Windows 10): Executed 1284 of 1460[31m (97 FAILED)[39m (0 secs / 3.887 secs)
[1A[2KChrome Headless 150.0.0.0 (Windows 10): Executed 1285 of 1460[31m (97 FAILED)[39m (0 secs / 3.889 secs)
[1A[2K[31mChrome Headless 150.0.0.0 (Windows 10) BackofficeLayoutComponent toggleNavGroup and isNavGroupExpanded should start Sujets and ├ëquipes de recherche expanded FAILED[39m
	Expected false to be true.
	    at <Jasmine>
	    at UserContext.apply (src/app/backoffice/backoffice-layout/backoffice-layout.component.spec.ts:346:52)
	    at _ZoneDelegate.invoke (node_modules/zone.js/fesm2015/zone.js:398:28)
	    at ProxyZoneSpec.onInvoke (node_modules/zone.js/fesm2015/zone-testing.js:2132:39)
	    at _ZoneDelegate.invoke (node_modules/zone.js/fesm2015/zone.js:397:34)
	Expected false to be true.
	    at <Jasmine>
	    at UserContext.apply (src/app/backoffice/backoffice-layout/backoffice-layout.component.spec.ts:347:53)
	    at _ZoneDelegate.invoke (node_modules/zone.js/fesm2015/zone.js:398:28)
	    at ProxyZoneSpec.onInvoke (node_modules/zone.js/fesm2015/zone-testing.js:2132:39)
	    at _ZoneDelegate.invoke (node_modules/zone.js/fesm2015/zone.js:397:34)
Chrome Headless 150.0.0.0 (Windows 10): Executed 1286 of 1460[31m (98 FAILED)[39m (0 secs / 3.891 secs)
[1A[2KChrome Headless 150.0.0.0 (Windows 10): Executed 1287 of 1460[31m (98 FAILED)[39m (0 secs / 3.893 secs)
[1A[2KChrome Headless 150.0.0.0 (Windows 10): Executed 1288 of 1460[31m (98 FAILED)[39m (0 secs / 3.895 secs)
[1A[2KChrome Headless 150.0.0.0 (Windows 10): Executed 1289 of 1460[31m (98 FAILED)[39m (0 secs / 3.901 secs)
[1A[2KChrome Headless 150.0.0.0 (Windows 10): Executed 1290 of 1460[31m (98 FAILED)[39m (0 secs / 3.903 secs)
[1A[2K[31mChrome Headless 150.0.0.0 (Windows 10) BackofficeLayoutComponent isNavGroupActive should return false when no child matches and no baseRoute FAILED[39m
	Expected true to be false.
	    at <Jasmine>
	    at UserContext.apply (src/app/backoffice/backoffice-layout/backoffice-layout.component.spec.ts:256:48)
	    at _ZoneDelegate.invoke (node_modules/zone.js/fesm2015/zone.js:398:28)
	    at ProxyZoneSpec.onInvoke (node_modules/zone.js/fesm2015/zone-testing.js:2132:39)
	    at _ZoneDelegate.invoke (node_modules/zone.js/fesm2015/zone.js:397:34)
Chrome Headless 150.0.0.0 (Windows 10): Executed 1291 of 1460[31m (99 FAILED)[39m (0 secs / 3.905 secs)
[1A[2KChrome Headless 150.0.0.0 (Windows 10): Executed 1292 of 1460[31m (99 FAILED)[39m (0 secs / 3.907 secs)
[1A[2KChrome Headless 150.0.0.0 (Windows 10): Executed 1293 of 1460[31m (99 FAILED)[39m (0 secs / 3.909 secs)
[1A[2KChrome Headless 150.0.0.0 (Windows 10): Executed 1294 of 1460[31m (99 FAILED)[39m (0 secs / 3.911 secs)
[1A[2KChrome Headless 150.0.0.0 (Windows 10): Executed 1295 of 1460[31m (99 FAILED)[39m (0 secs / 3.913 secs)
[1A[2KChrome Headless 150.0.0.0 (Windows 10): Executed 1296 of 1460[31m (99 FAILED)[39m (0 secs / 3.915 secs)
[1A[2KChrome Headless 150.0.0.0 (Windows 10): Executed 1297 of 1460[31m (99 FAILED)[39m (0 secs / 3.917 secs)
[1A[2KChrome Headless 150.0.0.0 (Windows 10): Executed 1298 of 1460[31m (99 FAILED)[39m (0 secs / 3.919 secs)
[1A[2KChrome Headless 150.0.0.0 (Windows 10): Executed 1299 of 1460[31m (99 FAILED)[39m (0 secs / 3.921 secs)
[1A[2KChrome Headless 150.0.0.0 (Windows 10): Executed 1300 of 1460[31m (99 FAILED)[39m (0 secs / 3.923 secs)
[1A[2KChrome Headless 150.0.0.0 (Windows 10): Executed 1301 of 1460[31m (99 FAILED)[39m (0 secs / 3.925 secs)
[1A[2KChrome Headless 150.0.0.0 (Windows 10): Executed 1302 of 1460[31m (99 FAILED)[39m (0 secs / 3.927 secs)
[1A[2KChrome Headless 150.0.0.0 (Windows 10): Executed 1303 of 1460[31m (99 FAILED)[39m (0 secs / 3.93 secs)
[1A[2KChrome Headless 150.0.0.0 (Windows 10): Executed 1304 of 1460[31m (99 FAILED)[39m (0 secs / 3.932 secs)
[1A[2KChrome Headless 150.0.0.0 (Windows 10): Executed 1305 of 1460[31m (99 FAILED)[39m (0 secs / 3.933 secs)
[1A[2KChrome Headless 150.0.0.0 (Windows 10): Executed 1306 of 1460[31m (99 FAILED)[39m (0 secs / 3.934 secs)
[1A[2KChrome Headless 150.0.0.0 (Windows 10): Executed 1307 of 1460[31m (99 FAILED)[39m (0 secs / 3.935 secs)
[1A[2KChrome Headless 150.0.0.0 (Windows 10): Executed 1308 of 1460[31m (99 FAILED)[39m (0 secs / 3.936 secs)
[1A[2KChrome Headless 150.0.0.0 (Windows 10): Executed 1309 of 1460[31m (99 FAILED)[39m (0 secs / 3.938 secs)
[1A[2KChrome Headless 150.0.0.0 (Windows 10): Executed 1310 of 1460[31m (99 FAILED)[39m (0 secs / 3.94 secs)
[1A[2KChrome Headless 150.0.0.0 (Windows 10): Executed 1311 of 1460[31m (99 FAILED)[39m (0 secs / 3.941 secs)
[1A[2KChrome Headless 150.0.0.0 (Windows 10): Executed 1312 of 1460[31m (99 FAILED)[39m (0 secs / 3.942 secs)
[1A[2KChrome Headless 150.0.0.0 (Windows 10): Executed 1313 of 1460[31m (99 FAILED)[39m (0 secs / 3.958 secs)
[1A[2KChrome Headless 150.0.0.0 (Windows 10): Executed 1314 of 1460[31m (99 FAILED)[39m (0 secs / 3.961 secs)
[1A[2KChrome Headless 150.0.0.0 (Windows 10): Executed 1315 of 1460[31m (99 FAILED)[39m (0 secs / 3.965 secs)
[1A[2KChrome Headless 150.0.0.0 (Windows 10): Executed 1316 of 1460[31m (99 FAILED)[39m (0 secs / 3.968 secs)
[1A[2KChrome Headless 150.0.0.0 (Windows 10): Executed 1317 of 1460[31m (99 FAILED)[39m (0 secs / 3.971 secs)
[1A[2KChrome Headless 150.0.0.0 (Windows 10): Executed 1318 of 1460[31m (99 FAILED)[39m (0 secs / 3.974 secs)
[1A[2KChrome Headless 150.0.0.0 (Windows 10): Executed 1319 of 1460[31m (99 FAILED)[39m (0 secs / 3.978 secs)
[1A[2KChrome Headless 150.0.0.0 (Windows 10): Executed 1320 of 1460[31m (99 FAILED)[39m (0 secs / 3.981 secs)
[1A[2KChrome Headless 150.0.0.0 (Windows 10): Executed 1321 of 1460[31m (99 FAILED)[39m (0 secs / 3.984 secs)
[1A[2KChrome Headless 150.0.0.0 (Windows 10): Executed 1322 of 1460[31m (99 FAILED)[39m (0 secs / 3.987 secs)
[1A[2KChrome Headless 150.0.0.0 (Windows 10): Executed 1323 of 1460[31m (99 FAILED)[39m (0 secs / 3.991 secs)
[1A[2KChrome Headless 150.0.0.0 (Windows 10): Executed 1324 of 1460[31m (99 FAILED)[39m (0 secs / 3.994 secs)
[1A[2KChrome Headless 150.0.0.0 (Windows 10): Executed 1325 of 1460[31m (99 FAILED)[39m (0 secs / 3.998 secs)
[1A[2KChrome Headless 150.0.0.0 (Windows 10): Executed 1326 of 1460[31m (99 FAILED)[39m (0 secs / 4.001 secs)
[1A[2KChrome Headless 150.0.0.0 (Windows 10): Executed 1327 of 1460[31m (99 FAILED)[39m (0 secs / 4.004 secs)
[1A[2KChrome Headless 150.0.0.0 (Windows 10): Executed 1328 of 1460[31m (99 FAILED)[39m (0 secs / 4.007 secs)
[1A[2KChrome Headless 150.0.0.0 (Windows 10): Executed 1329 of 1460[31m (99 FAILED)[39m (0 secs / 4.01 secs)
[1A[2KChrome Headless 150.0.0.0 (Windows 10): Executed 1330 of 1460[31m (99 FAILED)[39m (0 secs / 4.012 secs)
[1A[2KChrome Headless 150.0.0.0 (Windows 10): Executed 1331 of 1460[31m (99 FAILED)[39m (0 secs / 4.014 secs)
[1A[2KChrome Headless 150.0.0.0 (Windows 10): Executed 1332 of 1460[31m (99 FAILED)[39m (0 secs / 4.016 secs)
[1A[2KChrome Headless 150.0.0.0 (Windows 10): Executed 1333 of 1460[31m (99 FAILED)[39m (0 secs / 4.017 secs)
[1A[2KChrome Headless 150.0.0.0 (Windows 10): Executed 1334 of 1460[31m (99 FAILED)[39m (0 secs / 4.017 secs)
[1A[2KChrome Headless 150.0.0.0 (Windows 10): Executed 1335 of 1460[31m (99 FAILED)[39m (0 secs / 4.017 secs)
[1A[2KChrome Headless 150.0.0.0 (Windows 10): Executed 1336 of 1460[31m (99 FAILED)[39m (0 secs / 4.017 secs)
[1A[2KChrome Headless 150.0.0.0 (Windows 10): Executed 1337 of 1460[31m (99 FAILED)[39m (0 secs / 4.017 secs)
[1A[2KChrome Headless 150.0.0.0 (Windows 10): Executed 1338 of 1460[31m (99 FAILED)[39m (0 secs / 4.019 secs)
[1A[2KChrome Headless 150.0.0.0 (Windows 10): Executed 1339 of 1460[31m (99 FAILED)[39m (0 secs / 4.025 secs)
[1A[2KChrome Headless 150.0.0.0 (Windows 10): Executed 1340 of 1460[31m (99 FAILED)[39m (0 secs / 4.027 secs)
[1A[2KChrome Headless 150.0.0.0 (Windows 10): Executed 1341 of 1460[31m (99 FAILED)[39m (0 secs / 4.028 secs)
[1A[2KChrome Headless 150.0.0.0 (Windows 10): Executed 1342 of 1460[31m (99 FAILED)[39m (0 secs / 4.03 secs)
[1A[2KChrome Headless 150.0.0.0 (Windows 10): Executed 1343 of 1460[31m (99 FAILED)[39m (0 secs / 4.032 secs)
[1A[2KChrome Headless 150.0.0.0 (Windows 10): Executed 1344 of 1460[31m (99 FAILED)[39m (0 secs / 4.033 secs)
[1A[2KChrome Headless 150.0.0.0 (Windows 10): Executed 1345 of 1460[31m (99 FAILED)[39m (0 secs / 4.035 secs)
[1A[2KChrome Headless 150.0.0.0 (Windows 10): Executed 1346 of 1460[31m (99 FAILED)[39m (0 secs / 4.036 secs)
[1A[2KChrome Headless 150.0.0.0 (Windows 10): Executed 1347 of 1460[31m (99 FAILED)[39m (0 secs / 4.038 secs)
[1A[2KChrome Headless 150.0.0.0 (Windows 10): Executed 1348 of 1460[31m (99 FAILED)[39m (0 secs / 4.039 secs)
[1A[2KChrome Headless 150.0.0.0 (Windows 10): Executed 1349 of 1460[31m (99 FAILED)[39m (0 secs / 4.04 secs)
[1A[2KWARN: [36m'Spec 'DeposerSujetModal focusEncadrantInput should do nothing when ref is undefined' has no expectations.'[39m
Chrome Headless 150.0.0.0 (Windows 10): Executed 1349 of 1460[31m (99 FAILED)[39m (0 secs / 4.04 secs)
WARN: 'Spec 'DeposerSujetModal focusEncadrantInput should do nothing when ref is undefined' has no expectations.'
[1A[2KChrome Headless 150.0.0.0 (Windows 10): Executed 1350 of 1460[31m (99 FAILED)[39m (0 secs / 4.041 secs)
[1A[2KChrome Headless 150.0.0.0 (Windows 10): Executed 1351 of 1460[31m (99 FAILED)[39m (0 secs / 4.043 secs)
[1A[2KChrome Headless 150.0.0.0 (Windows 10): Executed 1352 of 1460[31m (99 FAILED)[39m (0 secs / 4.044 secs)
[1A[2KChrome Headless 150.0.0.0 (Windows 10): Executed 1353 of 1460[31m (99 FAILED)[39m (0 secs / 4.045 secs)
[1A[2KChrome Headless 150.0.0.0 (Windows 10): Executed 1354 of 1460[31m (99 FAILED)[39m (0 secs / 4.046 secs)
[1A[2KChrome Headless 150.0.0.0 (Windows 10): Executed 1355 of 1460[31m (99 FAILED)[39m (0 secs / 4.047 secs)
[1A[2KChrome Headless 150.0.0.0 (Windows 10): Executed 1356 of 1460[31m (99 FAILED)[39m (0 secs / 4.048 secs)
[1A[2KChrome Headless 150.0.0.0 (Windows 10): Executed 1357 of 1460[31m (99 FAILED)[39m (0 secs / 4.049 secs)
[1A[2KChrome Headless 150.0.0.0 (Windows 10): Executed 1358 of 1460[31m (99 FAILED)[39m (0 secs / 4.05 secs)
[1A[2KChrome Headless 150.0.0.0 (Windows 10): Executed 1359 of 1460[31m (99 FAILED)[39m (0 secs / 4.052 secs)
[1A[2KChrome Headless 150.0.0.0 (Windows 10): Executed 1360 of 1460[31m (99 FAILED)[39m (0 secs / 4.054 secs)
[1A[2KChrome Headless 150.0.0.0 (Windows 10): Executed 1361 of 1460[31m (99 FAILED)[39m (0 secs / 4.056 secs)
[1A[2KChrome Headless 150.0.0.0 (Windows 10): Executed 1362 of 1460[31m (99 FAILED)[39m (0 secs / 4.058 secs)
[1A[2KChrome Headless 150.0.0.0 (Windows 10): Executed 1363 of 1460[31m (99 FAILED)[39m (0 secs / 4.059 secs)
[1A[2KChrome Headless 150.0.0.0 (Windows 10): Executed 1364 of 1460[31m (99 FAILED)[39m (0 secs / 4.06 secs)
[1A[2K[31mChrome Headless 150.0.0.0 (Windows 10) DeposerSujetModal ngOnChanges should populate form when opened with editSujet FAILED[39m
	Expected '' to be 'Sujet Test'.
	    at <Jasmine>
	    at UserContext.apply (src/app/frontoffice/components/sujets/deposer-sujet-modal/deposer-sujet-modal.spec.ts:822:51)
	    at _ZoneDelegate.invoke (node_modules/zone.js/fesm2015/zone.js:398:28)
	    at ProxyZoneSpec.onInvoke (node_modules/zone.js/fesm2015/zone-testing.js:2132:39)
	    at _ZoneDelegate.invoke (node_modules/zone.js/fesm2015/zone.js:397:34)
Chrome Headless 150.0.0.0 (Windows 10): Executed 1365 of 1460[31m (100 FAILED)[39m (0 secs / 4.062 secs)
[1A[2KChrome Headless 150.0.0.0 (Windows 10): Executed 1366 of 1460[31m (100 FAILED)[39m (0 secs / 4.063 secs)
[1A[2KWARN: [36m'Spec 'DeposerSujetModal ngOnChanges should search encadrants when opened in adminCreateMode' has no expectations.'[39m
Chrome Headless 150.0.0.0 (Windows 10): Executed 1366 of 1460[31m (100 FAILED)[39m (0 secs / 4.063 secs)
WARN: 'Spec 'DeposerSujetModal ngOnChanges should search encadrants when opened in adminCreateMode' has no expectations.'
[1A[2KChrome Headless 150.0.0.0 (Windows 10): Executed 1367 of 1460[31m (100 FAILED)[39m (0 secs / 4.065 secs)
[1A[2KChrome Headless 150.0.0.0 (Windows 10): Executed 1368 of 1460[31m (100 FAILED)[39m (0 secs / 4.067 secs)
[1A[2KChrome Headless 150.0.0.0 (Windows 10): Executed 1369 of 1460[31m (100 FAILED)[39m (0 secs / 4.068 secs)
[1A[2KChrome Headless 150.0.0.0 (Windows 10): Executed 1370 of 1460[31m (100 FAILED)[39m (0 secs / 4.069 secs)
[1A[2KChrome Headless 150.0.0.0 (Windows 10): Executed 1371 of 1460[31m (100 FAILED)[39m (0 secs / 4.07 secs)
[1A[2KChrome Headless 150.0.0.0 (Windows 10): Executed 1372 of 1460[31m (100 FAILED)[39m (0 secs / 4.071 secs)
[1A[2KChrome Headless 150.0.0.0 (Windows 10): Executed 1373 of 1460[31m (100 FAILED)[39m (0 secs / 4.072 secs)
[1A[2KChrome Headless 150.0.0.0 (Windows 10): Executed 1374 of 1460[31m (100 FAILED)[39m (0 secs / 4.073 secs)
[1A[2KChrome Headless 150.0.0.0 (Windows 10): Executed 1375 of 1460[31m (100 FAILED)[39m (0 secs / 4.074 secs)
[1A[2KChrome Headless 150.0.0.0 (Windows 10): Executed 1376 of 1460[31m (100 FAILED)[39m (0 secs / 4.075 secs)
[1A[2KChrome Headless 150.0.0.0 (Windows 10): Executed 1377 of 1460[31m (100 FAILED)[39m (0 secs / 4.077 secs)
[1A[2KChrome Headless 150.0.0.0 (Windows 10): Executed 1378 of 1460[31m (100 FAILED)[39m (0 secs / 4.078 secs)
[1A[2KChrome Headless 150.0.0.0 (Windows 10): Executed 1379 of 1460[31m (100 FAILED)[39m (0 secs / 4.08 secs)
[1A[2KChrome Headless 150.0.0.0 (Windows 10): Executed 1380 of 1460[31m (100 FAILED)[39m (0 secs / 4.081 secs)
[1A[2KChrome Headless 150.0.0.0 (Windows 10): Executed 1381 of 1460[31m (100 FAILED)[39m (0 secs / 4.083 secs)
[1A[2KChrome Headless 150.0.0.0 (Windows 10): Executed 1382 of 1460[31m (100 FAILED)[39m (0 secs / 4.084 secs)
[1A[2KChrome Headless 150.0.0.0 (Windows 10): Executed 1383 of 1460[31m (100 FAILED)[39m (0 secs / 4.086 secs)
[1A[2KChrome Headless 150.0.0.0 (Windows 10): Executed 1384 of 1460[31m (100 FAILED)[39m (0 secs / 4.087 secs)
[1A[2KChrome Headless 150.0.0.0 (Windows 10): Executed 1385 of 1460[31m (100 FAILED)[39m (0 secs / 4.088 secs)
[1A[2KChrome Headless 150.0.0.0 (Windows 10): Executed 1386 of 1460[31m (100 FAILED)[39m (0 secs / 4.09 secs)
[1A[2KChrome Headless 150.0.0.0 (Windows 10): Executed 1387 of 1460[31m (100 FAILED)[39m (0 secs / 4.091 secs)
[1A[2KChrome Headless 150.0.0.0 (Windows 10): Executed 1388 of 1460[31m (100 FAILED)[39m (0 secs / 4.093 secs)
[1A[2KChrome Headless 150.0.0.0 (Windows 10): Executed 1389 of 1460[31m (100 FAILED)[39m (0 secs / 4.094 secs)
[1A[2KChrome Headless 150.0.0.0 (Windows 10): Executed 1390 of 1460[31m (100 FAILED)[39m (0 secs / 4.095 secs)
[1A[2KChrome Headless 150.0.0.0 (Windows 10): Executed 1391 of 1460[31m (100 FAILED)[39m (0 secs / 4.097 secs)
[1A[2KChrome Headless 150.0.0.0 (Windows 10): Executed 1392 of 1460[31m (100 FAILED)[39m (0 secs / 4.099 secs)
[1A[2KChrome Headless 150.0.0.0 (Windows 10): Executed 1393 of 1460[31m (100 FAILED)[39m (0 secs / 4.1 secs)
[1A[2KChrome Headless 150.0.0.0 (Windows 10): Executed 1394 of 1460[31m (100 FAILED)[39m (0 secs / 4.101 secs)
[1A[2KChrome Headless 150.0.0.0 (Windows 10): Executed 1395 of 1460[31m (100 FAILED)[39m (0 secs / 4.103 secs)
[1A[2KChrome Headless 150.0.0.0 (Windows 10): Executed 1396 of 1460[31m (100 FAILED)[39m (0 secs / 4.104 secs)
[1A[2KChrome Headless 150.0.0.0 (Windows 10): Executed 1397 of 1460[31m (100 FAILED)[39m (0 secs / 4.106 secs)
[1A[2KChrome Headless 150.0.0.0 (Windows 10): Executed 1398 of 1460[31m (100 FAILED)[39m (0 secs / 4.107 secs)
[1A[2KChrome Headless 150.0.0.0 (Windows 10): Executed 1399 of 1460[31m (100 FAILED)[39m (0 secs / 4.108 secs)
[1A[2KChrome Headless 150.0.0.0 (Windows 10): Executed 1400 of 1460[31m (100 FAILED)[39m (0 secs / 4.11 secs)
[1A[2KChrome Headless 150.0.0.0 (Windows 10): Executed 1401 of 1460[31m (100 FAILED)[39m (0 secs / 4.112 secs)
[1A[2KChrome Headless 150.0.0.0 (Windows 10): Executed 1402 of 1460[31m (100 FAILED)[39m (0 secs / 4.113 secs)
[1A[2KChrome Headless 150.0.0.0 (Windows 10): Executed 1403 of 1460[31m (100 FAILED)[39m (0 secs / 4.114 secs)
[1A[2KChrome Headless 150.0.0.0 (Windows 10): Executed 1404 of 1460[31m (100 FAILED)[39m (0 secs / 4.115 secs)
[1A[2KChrome Headless 150.0.0.0 (Windows 10): Executed 1405 of 1460[31m (100 FAILED)[39m (0 secs / 4.116 secs)
[1A[2KChrome Headless 150.0.0.0 (Windows 10): Executed 1406 of 1460[31m (100 FAILED)[39m (0 secs / 4.117 secs)
[1A[2KChrome Headless 150.0.0.0 (Windows 10): Executed 1407 of 1460[31m (100 FAILED)[39m (0 secs / 4.118 secs)
[1A[2KChrome Headless 150.0.0.0 (Windows 10): Executed 1408 of 1460[31m (100 FAILED)[39m (0 secs / 4.12 secs)
[1A[2KChrome Headless 150.0.0.0 (Windows 10): Executed 1409 of 1460[31m (100 FAILED)[39m (0 secs / 4.122 secs)
[1A[2KChrome Headless 150.0.0.0 (Windows 10): Executed 1410 of 1460[31m (100 FAILED)[39m (0 secs / 4.124 secs)
[1A[2KChrome Headless 150.0.0.0 (Windows 10): Executed 1411 of 1460[31m (100 FAILED)[39m (0 secs / 4.125 secs)
[1A[2KChrome Headless 150.0.0.0 (Windows 10): Executed 1412 of 1460[31m (100 FAILED)[39m (0 secs / 4.126 secs)
[1A[2KChrome Headless 150.0.0.0 (Windows 10): Executed 1413 of 1460[31m (100 FAILED)[39m (0 secs / 4.127 secs)
[1A[2KChrome Headless 150.0.0.0 (Windows 10): Executed 1414 of 1460[31m (100 FAILED)[39m (0 secs / 4.128 secs)
[1A[2KChrome Headless 150.0.0.0 (Windows 10): Executed 1415 of 1460[31m (100 FAILED)[39m (0 secs / 4.138 secs)
[1A[2KChrome Headless 150.0.0.0 (Windows 10): Executed 1416 of 1460[31m (100 FAILED)[39m (0 secs / 4.14 secs)
[1A[2KChrome Headless 150.0.0.0 (Windows 10): Executed 1417 of 1460[31m (100 FAILED)[39m (0 secs / 4.141 secs)
[1A[2KChrome Headless 150.0.0.0 (Windows 10): Executed 1418 of 1460[31m (100 FAILED)[39m (0 secs / 4.142 secs)
[1A[2KChrome Headless 150.0.0.0 (Windows 10): Executed 1419 of 1460[31m (100 FAILED)[39m (0 secs / 4.143 secs)
[1A[2KChrome Headless 150.0.0.0 (Windows 10): Executed 1420 of 1460[31m (100 FAILED)[39m (0 secs / 4.144 secs)
[1A[2KChrome Headless 150.0.0.0 (Windows 10): Executed 1421 of 1460[31m (100 FAILED)[39m (0 secs / 4.146 secs)
[1A[2KChrome Headless 150.0.0.0 (Windows 10): Executed 1422 of 1460[31m (100 FAILED)[39m (0 secs / 4.147 secs)
[1A[2KChrome Headless 150.0.0.0 (Windows 10): Executed 1423 of 1460[31m (100 FAILED)[39m (0 secs / 4.148 secs)
[1A[2KChrome Headless 150.0.0.0 (Windows 10): Executed 1424 of 1460[31m (100 FAILED)[39m (0 secs / 4.149 secs)
[1A[2KChrome Headless 150.0.0.0 (Windows 10): Executed 1425 of 1460[31m (100 FAILED)[39m (0 secs / 4.151 secs)
[1A[2KChrome Headless 150.0.0.0 (Windows 10): Executed 1426 of 1460[31m (100 FAILED)[39m (0 secs / 4.152 secs)
[1A[2KChrome Headless 150.0.0.0 (Windows 10): Executed 1427 of 1460[31m (100 FAILED)[39m (0 secs / 4.153 secs)
[1A[2KChrome Headless 150.0.0.0 (Windows 10): Executed 1428 of 1460[31m (100 FAILED)[39m (0 secs / 4.154 secs)
[1A[2KChrome Headless 150.0.0.0 (Windows 10): Executed 1429 of 1460[31m (100 FAILED)[39m (0 secs / 4.155 secs)
[1A[2KChrome Headless 150.0.0.0 (Windows 10): Executed 1430 of 1460[31m (100 FAILED)[39m (0 secs / 4.156 secs)
[1A[2KChrome Headless 150.0.0.0 (Windows 10): Executed 1431 of 1460[31m (100 FAILED)[39m (0 secs / 4.157 secs)
[1A[2KChrome Headless 150.0.0.0 (Windows 10): Executed 1432 of 1460[31m (100 FAILED)[39m (0 secs / 4.159 secs)
[1A[2KChrome Headless 150.0.0.0 (Windows 10): Executed 1433 of 1460[31m (100 FAILED)[39m (0 secs / 4.16 secs)
[1A[2KChrome Headless 150.0.0.0 (Windows 10): Executed 1434 of 1460[31m (100 FAILED)[39m (0 secs / 4.162 secs)
[1A[2KChrome Headless 150.0.0.0 (Windows 10): Executed 1435 of 1460[31m (100 FAILED)[39m (0 secs / 4.163 secs)
[1A[2KChrome Headless 150.0.0.0 (Windows 10): Executed 1436 of 1460[31m (100 FAILED)[39m (0 secs / 4.164 secs)
[1A[2KChrome Headless 150.0.0.0 (Windows 10): Executed 1437 of 1460[31m (100 FAILED)[39m (0 secs / 4.165 secs)
[1A[2KChrome Headless 150.0.0.0 (Windows 10): Executed 1438 of 1460[31m (100 FAILED)[39m (0 secs / 4.166 secs)
[1A[2KChrome Headless 150.0.0.0 (Windows 10): Executed 1439 of 1460[31m (100 FAILED)[39m (0 secs / 4.166 secs)
[1A[2KChrome Headless 150.0.0.0 (Windows 10): Executed 1440 of 1460[31m (100 FAILED)[39m (0 secs / 4.166 secs)
[1A[2KChrome Headless 150.0.0.0 (Windows 10): Executed 1441 of 1460[31m (100 FAILED)[39m (0 secs / 4.168 secs)
[1A[2KChrome Headless 150.0.0.0 (Windows 10): Executed 1442 of 1460[31m (100 FAILED)[39m (0 secs / 4.17 secs)
[1A[2KChrome Headless 150.0.0.0 (Windows 10): Executed 1443 of 1460[31m (100 FAILED)[39m (0 secs / 4.171 secs)
[1A[2KChrome Headless 150.0.0.0 (Windows 10): Executed 1444 of 1460[31m (100 FAILED)[39m (0 secs / 4.172 secs)
[1A[2KChrome Headless 150.0.0.0 (Windows 10): Executed 1445 of 1460[31m (100 FAILED)[39m (0 secs / 4.173 secs)
[1A[2KChrome Headless 150.0.0.0 (Windows 10): Executed 1446 of 1460[31m (100 FAILED)[39m (0 secs / 4.174 secs)
[1A[2KChrome Headless 150.0.0.0 (Windows 10): Executed 1447 of 1460[31m (100 FAILED)[39m (0 secs / 4.175 secs)
[1A[2KChrome Headless 150.0.0.0 (Windows 10): Executed 1448 of 1460[31m (100 FAILED)[39m (0 secs / 4.176 secs)
[1A[2KChrome Headless 150.0.0.0 (Windows 10): Executed 1449 of 1460[31m (100 FAILED)[39m (0 secs / 4.177 secs)
[1A[2KChrome Headless 150.0.0.0 (Windows 10): Executed 1450 of 1460[31m (100 FAILED)[39m (0 secs / 4.178 secs)
[1A[2KChrome Headless 150.0.0.0 (Windows 10): Executed 1451 of 1460[31m (100 FAILED)[39m (0 secs / 4.179 secs)
[1A[2KChrome Headless 150.0.0.0 (Windows 10): Executed 1452 of 1460[31m (100 FAILED)[39m (0 secs / 4.18 secs)
[1A[2KChrome Headless 150.0.0.0 (Windows 10): Executed 1453 of 1460[31m (100 FAILED)[39m (0 secs / 4.181 secs)
[1A[2KChrome Headless 150.0.0.0 (Windows 10): Executed 1454 of 1460[31m (100 FAILED)[39m (0 secs / 4.182 secs)
[1A[2KChrome Headless 150.0.0.0 (Windows 10): Executed 1455 of 1460[31m (100 FAILED)[39m (0 secs / 4.183 secs)
[1A[2KChrome Headless 150.0.0.0 (Windows 10): Executed 1456 of 1460[31m (100 FAILED)[39m (0 secs / 4.197 secs)
[1A[2KChrome Headless 150.0.0.0 (Windows 10): Executed 1457 of 1460[31m (100 FAILED)[39m (0 secs / 4.202 secs)
[1A[2KChrome Headless 150.0.0.0 (Windows 10): Executed 1458 of 1460[31m (100 FAILED)[39m (0 secs / 4.206 secs)
[1A[2KChrome Headless 150.0.0.0 (Windows 10): Executed 1459 of 1460[31m (100 FAILED)[39m (0 secs / 4.21 secs)
[1A[2KChrome Headless 150.0.0.0 (Windows 10): Executed 1460 of 1460[31m (100 FAILED)[39m (0 secs / 4.213 secs)
[1A[2KChrome Headless 150.0.0.0 (Windows 10): Executed 1460 of 1460[31m (100 FAILED)[39m (5.269 secs / 4.213 secs)
[31mTOTAL: 100 FAILED, 1360 SUCCESS[39m

=============================== Coverage summary ===============================
Statements   : 68.2% ( 5529/8106 )
Branches     : 53.81% ( 1849/3436 )
Functions    : 67.56% ( 1683/2491 )
Lines        : 68.78% ( 5054/7348 )
================================================================================
